  Determining projects to restore...
/Users/admin/Projects/GerberTools/GerberLibrary.Core/GerberLibrary.Core.csproj : warning NU1902: Package 'SixLabors.ImageSharp' 3.1.7 has a known moderate severity vulnerability, https://github.com/advisories/GHSA-rxmq-m78w-7wmc
  All projects are up-to-date for restore.
/Users/admin/Projects/GerberTools/GerberLibrary.Core/GerberLibrary.Core.csproj : warning NU1902: Package 'SixLabors.ImageSharp' 3.1.7 has a known moderate severity vulnerability, https://github.com/advisories/GHSA-rxmq-m78w-7wmc
/Users/admin/Projects/GerberTools/GerberLibrary.Core/Core/Gerber.cs(19,7): warning CS0105: The using directive for 'System.Globalization' appeared previously in this namespace [/Users/admin/Projects/GerberTools/GerberLibrary.Core/GerberLibrary.Core.csproj]
/Users/admin/Projects/GerberTools/GerberLibrary.Core/Core/Gerber.cs(22,7): warning CS0105: The using directive for 'System.Text' appeared previously in this namespace [/Users/admin/Projects/GerberTools/GerberLibrary.Core/GerberLibrary.Core.csproj]
/Users/admin/Projects/GerberTools/GerberLibrary.Core/Core/Gerber.cs(23,7): warning CS0105: The using directive for 'System.Text.RegularExpressions' appeared previously in this namespace [/Users/admin/Projects/GerberTools/GerberLibrary.Core/GerberLibrary.Core.csproj]
/Users/admin/Projects/GerberTools/GerberLibrary.Core/Core/Gerber.cs(24,7): warning CS0105: The using directive for 'GerberLibrary.Core' appeared previously in this namespace [/Users/admin/Projects/GerberTools/GerberLibrary.Core/GerberLibrary.Core.csproj]
/Users/admin/Projects/GerberTools/GerberLibrary.Core/Core/Gerber.cs(25,7): warning CS0105: The using directive for 'ICSharpCode.SharpZipLib.Zip' appeared previously in this namespace [/Users/admin/Projects/GerberTools/GerberLibrary.Core/GerberLibrary.Core.csproj]
/Users/admin/Projects/GerberTools/GerberLibrary.Core/Core/GerberPanel.cs(91,57): warning CS8625: Cannot convert null literal to non-nullable reference type. [/Users/admin/Projects/GerberTools/GerberLibrary.Core/GerberLibrary.Core.csproj]
/Users/admin/Projects/GerberTools/GerberLibrary.Core/Core/Gerber.cs(1224,15): warning CS8981: The type name 'boardset' only contains lower-cased ascii characters. Such names may become reserved for the language. [/Users/admin/Projects/GerberTools/GerberLibrary.Core/GerberLibrary.Core.csproj]
/Users/admin/Projects/GerberTools/GerberLibrary.Core/Artwork Related/GerberOutlineWriter.cs(128,107): warning CS8625: Cannot convert null literal to non-nullable reference type. [/Users/admin/Projects/GerberTools/GerberLibrary.Core/GerberLibrary.Core.csproj]
/Users/admin/Projects/GerberTools/GerberLibrary.Core/Artwork Related/SVGWriter.cs(289,21): warning CS0114: 'SVGGraphicsInterface.DrawLine(Pen, float, float, float, float)' hides inherited member 'GraphicsInterface.DrawLine(Pen, float, float, float, float)'. To make the current member override that implementation, add the override keyword. Otherwise add the new keyword. [/Users/admin/Projects/GerberTools/GerberLibrary.Core/GerberLibrary.Core.csproj]
/Users/admin/Projects/GerberTools/GerberLibrary.Core/Core/GerberPanel.cs(304,75): warning CS8625: Cannot convert null literal to non-nullable reference type. [/Users/admin/Projects/GerberTools/GerberLibrary.Core/GerberLibrary.Core.csproj]
/Users/admin/Projects/GerberTools/GerberLibrary.Core/Core/GerberPanel.cs(304,104): warning CS8625: Cannot convert null literal to non-nullable reference type. [/Users/admin/Projects/GerberTools/GerberLibrary.Core/GerberLibrary.Core.csproj]
/Users/admin/Projects/GerberTools/GerberLibrary.Core/Core/GerberPanel.cs(826,73): warning CS8625: Cannot convert null literal to non-nullable reference type. [/Users/admin/Projects/GerberTools/GerberLibrary.Core/GerberLibrary.Core.csproj]
/Users/admin/Projects/GerberTools/GerberLibrary.Core/Core/GerberPanel.cs(826,153): warning CS8625: Cannot convert null literal to non-nullable reference type. [/Users/admin/Projects/GerberTools/GerberLibrary.Core/GerberLibrary.Core.csproj]
/Users/admin/Projects/GerberTools/GerberLibrary.Core/Core/GerberPanel.cs(826,187): warning CS8625: Cannot convert null literal to non-nullable reference type. [/Users/admin/Projects/GerberTools/GerberLibrary.Core/GerberLibrary.Core.csproj]
/Users/admin/Projects/GerberTools/GerberLibrary.Core/External/clipper.cs(209,30): warning CS8765: Nullability of type of parameter 'obj' doesn't match overridden member (possibly because of nullability attributes). [/Users/admin/Projects/GerberTools/GerberLibrary.Core/GerberLibrary.Core.csproj]
/Users/admin/Projects/GerberTools/GerberLibrary.Core/Artwork Related/GerberArtWriter.cs(1114,121): warning CS8625: Cannot convert null literal to non-nullable reference type. [/Users/admin/Projects/GerberTools/GerberLibrary.Core/GerberLibrary.Core.csproj]
/Users/admin/Projects/GerberTools/GerberLibrary.Core/Artwork Related/GerberOutlineWriter.cs(592,116): warning CS8625: Cannot convert null literal to non-nullable reference type. [/Users/admin/Projects/GerberTools/GerberLibrary.Core/GerberLibrary.Core.csproj]
/Users/admin/Projects/GerberTools/GerberLibrary.Core/Artwork Related/GerberArtWriter.cs(2271,50): warning CS8625: Cannot convert null literal to non-nullable reference type. [/Users/admin/Projects/GerberTools/GerberLibrary.Core/GerberLibrary.Core.csproj]
/Users/admin/Projects/GerberTools/GerberLibrary.Core/Core/ImageCreator.cs(480,78): warning CS8625: Cannot convert null literal to non-nullable reference type. [/Users/admin/Projects/GerberTools/GerberLibrary.Core/GerberLibrary.Core.csproj]
/Users/admin/Projects/GerberTools/GerberLibrary.Core/Core/ImageCreator.cs(527,145): warning CS8625: Cannot convert null literal to non-nullable reference type. [/Users/admin/Projects/GerberTools/GerberLibrary.Core/GerberLibrary.Core.csproj]
/Users/admin/Projects/GerberTools/GerberLibrary.Core/Core/ImageCreator.cs(545,141): warning CS8625: Cannot convert null literal to non-nullable reference type. [/Users/admin/Projects/GerberTools/GerberLibrary.Core/GerberLibrary.Core.csproj]
/Users/admin/Projects/GerberTools/GerberLibrary.Core/Core/ImageCreator.cs(585,164): warning CS8625: Cannot convert null literal to non-nullable reference type. [/Users/admin/Projects/GerberTools/GerberLibrary.Core/GerberLibrary.Core.csproj]
/Users/admin/Projects/GerberTools/GerberLibrary.Core/Core/ImageCreator.cs(934,119): warning CS8625: Cannot convert null literal to non-nullable reference type. [/Users/admin/Projects/GerberTools/GerberLibrary.Core/GerberLibrary.Core.csproj]
/Users/admin/Projects/GerberTools/GerberLibrary.Core/Core/ImageCreator.cs(934,146): warning CS8625: Cannot convert null literal to non-nullable reference type. [/Users/admin/Projects/GerberTools/GerberLibrary.Core/GerberLibrary.Core.csproj]
/Users/admin/Projects/GerberTools/GerberLibrary.Core/Core/ImageCreator.cs(1259,116): warning CS8625: Cannot convert null literal to non-nullable reference type. [/Users/admin/Projects/GerberTools/GerberLibrary.Core/GerberLibrary.Core.csproj]
/Users/admin/Projects/GerberTools/GerberLibrary.Core/Core/ImageCreator.cs(1259,143): warning CS8625: Cannot convert null literal to non-nullable reference type. [/Users/admin/Projects/GerberTools/GerberLibrary.Core/GerberLibrary.Core.csproj]
/Users/admin/Projects/GerberTools/GerberLibrary.Core/Core/ImageCreator.cs(1431,158): warning CS8625: Cannot convert null literal to non-nullable reference type. [/Users/admin/Projects/GerberTools/GerberLibrary.Core/GerberLibrary.Core.csproj]
/Users/admin/Projects/GerberTools/GerberLibrary.Core/Core/PolyLineSet.cs(376,171): warning CS8625: Cannot convert null literal to non-nullable reference type. [/Users/admin/Projects/GerberTools/GerberLibrary.Core/GerberLibrary.Core.csproj]
/Users/admin/Projects/GerberTools/GerberLibrary.Core/Core/PolyLineSet.cs(388,204): warning CS8625: Cannot convert null literal to non-nullable reference type. [/Users/admin/Projects/GerberTools/GerberLibrary.Core/GerberLibrary.Core.csproj]
/Users/admin/Projects/GerberTools/GerberLibrary.Core/Core/PolyLineSet.cs(397,165): warning CS8625: Cannot convert null literal to non-nullable reference type. [/Users/admin/Projects/GerberTools/GerberLibrary.Core/GerberLibrary.Core.csproj]
/Users/admin/Projects/GerberTools/GerberLibrary.Core/Core/SickOfBeige.cs(40,102): warning CS8625: Cannot convert null literal to non-nullable reference type. [/Users/admin/Projects/GerberTools/GerberLibrary.Core/GerberLibrary.Core.csproj]
/Users/admin/Projects/GerberTools/GerberLibrary.Core/Core/BillOfMaterials.cs(493,222): warning CS8625: Cannot convert null literal to non-nullable reference type. [/Users/admin/Projects/GerberTools/GerberLibrary.Core/GerberLibrary.Core.csproj]
/Users/admin/Projects/GerberTools/GerberLibrary.Core/EagleThings/LibraryLoader.cs(120,25): warning CS8767: Nullability of reference types in type of parameter 'other' of 'bool NetSpec.Equals(NetSpec other)' doesn't match implicitly implemented member 'bool IEquatable<NetSpec>.Equals(NetSpec? other)' (possibly because of nullability attributes). [/Users/admin/Projects/GerberTools/GerberLibrary.Core/GerberLibrary.Core.csproj]
/Users/admin/Projects/GerberTools/GerberLibrary.Core/EagleThings/LibraryLoader.cs(182,25): warning CS8767: Nullability of reference types in type of parameter 'other' of 'bool LayerSpec.Equals(LayerSpec other)' doesn't match implicitly implemented member 'bool IEquatable<LayerSpec>.Equals(LayerSpec? other)' (possibly because of nullability attributes). [/Users/admin/Projects/GerberTools/GerberLibrary.Core/GerberLibrary.Core.csproj]
/Users/admin/Projects/GerberTools/GerberLibrary.Core/Core/Primitives/PointD.cs(124,30): warning CS8765: Nullability of type of parameter 'B' doesn't match overridden member (possibly because of nullability attributes). [/Users/admin/Projects/GerberTools/GerberLibrary.Core/GerberLibrary.Core.csproj]
/Users/admin/Projects/GerberTools/GerberLibrary.Core/Core/Primitives/PointD.cs(15,18): warning CS0659: 'PointD' overrides Object.Equals(object o) but does not override Object.GetHashCode() [/Users/admin/Projects/GerberTools/GerberLibrary.Core/GerberLibrary.Core.csproj]
/Users/admin/Projects/GerberTools/GerberLibrary.Core/Core/Primitives/PointD.cs(15,18): warning CS0661: 'PointD' defines operator == or operator != but does not override Object.GetHashCode() [/Users/admin/Projects/GerberTools/GerberLibrary.Core/GerberLibrary.Core.csproj]
/Users/admin/Projects/GerberTools/GerberLibrary.Core/EagleThings/eagle.cs(24,30): warning CS8981: The type name 'eagle' only contains lower-cased ascii characters. Such names may become reserved for the language. [/Users/admin/Projects/GerberTools/GerberLibrary.Core/GerberLibrary.Core.csproj]
/Users/admin/Projects/GerberTools/GerberLibrary.Core/EagleThings/eagle.cs(48,30): warning CS8981: The type name 'compatibility' only contains lower-cased ascii characters. Such names may become reserved for the language. [/Users/admin/Projects/GerberTools/GerberLibrary.Core/GerberLibrary.Core.csproj]
/Users/admin/Projects/GerberTools/GerberLibrary.Core/EagleThings/eagle.cs(60,30): warning CS8981: The type name 'note' only contains lower-cased ascii characters. Such names may become reserved for the language. [/Users/admin/Projects/GerberTools/GerberLibrary.Core/GerberLibrary.Core.csproj]
/Users/admin/Projects/GerberTools/GerberLibrary.Core/EagleThings/eagle.cs(93,30): warning CS8981: The type name 'drawing' only contains lower-cased ascii characters. Such names may become reserved for the language. [/Users/admin/Projects/GerberTools/GerberLibrary.Core/GerberLibrary.Core.csproj]
/Users/admin/Projects/GerberTools/GerberLibrary.Core/EagleThings/eagle.cs(118,30): warning CS8981: The type name 'settings' only contains lower-cased ascii characters. Such names may become reserved for the language. [/Users/admin/Projects/GerberTools/GerberLibrary.Core/GerberLibrary.Core.csproj]
/Users/admin/Projects/GerberTools/GerberLibrary.Core/EagleThings/eagle.cs(127,30): warning CS8981: The type name 'setting' only contains lower-cased ascii characters. Such names may become reserved for the language. [/Users/admin/Projects/GerberTools/GerberLibrary.Core/GerberLibrary.Core.csproj]
/Users/admin/Projects/GerberTools/GerberLibrary.Core/EagleThings/eagle.cs(180,30): warning CS8981: The type name 'grid' only contains lower-cased ascii characters. Such names may become reserved for the language. [/Users/admin/Projects/GerberTools/GerberLibrary.Core/GerberLibrary.Core.csproj]
/Users/admin/Projects/GerberTools/GerberLibrary.Core/EagleThings/eagle.cs(358,30): warning CS8981: The type name 'layers' only contains lower-cased ascii characters. Such names may become reserved for the language. [/Users/admin/Projects/GerberTools/GerberLibrary.Core/GerberLibrary.Core.csproj]
/Users/admin/Projects/GerberTools/GerberLibrary.Core/EagleThings/eagle.cs(373,30): warning CS8981: The type name 'layer' only contains lower-cased ascii characters. Such names may become reserved for the language. [/Users/admin/Projects/GerberTools/GerberLibrary.Core/GerberLibrary.Core.csproj]
/Users/admin/Projects/GerberTools/GerberLibrary.Core/EagleThings/eagle.cs(437,30): warning CS8981: The type name 'board' only contains lower-cased ascii characters. Such names may become reserved for the language. [/Users/admin/Projects/GerberTools/GerberLibrary.Core/GerberLibrary.Core.csproj]
/Users/admin/Projects/GerberTools/GerberLibrary.Core/EagleThings/eagle.cs(714,30): warning CS8981: The type name 'frame' only contains lower-cased ascii characters. Such names may become reserved for the language. [/Users/admin/Projects/GerberTools/GerberLibrary.Core/GerberLibrary.Core.csproj]
/Users/admin/Projects/GerberTools/GerberLibrary.Core/EagleThings/eagle.cs(499,30): warning CS8981: The type name 'description' only contains lower-cased ascii characters. Such names may become reserved for the language. [/Users/admin/Projects/GerberTools/GerberLibrary.Core/GerberLibrary.Core.csproj]
/Users/admin/Projects/GerberTools/GerberLibrary.Core/EagleThings/eagle.cs(524,30): warning CS8981: The type name 'circle' only contains lower-cased ascii characters. Such names may become reserved for the language. [/Users/admin/Projects/GerberTools/GerberLibrary.Core/GerberLibrary.Core.csproj]
/Users/admin/Projects/GerberTools/GerberLibrary.Core/EagleThings/eagle.cs(555,30): warning CS8981: The type name 'dimension' only contains lower-cased ascii characters. Such names may become reserved for the language. [/Users/admin/Projects/GerberTools/GerberLibrary.Core/GerberLibrary.Core.csproj]
/Users/admin/Projects/GerberTools/GerberLibrary.Core/EagleThings/eagle.cs(837,30): warning CS8981: The type name 'hole' only contains lower-cased ascii characters. Such names may become reserved for the language. [/Users/admin/Projects/GerberTools/GerberLibrary.Core/GerberLibrary.Core.csproj]
/Users/admin/Projects/GerberTools/GerberLibrary.Core/EagleThings/eagle.cs(860,30): warning CS8981: The type name 'polygon' only contains lower-cased ascii characters. Such names may become reserved for the language. [/Users/admin/Projects/GerberTools/GerberLibrary.Core/GerberLibrary.Core.csproj]
/Users/admin/Projects/GerberTools/GerberLibrary.Core/EagleThings/eagle.cs(1034,30): warning CS8981: The type name 'text' only contains lower-cased ascii characters. Such names may become reserved for the language. [/Users/admin/Projects/GerberTools/GerberLibrary.Core/GerberLibrary.Core.csproj]
/Users/admin/Projects/GerberTools/GerberLibrary.Core/EagleThings/eagle.cs(919,30): warning CS8981: The type name 'vertex' only contains lower-cased ascii characters. Such names may become reserved for the language. [/Users/admin/Projects/GerberTools/GerberLibrary.Core/GerberLibrary.Core.csproj]
/Users/admin/Projects/GerberTools/GerberLibrary.Core/EagleThings/eagle.cs(993,30): warning CS8981: The type name 'rectangle' only contains lower-cased ascii characters. Such names may become reserved for the language. [/Users/admin/Projects/GerberTools/GerberLibrary.Core/GerberLibrary.Core.csproj]
/Users/admin/Projects/GerberTools/GerberLibrary.Core/EagleThings/eagle.cs(1254,30): warning CS8981: The type name 'libraries' only contains lower-cased ascii characters. Such names may become reserved for the language. [/Users/admin/Projects/GerberTools/GerberLibrary.Core/GerberLibrary.Core.csproj]
/Users/admin/Projects/GerberTools/GerberLibrary.Core/EagleThings/eagle.cs(1263,30): warning CS8981: The type name 'library' only contains lower-cased ascii characters. Such names may become reserved for the language. [/Users/admin/Projects/GerberTools/GerberLibrary.Core/GerberLibrary.Core.csproj]
/Users/admin/Projects/GerberTools/GerberLibrary.Core/EagleThings/eagle.cs(1285,30): warning CS8981: The type name 'packages' only contains lower-cased ascii characters. Such names may become reserved for the language. [/Users/admin/Projects/GerberTools/GerberLibrary.Core/GerberLibrary.Core.csproj]
/Users/admin/Projects/GerberTools/GerberLibrary.Core/EagleThings/eagle.cs(1295,30): warning CS8981: The type name 'package' only contains lower-cased ascii characters. Such names may become reserved for the language. [/Users/admin/Projects/GerberTools/GerberLibrary.Core/GerberLibrary.Core.csproj]
/Users/admin/Projects/GerberTools/GerberLibrary.Core/EagleThings/eagle.cs(1159,30): warning CS8981: The type name 'wire' only contains lower-cased ascii characters. Such names may become reserved for the language. [/Users/admin/Projects/GerberTools/GerberLibrary.Core/GerberLibrary.Core.csproj]
/Users/admin/Projects/GerberTools/GerberLibrary.Core/EagleThings/eagle.cs(1462,30): warning CS8981: The type name 'smd' only contains lower-cased ascii characters. Such names may become reserved for the language. [/Users/admin/Projects/GerberTools/GerberLibrary.Core/GerberLibrary.Core.csproj]
/Users/admin/Projects/GerberTools/GerberLibrary.Core/EagleThings/eagle.cs(1330,30): warning CS8981: The type name 'pad' only contains lower-cased ascii characters. Such names may become reserved for the language. [/Users/admin/Projects/GerberTools/GerberLibrary.Core/GerberLibrary.Core.csproj]
/Users/admin/Projects/GerberTools/GerberLibrary.Core/EagleThings/eagle.cs(1567,30): warning CS8981: The type name 'symbols' only contains lower-cased ascii characters. Such names may become reserved for the language. [/Users/admin/Projects/GerberTools/GerberLibrary.Core/GerberLibrary.Core.csproj]
/Users/admin/Projects/GerberTools/GerberLibrary.Core/EagleThings/eagle.cs(1576,30): warning CS8981: The type name 'symbol' only contains lower-cased ascii characters. Such names may become reserved for the language. [/Users/admin/Projects/GerberTools/GerberLibrary.Core/GerberLibrary.Core.csproj]
/Users/admin/Projects/GerberTools/GerberLibrary.Core/EagleThings/eagle.cs(1755,30): warning CS8981: The type name 'devicesets' only contains lower-cased ascii characters. Such names may become reserved for the language. [/Users/admin/Projects/GerberTools/GerberLibrary.Core/GerberLibrary.Core.csproj]
/Users/admin/Projects/GerberTools/GerberLibrary.Core/EagleThings/eagle.cs(1606,30): warning CS8981: The type name 'pin' only contains lower-cased ascii characters. Such names may become reserved for the language. [/Users/admin/Projects/GerberTools/GerberLibrary.Core/GerberLibrary.Core.csproj]
/Users/admin/Projects/GerberTools/GerberLibrary.Core/EagleThings/eagle.cs(1764,30): warning CS8981: The type name 'deviceset' only contains lower-cased ascii characters. Such names may become reserved for the language. [/Users/admin/Projects/GerberTools/GerberLibrary.Core/GerberLibrary.Core.csproj]
/Users/admin/Projects/GerberTools/GerberLibrary.Core/EagleThings/eagle.cs(1864,30): warning CS8981: The type name 'devices' only contains lower-cased ascii characters. Such names may become reserved for the language. [/Users/admin/Projects/GerberTools/GerberLibrary.Core/GerberLibrary.Core.csproj]
/Users/admin/Projects/GerberTools/GerberLibrary.Core/EagleThings/eagle.cs(1807,30): warning CS8981: The type name 'gate' only contains lower-cased ascii characters. Such names may become reserved for the language. [/Users/admin/Projects/GerberTools/GerberLibrary.Core/GerberLibrary.Core.csproj]
/Users/admin/Projects/GerberTools/GerberLibrary.Core/EagleThings/eagle.cs(1949,30): warning CS8981: The type name 'technologies' only contains lower-cased ascii characters. Such names may become reserved for the language. [/Users/admin/Projects/GerberTools/GerberLibrary.Core/GerberLibrary.Core.csproj]
/Users/admin/Projects/GerberTools/GerberLibrary.Core/EagleThings/eagle.cs(1873,30): warning CS8981: The type name 'device' only contains lower-cased ascii characters. Such names may become reserved for the language. [/Users/admin/Projects/GerberTools/GerberLibrary.Core/GerberLibrary.Core.csproj]
/Users/admin/Projects/GerberTools/GerberLibrary.Core/EagleThings/eagle.cs(1958,30): warning CS8981: The type name 'technology' only contains lower-cased ascii characters. Such names may become reserved for the language. [/Users/admin/Projects/GerberTools/GerberLibrary.Core/GerberLibrary.Core.csproj]
/Users/admin/Projects/GerberTools/GerberLibrary.Core/EagleThings/eagle.cs(1798,30): warning CS8981: The type name 'gates' only contains lower-cased ascii characters. Such names may become reserved for the language. [/Users/admin/Projects/GerberTools/GerberLibrary.Core/GerberLibrary.Core.csproj]
/Users/admin/Projects/GerberTools/GerberLibrary.Core/EagleThings/eagle.cs(1898,30): warning CS8981: The type name 'connects' only contains lower-cased ascii characters. Such names may become reserved for the language. [/Users/admin/Projects/GerberTools/GerberLibrary.Core/GerberLibrary.Core.csproj]
/Users/admin/Projects/GerberTools/GerberLibrary.Core/EagleThings/eagle.cs(2106,30): warning CS8981: The type name 'attributes' only contains lower-cased ascii characters. Such names may become reserved for the language. [/Users/admin/Projects/GerberTools/GerberLibrary.Core/GerberLibrary.Core.csproj]
/Users/admin/Projects/GerberTools/GerberLibrary.Core/EagleThings/eagle.cs(2121,30): warning CS8981: The type name 'variantdefs' only contains lower-cased ascii characters. Such names may become reserved for the language. [/Users/admin/Projects/GerberTools/GerberLibrary.Core/GerberLibrary.Core.csproj]
/Users/admin/Projects/GerberTools/GerberLibrary.Core/EagleThings/eagle.cs(1974,30): warning CS8981: The type name 'attribute' only contains lower-cased ascii characters. Such names may become reserved for the language. [/Users/admin/Projects/GerberTools/GerberLibrary.Core/GerberLibrary.Core.csproj]
/Users/admin/Projects/GerberTools/GerberLibrary.Core/EagleThings/eagle.cs(1907,30): warning CS8981: The type name 'connect' only contains lower-cased ascii characters. Such names may become reserved for the language. [/Users/admin/Projects/GerberTools/GerberLibrary.Core/GerberLibrary.Core.csproj]
/Users/admin/Projects/GerberTools/GerberLibrary.Core/EagleThings/eagle.cs(2175,30): warning CS8981: The type name 'classes' only contains lower-cased ascii characters. Such names may become reserved for the language. [/Users/admin/Projects/GerberTools/GerberLibrary.Core/GerberLibrary.Core.csproj]
/Users/admin/Projects/GerberTools/GerberLibrary.Core/EagleThings/eagle.cs(2136,30): warning CS8981: The type name 'variantdef' only contains lower-cased ascii characters. Such names may become reserved for the language. [/Users/admin/Projects/GerberTools/GerberLibrary.Core/GerberLibrary.Core.csproj]
/Users/admin/Projects/GerberTools/GerberLibrary.Core/EagleThings/eagle.cs(2229,30): warning CS8981: The type name 'clearance' only contains lower-cased ascii characters. Such names may become reserved for the language. [/Users/admin/Projects/GerberTools/GerberLibrary.Core/GerberLibrary.Core.csproj]
/Users/admin/Projects/GerberTools/GerberLibrary.Core/EagleThings/eagle.cs(2296,30): warning CS8981: The type name 'autorouter' only contains lower-cased ascii characters. Such names may become reserved for the language. [/Users/admin/Projects/GerberTools/GerberLibrary.Core/GerberLibrary.Core.csproj]
/Users/admin/Projects/GerberTools/GerberLibrary.Core/EagleThings/eagle.cs(2311,30): warning CS8981: The type name 'pass' only contains lower-cased ascii characters. Such names may become reserved for the language. [/Users/admin/Projects/GerberTools/GerberLibrary.Core/GerberLibrary.Core.csproj]
/Users/admin/Projects/GerberTools/GerberLibrary.Core/EagleThings/eagle.cs(2533,30): warning CS8981: The type name 'signals' only contains lower-cased ascii characters. Such names may become reserved for the language. [/Users/admin/Projects/GerberTools/GerberLibrary.Core/GerberLibrary.Core.csproj]
/Users/admin/Projects/GerberTools/GerberLibrary.Core/EagleThings/eagle.cs(2254,30): warning CS8981: The type name 'designrules' only contains lower-cased ascii characters. Such names may become reserved for the language. [/Users/admin/Projects/GerberTools/GerberLibrary.Core/GerberLibrary.Core.csproj]
/Users/admin/Projects/GerberTools/GerberLibrary.Core/EagleThings/eagle.cs(2548,30): warning CS8981: The type name 'signal' only contains lower-cased ascii characters. Such names may become reserved for the language. [/Users/admin/Projects/GerberTools/GerberLibrary.Core/GerberLibrary.Core.csproj]
/Users/admin/Projects/GerberTools/GerberLibrary.Core/EagleThings/eagle.cs(2277,30): warning CS8981: The type name 'param' only contains lower-cased ascii characters. Such names may become reserved for the language. [/Users/admin/Projects/GerberTools/GerberLibrary.Core/GerberLibrary.Core.csproj]
/Users/admin/Projects/GerberTools/GerberLibrary.Core/EagleThings/eagle.cs(2638,30): warning CS8981: The type name 'via' only contains lower-cased ascii characters. Such names may become reserved for the language. [/Users/admin/Projects/GerberTools/GerberLibrary.Core/GerberLibrary.Core.csproj]
/Users/admin/Projects/GerberTools/GerberLibrary.Core/EagleThings/eagle.cs(2358,30): warning CS8981: The type name 'elements' only contains lower-cased ascii characters. Such names may become reserved for the language. [/Users/admin/Projects/GerberTools/GerberLibrary.Core/GerberLibrary.Core.csproj]
/Users/admin/Projects/GerberTools/GerberLibrary.Core/EagleThings/eagle.cs(2732,30): warning CS8981: The type name 'errors' only contains lower-cased ascii characters. Such names may become reserved for the language. [/Users/admin/Projects/GerberTools/GerberLibrary.Core/GerberLibrary.Core.csproj]
/Users/admin/Projects/GerberTools/GerberLibrary.Core/EagleThings/eagle.cs(2940,30): warning CS8981: The type name 'parts' only contains lower-cased ascii characters. Such names may become reserved for the language. [/Users/admin/Projects/GerberTools/GerberLibrary.Core/GerberLibrary.Core.csproj]
/Users/admin/Projects/GerberTools/GerberLibrary.Core/EagleThings/eagle.cs(2747,30): warning CS8981: The type name 'approved' only contains lower-cased ascii characters. Such names may become reserved for the language. [/Users/admin/Projects/GerberTools/GerberLibrary.Core/GerberLibrary.Core.csproj]
/Users/admin/Projects/GerberTools/GerberLibrary.Core/EagleThings/eagle.cs(2373,30): warning CS8981: The type name 'element' only contains lower-cased ascii characters. Such names may become reserved for the language. [/Users/admin/Projects/GerberTools/GerberLibrary.Core/GerberLibrary.Core.csproj]
/Users/admin/Projects/GerberTools/GerberLibrary.Core/EagleThings/eagle.cs(2949,30): warning CS8981: The type name 'part' only contains lower-cased ascii characters. Such names may become reserved for the language. [/Users/admin/Projects/GerberTools/GerberLibrary.Core/GerberLibrary.Core.csproj]
/Users/admin/Projects/GerberTools/GerberLibrary.Core/EagleThings/eagle.cs(2756,30): warning CS8981: The type name 'schematic' only contains lower-cased ascii characters. Such names may become reserved for the language. [/Users/admin/Projects/GerberTools/GerberLibrary.Core/GerberLibrary.Core.csproj]
/Users/admin/Projects/GerberTools/GerberLibrary.Core/EagleThings/eagle.cs(2589,30): warning CS8981: The type name 'contactref' only contains lower-cased ascii characters. Such names may become reserved for the language. [/Users/admin/Projects/GerberTools/GerberLibrary.Core/GerberLibrary.Core.csproj]
/Users/admin/Projects/GerberTools/GerberLibrary.Core/EagleThings/eagle.cs(2802,30): warning CS8981: The type name 'modules' only contains lower-cased ascii characters. Such names may become reserved for the language. [/Users/admin/Projects/GerberTools/GerberLibrary.Core/GerberLibrary.Core.csproj]
/Users/admin/Projects/GerberTools/GerberLibrary.Core/EagleThings/eagle.cs(2817,30): warning CS8981: The type name 'module' only contains lower-cased ascii characters. Such names may become reserved for the language. [/Users/admin/Projects/GerberTools/GerberLibrary.Core/GerberLibrary.Core.csproj]
/Users/admin/Projects/GerberTools/GerberLibrary.Core/EagleThings/eagle.cs(2992,30): warning CS8981: The type name 'sheets' only contains lower-cased ascii characters. Such names may become reserved for the language. [/Users/admin/Projects/GerberTools/GerberLibrary.Core/GerberLibrary.Core.csproj]
/Users/admin/Projects/GerberTools/GerberLibrary.Core/EagleThings/eagle.cs(3239,30): warning CS8981: The type name 'label' only contains lower-cased ascii characters. Such names may become reserved for the language. [/Users/admin/Projects/GerberTools/GerberLibrary.Core/GerberLibrary.Core.csproj]
/Users/admin/Projects/GerberTools/GerberLibrary.Core/EagleThings/eagle.cs(2865,30): warning CS8981: The type name 'ports' only contains lower-cased ascii characters. Such names may become reserved for the language. [/Users/admin/Projects/GerberTools/GerberLibrary.Core/GerberLibrary.Core.csproj]
/Users/admin/Projects/GerberTools/GerberLibrary.Core/EagleThings/eagle.cs(2444,30): warning CS8981: The type name 'variant' only contains lower-cased ascii characters. Such names may become reserved for the language. [/Users/admin/Projects/GerberTools/GerberLibrary.Core/GerberLibrary.Core.csproj]
/Users/admin/Projects/GerberTools/GerberLibrary.Core/EagleThings/eagle.cs(3001,30): warning CS8981: The type name 'sheet' only contains lower-cased ascii characters. Such names may become reserved for the language. [/Users/admin/Projects/GerberTools/GerberLibrary.Core/GerberLibrary.Core.csproj]
/Users/admin/Projects/GerberTools/GerberLibrary.Core/EagleThings/eagle.cs(2880,30): warning CS8981: The type name 'port' only contains lower-cased ascii characters. Such names may become reserved for the language. [/Users/admin/Projects/GerberTools/GerberLibrary.Core/GerberLibrary.Core.csproj]
/Users/admin/Projects/GerberTools/GerberLibrary.Core/EagleThings/eagle.cs(3043,30): warning CS8981: The type name 'moduleinsts' only contains lower-cased ascii characters. Such names may become reserved for the language. [/Users/admin/Projects/GerberTools/GerberLibrary.Core/GerberLibrary.Core.csproj]
/Users/admin/Projects/GerberTools/GerberLibrary.Core/EagleThings/eagle.cs(3053,30): warning CS8981: The type name 'moduleinst' only contains lower-cased ascii characters. Such names may become reserved for the language. [/Users/admin/Projects/GerberTools/GerberLibrary.Core/GerberLibrary.Core.csproj]
/Users/admin/Projects/GerberTools/GerberLibrary.Core/EagleThings/eagle.cs(3117,30): warning CS8981: The type name 'instances' only contains lower-cased ascii characters. Such names may become reserved for the language. [/Users/admin/Projects/GerberTools/GerberLibrary.Core/GerberLibrary.Core.csproj]
/Users/admin/Projects/GerberTools/GerberLibrary.Core/EagleThings/eagle.cs(3126,30): warning CS8981: The type name 'instance' only contains lower-cased ascii characters. Such names may become reserved for the language. [/Users/admin/Projects/GerberTools/GerberLibrary.Core/GerberLibrary.Core.csproj]
/Users/admin/Projects/GerberTools/GerberLibrary.Core/EagleThings/eagle.cs(3325,30): warning CS8981: The type name 'pinref' only contains lower-cased ascii characters. Such names may become reserved for the language. [/Users/admin/Projects/GerberTools/GerberLibrary.Core/GerberLibrary.Core.csproj]
/Users/admin/Projects/GerberTools/GerberLibrary.Core/EagleThings/eagle.cs(3178,30): warning CS8981: The type name 'busses' only contains lower-cased ascii characters. Such names may become reserved for the language. [/Users/admin/Projects/GerberTools/GerberLibrary.Core/GerberLibrary.Core.csproj]
/Users/admin/Projects/GerberTools/GerberLibrary.Core/EagleThings/eagle.cs(3193,30): warning CS8981: The type name 'bus' only contains lower-cased ascii characters. Such names may become reserved for the language. [/Users/admin/Projects/GerberTools/GerberLibrary.Core/GerberLibrary.Core.csproj]
/Users/admin/Projects/GerberTools/GerberLibrary.Core/EagleThings/eagle.cs(3348,30): warning CS8981: The type name 'portref' only contains lower-cased ascii characters. Such names may become reserved for the language. [/Users/admin/Projects/GerberTools/GerberLibrary.Core/GerberLibrary.Core.csproj]
/Users/admin/Projects/GerberTools/GerberLibrary.Core/EagleThings/eagle.cs(3220,30): warning CS8981: The type name 'junction' only contains lower-cased ascii characters. Such names may become reserved for the language. [/Users/admin/Projects/GerberTools/GerberLibrary.Core/GerberLibrary.Core.csproj]
/Users/admin/Projects/GerberTools/GerberLibrary.Core/EagleThings/eagle.cs(3367,30): warning CS8981: The type name 'nets' only contains lower-cased ascii characters. Such names may become reserved for the language. [/Users/admin/Projects/GerberTools/GerberLibrary.Core/GerberLibrary.Core.csproj]
/Users/admin/Projects/GerberTools/GerberLibrary.Core/EagleThings/eagle.cs(3382,30): warning CS8981: The type name 'net' only contains lower-cased ascii characters. Such names may become reserved for the language. [/Users/admin/Projects/GerberTools/GerberLibrary.Core/GerberLibrary.Core.csproj]
/Users/admin/Projects/GerberTools/GerberLibrary.Core/EagleThings/eagle.cs(3422,30): warning CS8981: The type name 'segment' only contains lower-cased ascii characters. Such names may become reserved for the language. [/Users/admin/Projects/GerberTools/GerberLibrary.Core/GerberLibrary.Core.csproj]
/Users/admin/Projects/GerberTools/GerberLibrary.Core/EagleThings/eagle.cs(3445,30): warning CS8981: The type name 'plain' only contains lower-cased ascii characters. Such names may become reserved for the language. [/Users/admin/Projects/GerberTools/GerberLibrary.Core/GerberLibrary.Core.csproj]
/Users/admin/Projects/GerberTools/GerberLibrary.Core/External/clipper.cs(440,22): warning CS8618: Non-nullable field 'edge1' must contain a non-null value when exiting constructor. Consider adding the 'required' modifier or declaring the field as nullable. [/Users/admin/Projects/GerberTools/GerberLibrary.Core/GerberLibrary.Core.csproj]
/Users/admin/Projects/GerberTools/GerberLibrary.Core/External/clipper.cs(441,22): warning CS8618: Non-nullable field 'edge2' must contain a non-null value when exiting constructor. Consider adding the 'required' modifier or declaring the field as nullable. [/Users/admin/Projects/GerberTools/GerberLibrary.Core/GerberLibrary.Core.csproj]
/Users/admin/Projects/GerberTools/GerberLibrary.Core/External/clipper.cs(443,30): warning CS8618: Non-nullable field 'next' must contain a non-null value when exiting constructor. Consider adding the 'required' modifier or declaring the field as nullable. [/Users/admin/Projects/GerberTools/GerberLibrary.Core/GerberLibrary.Core.csproj]
/Users/admin/Projects/GerberTools/GerberLibrary.Core/External/clipper.cs(429,22): warning CS8618: Non-nullable field 'next' must contain a non-null value when exiting constructor. Consider adding the 'required' modifier or declaring the field as nullable. [/Users/admin/Projects/GerberTools/GerberLibrary.Core/GerberLibrary.Core.csproj]
/Users/admin/Projects/GerberTools/GerberLibrary.Core/External/clipper.cs(430,22): warning CS8618: Non-nullable field 'prev' must contain a non-null value when exiting constructor. Consider adding the 'required' modifier or declaring the field as nullable. [/Users/admin/Projects/GerberTools/GerberLibrary.Core/GerberLibrary.Core.csproj]
/Users/admin/Projects/GerberTools/GerberLibrary.Core/External/clipper.cs(431,22): warning CS8618: Non-nullable field 'nextInLML' must contain a non-null value when exiting constructor. Consider adding the 'required' modifier or declaring the field as nullable. [/Users/admin/Projects/GerberTools/GerberLibrary.Core/GerberLibrary.Core.csproj]
/Users/admin/Projects/GerberTools/GerberLibrary.Core/External/clipper.cs(432,22): warning CS8618: Non-nullable field 'nextInAEL' must contain a non-null value when exiting constructor. Consider adding the 'required' modifier or declaring the field as nullable. [/Users/admin/Projects/GerberTools/GerberLibrary.Core/GerberLibrary.Core.csproj]
/Users/admin/Projects/GerberTools/GerberLibrary.Core/External/clipper.cs(433,22): warning CS8618: Non-nullable field 'prevInAEL' must contain a non-null value when exiting constructor. Consider adding the 'required' modifier or declaring the field as nullable. [/Users/admin/Projects/GerberTools/GerberLibrary.Core/GerberLibrary.Core.csproj]
/Users/admin/Projects/GerberTools/GerberLibrary.Core/External/clipper.cs(434,22): warning CS8618: Non-nullable field 'nextInSEL' must contain a non-null value when exiting constructor. Consider adding the 'required' modifier or declaring the field as nullable. [/Users/admin/Projects/GerberTools/GerberLibrary.Core/GerberLibrary.Core.csproj]
/Users/admin/Projects/GerberTools/GerberLibrary.Core/External/clipper.cs(435,22): warning CS8618: Non-nullable field 'prevInSEL' must contain a non-null value when exiting constructor. Consider adding the 'required' modifier or declaring the field as nullable. [/Users/admin/Projects/GerberTools/GerberLibrary.Core/GerberLibrary.Core.csproj]
/Users/admin/Projects/GerberTools/GerberLibrary.Core/External/clipper.cs(449,22): warning CS8618: Non-nullable field 'leftBound' must contain a non-null value when exiting constructor. Consider adding the 'required' modifier or declaring the field as nullable. [/Users/admin/Projects/GerberTools/GerberLibrary.Core/GerberLibrary.Core.csproj]
/Users/admin/Projects/GerberTools/GerberLibrary.Core/External/clipper.cs(450,22): warning CS8618: Non-nullable field 'rightBound' must contain a non-null value when exiting constructor. Consider adding the 'required' modifier or declaring the field as nullable. [/Users/admin/Projects/GerberTools/GerberLibrary.Core/GerberLibrary.Core.csproj]
/Users/admin/Projects/GerberTools/GerberLibrary.Core/External/clipper.cs(451,28): warning CS8618: Non-nullable field 'next' must contain a non-null value when exiting constructor. Consider adding the 'required' modifier or declaring the field as nullable. [/Users/admin/Projects/GerberTools/GerberLibrary.Core/GerberLibrary.Core.csproj]
/Users/admin/Projects/GerberTools/GerberLibrary.Core/External/clipper.cs(457,25): warning CS8618: Non-nullable field 'next' must contain a non-null value when exiting constructor. Consider adding the 'required' modifier or declaring the field as nullable. [/Users/admin/Projects/GerberTools/GerberLibrary.Core/GerberLibrary.Core.csproj]
/Users/admin/Projects/GerberTools/GerberLibrary.Core/External/clipper.cs(474,22): warning CS8618: Non-nullable field 'next' must contain a non-null value when exiting constructor. Consider adding the 'required' modifier or declaring the field as nullable. [/Users/admin/Projects/GerberTools/GerberLibrary.Core/GerberLibrary.Core.csproj]
/Users/admin/Projects/GerberTools/GerberLibrary.Core/External/clipper.cs(475,22): warning CS8618: Non-nullable field 'prev' must contain a non-null value when exiting constructor. Consider adding the 'required' modifier or declaring the field as nullable. [/Users/admin/Projects/GerberTools/GerberLibrary.Core/GerberLibrary.Core.csproj]
/Users/admin/Projects/GerberTools/GerberLibrary.Core/External/clipper.cs(464,23): warning CS8618: Non-nullable field 'FirstLeft' must contain a non-null value when exiting constructor. Consider adding the 'required' modifier or declaring the field as nullable. [/Users/admin/Projects/GerberTools/GerberLibrary.Core/GerberLibrary.Core.csproj]
/Users/admin/Projects/GerberTools/GerberLibrary.Core/External/clipper.cs(465,22): warning CS8618: Non-nullable field 'pts' must contain a non-null value when exiting constructor. Consider adding the 'required' modifier or declaring the field as nullable. [/Users/admin/Projects/GerberTools/GerberLibrary.Core/GerberLibrary.Core.csproj]
/Users/admin/Projects/GerberTools/GerberLibrary.Core/External/clipper.cs(466,22): warning CS8618: Non-nullable field 'bottomPt' must contain a non-null value when exiting constructor. Consider adding the 'required' modifier or declaring the field as nullable. [/Users/admin/Projects/GerberTools/GerberLibrary.Core/GerberLibrary.Core.csproj]
/Users/admin/Projects/GerberTools/GerberLibrary.Core/External/clipper.cs(467,25): warning CS8618: Non-nullable field 'polyNode' must contain a non-null value when exiting constructor. Consider adding the 'required' modifier or declaring the field as nullable. [/Users/admin/Projects/GerberTools/GerberLibrary.Core/GerberLibrary.Core.csproj]
/Users/admin/Projects/GerberTools/GerberLibrary.Core/External/clipper.cs(490,22): warning CS8618: Non-nullable field 'edge' must contain a non-null value when exiting constructor. Consider adding the 'required' modifier or declaring the field as nullable. [/Users/admin/Projects/GerberTools/GerberLibrary.Core/GerberLibrary.Core.csproj]
/Users/admin/Projects/GerberTools/GerberLibrary.Core/External/clipper.cs(999,26): warning CS8625: Cannot convert null literal to non-nullable reference type. [/Users/admin/Projects/GerberTools/GerberLibrary.Core/GerberLibrary.Core.csproj]
/Users/admin/Projects/GerberTools/GerberLibrary.Core/External/clipper.cs(1000,29): warning CS8625: Cannot convert null literal to non-nullable reference type. [/Users/admin/Projects/GerberTools/GerberLibrary.Core/GerberLibrary.Core.csproj]
/Users/admin/Projects/GerberTools/GerberLibrary.Core/External/clipper.cs(1001,29): warning CS8625: Cannot convert null literal to non-nullable reference type. [/Users/admin/Projects/GerberTools/GerberLibrary.Core/GerberLibrary.Core.csproj]
/Users/admin/Projects/GerberTools/GerberLibrary.Core/External/clipper.cs(1002,32): warning CS8625: Cannot convert null literal to non-nullable reference type. [/Users/admin/Projects/GerberTools/GerberLibrary.Core/GerberLibrary.Core.csproj]
/Users/admin/Projects/GerberTools/GerberLibrary.Core/External/clipper.cs(997,16): warning CS8618: Non-nullable field 'm_Scanbeam' must contain a non-null value when exiting constructor. Consider adding the 'required' modifier or declaring the field as nullable. [/Users/admin/Projects/GerberTools/GerberLibrary.Core/GerberLibrary.Core.csproj]
/Users/admin/Projects/GerberTools/GerberLibrary.Core/External/clipper.cs(997,16): warning CS8618: Non-nullable field 'm_ActiveEdges' must contain a non-null value when exiting constructor. Consider adding the 'required' modifier or declaring the field as nullable. [/Users/admin/Projects/GerberTools/GerberLibrary.Core/GerberLibrary.Core.csproj]
/Users/admin/Projects/GerberTools/GerberLibrary.Core/External/clipper.cs(997,16): warning CS8618: Non-nullable field 'm_SortedEdges' must contain a non-null value when exiting constructor. Consider adding the 'required' modifier or declaring the field as nullable. [/Users/admin/Projects/GerberTools/GerberLibrary.Core/GerberLibrary.Core.csproj]
/Users/admin/Projects/GerberTools/GerberLibrary.Core/External/clipper.cs(997,16): warning CS8618: Non-nullable field 'm_IntersectNodes' must contain a non-null value when exiting constructor. Consider adding the 'required' modifier or declaring the field as nullable. [/Users/admin/Projects/GerberTools/GerberLibrary.Core/GerberLibrary.Core.csproj]
/Users/admin/Projects/GerberTools/GerberLibrary.Core/External/clipper.cs(68,33): warning CS8625: Cannot convert null literal to non-nullable reference type. [/Users/admin/Projects/GerberTools/GerberLibrary.Core/GerberLibrary.Core.csproj]
/Users/admin/Projects/GerberTools/GerberLibrary.Core/External/clipper.cs(1033,24): warning CS8625: Cannot convert null literal to non-nullable reference type. [/Users/admin/Projects/GerberTools/GerberLibrary.Core/GerberLibrary.Core.csproj]
/Users/admin/Projects/GerberTools/GerberLibrary.Core/External/clipper.cs(78,24): warning CS8603: Possible null reference return. [/Users/admin/Projects/GerberTools/GerberLibrary.Core/GerberLibrary.Core.csproj]
/Users/admin/Projects/GerberTools/GerberLibrary.Core/External/clipper.cs(1042,24): warning CS8625: Cannot convert null literal to non-nullable reference type. [/Users/admin/Projects/GerberTools/GerberLibrary.Core/GerberLibrary.Core.csproj]
/Users/admin/Projects/GerberTools/GerberLibrary.Core/External/clipper.cs(1043,27): warning CS8625: Cannot convert null literal to non-nullable reference type. [/Users/admin/Projects/GerberTools/GerberLibrary.Core/GerberLibrary.Core.csproj]
/Users/admin/Projects/GerberTools/GerberLibrary.Core/External/clipper.cs(1044,27): warning CS8625: Cannot convert null literal to non-nullable reference type. [/Users/admin/Projects/GerberTools/GerberLibrary.Core/GerberLibrary.Core.csproj]
/Users/admin/Projects/GerberTools/GerberLibrary.Core/External/clipper.cs(136,24): warning CS8603: Possible null reference return. [/Users/admin/Projects/GerberTools/GerberLibrary.Core/GerberLibrary.Core.csproj]
/Users/admin/Projects/GerberTools/GerberLibrary.Core/External/clipper.cs(90,27): warning CS8618: Non-nullable field 'm_Parent' must contain a non-null value when exiting constructor. Consider adding the 'required' modifier or declaring the field as nullable. [/Users/admin/Projects/GerberTools/GerberLibrary.Core/GerberLibrary.Core.csproj]
/Users/admin/Projects/GerberTools/GerberLibrary.Core/External/clipper.cs(1074,31): warning CS8625: Cannot convert null literal to non-nullable reference type. [/Users/admin/Projects/GerberTools/GerberLibrary.Core/GerberLibrary.Core.csproj]
/Users/admin/Projects/GerberTools/GerberLibrary.Core/External/clipper.cs(1090,26): warning CS8601: Possible null reference assignment. [/Users/admin/Projects/GerberTools/GerberLibrary.Core/GerberLibrary.Core.csproj]
/Users/admin/Projects/GerberTools/GerberLibrary.Core/Artwork Related/FontSet.cs(72,28): warning CS8603: Possible null reference return. [/Users/admin/Projects/GerberTools/GerberLibrary.Core/GerberLibrary.Core.csproj]
/Users/admin/Projects/GerberTools/GerberLibrary.Core/Artwork Related/FontSet.cs(83,21): warning CS8600: Converting null literal or possible null value to non-nullable type. [/Users/admin/Projects/GerberTools/GerberLibrary.Core/GerberLibrary.Core.csproj]
/Users/admin/Projects/GerberTools/GerberLibrary.Core/Artwork Related/FontSet.cs(85,20): warning CS8603: Possible null reference return. [/Users/admin/Projects/GerberTools/GerberLibrary.Core/GerberLibrary.Core.csproj]
/Users/admin/Projects/GerberTools/GerberLibrary.Core/External/clipper.cs(1156,32): warning CS8601: Possible null reference assignment. [/Users/admin/Projects/GerberTools/GerberLibrary.Core/GerberLibrary.Core.csproj]
/Users/admin/Projects/GerberTools/GerberLibrary.Core/Artwork Related/GerberArtWriter.cs(2116,29): warning CS8600: Converting null literal or possible null value to non-nullable type. [/Users/admin/Projects/GerberTools/GerberLibrary.Core/GerberLibrary.Core.csproj]
/Users/admin/Projects/GerberTools/GerberLibrary.Core/Artwork Related/GerberArtWriter.cs(2119,28): warning CS8603: Possible null reference return. [/Users/admin/Projects/GerberTools/GerberLibrary.Core/GerberLibrary.Core.csproj]
/Users/admin/Projects/GerberTools/GerberLibrary.Core/Artwork Related/GallifreyanFont.cs(180,56): error CS0234: The type or namespace name 'PointF' does not exist in the namespace 'System.Numerics' (are you missing an assembly reference?) [/Users/admin/Projects/GerberTools/GerberLibrary.Core/GerberLibrary.Core.csproj]
/Users/admin/Projects/GerberTools/GerberLibrary.Core/Artwork Related/GallifreyanFont.cs(180,106): error CS0234: The type or namespace name 'PointF' does not exist in the namespace 'System.Numerics' (are you missing an assembly reference?) [/Users/admin/Projects/GerberTools/GerberLibrary.Core/GerberLibrary.Core.csproj]
/Users/admin/Projects/GerberTools/GerberLibrary.Core/Artwork Related/GerberArtWriter.cs(2133,33): warning CS8600: Converting null literal or possible null value to non-nullable type. [/Users/admin/Projects/GerberTools/GerberLibrary.Core/GerberLibrary.Core.csproj]
/Users/admin/Projects/GerberTools/GerberLibrary.Core/External/clipper.cs(1208,17): warning CS8600: Converting null literal or possible null value to non-nullable type. [/Users/admin/Projects/GerberTools/GerberLibrary.Core/GerberLibrary.Core.csproj]
/Users/admin/Projects/GerberTools/GerberLibrary.Core/External/clipper.cs(628,28): warning CS8625: Cannot convert null literal to non-nullable reference type. [/Users/admin/Projects/GerberTools/GerberLibrary.Core/GerberLibrary.Core.csproj]
/Users/admin/Projects/GerberTools/GerberLibrary.Core/External/clipper.cs(629,27): warning CS8625: Cannot convert null literal to non-nullable reference type. [/Users/admin/Projects/GerberTools/GerberLibrary.Core/GerberLibrary.Core.csproj]
/Users/admin/Projects/GerberTools/GerberLibrary.Core/External/clipper.cs(626,18): warning CS8618: Non-nullable field 'm_MinimaList' must contain a non-null value when exiting constructor. Consider adding the 'required' modifier or declaring the field as nullable. [/Users/admin/Projects/GerberTools/GerberLibrary.Core/GerberLibrary.Core.csproj]
/Users/admin/Projects/GerberTools/GerberLibrary.Core/External/clipper.cs(626,18): warning CS8618: Non-nullable field 'm_CurrentLM' must contain a non-null value when exiting constructor. Consider adding the 'required' modifier or declaring the field as nullable. [/Users/admin/Projects/GerberTools/GerberLibrary.Core/GerberLibrary.Core.csproj]
/Users/admin/Projects/GerberTools/GerberLibrary.Core/External/clipper.cs(1223,20): warning CS8600: Converting null literal or possible null value to non-nullable type. [/Users/admin/Projects/GerberTools/GerberLibrary.Core/GerberLibrary.Core.csproj]
/Users/admin/Projects/GerberTools/GerberLibrary.Core/External/clipper.cs(1224,31): warning CS8625: Cannot convert null literal to non-nullable reference type. [/Users/admin/Projects/GerberTools/GerberLibrary.Core/GerberLibrary.Core.csproj]
/Users/admin/Projects/GerberTools/GerberLibrary.Core/External/clipper.cs(646,76): warning CS8625: Cannot convert null literal to non-nullable reference type. [/Users/admin/Projects/GerberTools/GerberLibrary.Core/GerberLibrary.Core.csproj]
/Users/admin/Projects/GerberTools/GerberLibrary.Core/External/clipper.cs(1231,27): warning CS8600: Converting null literal or possible null value to non-nullable type. [/Users/admin/Projects/GerberTools/GerberLibrary.Core/GerberLibrary.Core.csproj]
/Users/admin/Projects/GerberTools/GerberLibrary.Core/External/clipper.cs(1232,28): warning CS8625: Cannot convert null literal to non-nullable reference type. [/Users/admin/Projects/GerberTools/GerberLibrary.Core/GerberLibrary.Core.csproj]
/Users/admin/Projects/GerberTools/GerberLibrary.Core/External/clipper.cs(1237,25): warning CS8600: Converting null literal or possible null value to non-nullable type. [/Users/admin/Projects/GerberTools/GerberLibrary.Core/GerberLibrary.Core.csproj]
/Users/admin/Projects/GerberTools/GerberLibrary.Core/External/clipper.cs(659,32): warning CS8625: Cannot convert null literal to non-nullable reference type. [/Users/admin/Projects/GerberTools/GerberLibrary.Core/GerberLibrary.Core.csproj]
/Users/admin/Projects/GerberTools/GerberLibrary.Core/External/clipper.cs(662,27): warning CS8625: Cannot convert null literal to non-nullable reference type. [/Users/admin/Projects/GerberTools/GerberLibrary.Core/GerberLibrary.Core.csproj]
/Users/admin/Projects/GerberTools/GerberLibrary.Core/Artwork Related/GerberArtWriter.cs(108,62): warning CS8604: Possible null reference argument for parameter 'path1' in 'string Path.Combine(string path1, string path2)'. [/Users/admin/Projects/GerberTools/GerberLibrary.Core/GerberLibrary.Core.csproj]
/Users/admin/Projects/GerberTools/GerberLibrary.Core/External/clipper.cs(1347,28): warning CS8625: Cannot convert null literal to non-nullable reference type. [/Users/admin/Projects/GerberTools/GerberLibrary.Core/GerberLibrary.Core.csproj]
/Users/admin/Projects/GerberTools/GerberLibrary.Core/External/clipper.cs(1348,28): warning CS8625: Cannot convert null literal to non-nullable reference type. [/Users/admin/Projects/GerberTools/GerberLibrary.Core/GerberLibrary.Core.csproj]
/Users/admin/Projects/GerberTools/GerberLibrary.Core/External/clipper.cs(1363,30): warning CS8601: Possible null reference assignment. [/Users/admin/Projects/GerberTools/GerberLibrary.Core/GerberLibrary.Core.csproj]
/Users/admin/Projects/GerberTools/GerberLibrary.Core/External/clipper.cs(818,25): warning CS8625: Cannot convert null literal to non-nullable reference type. [/Users/admin/Projects/GerberTools/GerberLibrary.Core/GerberLibrary.Core.csproj]
/Users/admin/Projects/GerberTools/GerberLibrary.Core/External/clipper.cs(838,24): warning CS8625: Cannot convert null literal to non-nullable reference type. [/Users/admin/Projects/GerberTools/GerberLibrary.Core/GerberLibrary.Core.csproj]
/Users/admin/Projects/GerberTools/GerberLibrary.Core/External/clipper.cs(885,26): warning CS8601: Possible null reference assignment. [/Users/admin/Projects/GerberTools/GerberLibrary.Core/GerberLibrary.Core.csproj]
/Users/admin/Projects/GerberTools/GerberLibrary.Core/External/clipper.cs(1557,34): warning CS8625: Cannot convert null literal to non-nullable reference type. [/Users/admin/Projects/GerberTools/GerberLibrary.Core/GerberLibrary.Core.csproj]
/Users/admin/Projects/GerberTools/GerberLibrary.Core/External/clipper.cs(1558,34): warning CS8625: Cannot convert null literal to non-nullable reference type. [/Users/admin/Projects/GerberTools/GerberLibrary.Core/GerberLibrary.Core.csproj]
/Users/admin/Projects/GerberTools/GerberLibrary.Core/External/clipper.cs(1563,34): warning CS8625: Cannot convert null literal to non-nullable reference type. [/Users/admin/Projects/GerberTools/GerberLibrary.Core/GerberLibrary.Core.csproj]
/Users/admin/Projects/GerberTools/GerberLibrary.Core/EagleThings/LibraryLoader.cs(1485,29): warning CS8600: Converting null literal or possible null value to non-nullable type. [/Users/admin/Projects/GerberTools/GerberLibrary.Core/GerberLibrary.Core.csproj]
/Users/admin/Projects/GerberTools/GerberLibrary.Core/EagleThings/LibraryLoader.cs(1487,33): warning CS8601: Possible null reference assignment. [/Users/admin/Projects/GerberTools/GerberLibrary.Core/GerberLibrary.Core.csproj]
/Users/admin/Projects/GerberTools/GerberLibrary.Core/EagleThings/LibraryLoader.cs(1488,25): warning CS8602: Dereference of a possibly null reference. [/Users/admin/Projects/GerberTools/GerberLibrary.Core/GerberLibrary.Core.csproj]
/Users/admin/Projects/GerberTools/GerberLibrary.Core/EagleThings/LibraryLoader.cs(1534,29): warning CS8600: Converting null literal or possible null value to non-nullable type. [/Users/admin/Projects/GerberTools/GerberLibrary.Core/GerberLibrary.Core.csproj]
/Users/admin/Projects/GerberTools/GerberLibrary.Core/EagleThings/LibraryLoader.cs(1538,25): warning CS8602: Dereference of a possibly null reference. [/Users/admin/Projects/GerberTools/GerberLibrary.Core/GerberLibrary.Core.csproj]
/Users/admin/Projects/GerberTools/GerberLibrary.Core/EagleThings/LibraryLoader.cs(1474,20): warning CS8618: Non-nullable field 'LoadedDoc' must contain a non-null value when exiting constructor. Consider adding the 'required' modifier or declaring the field as nullable. [/Users/admin/Projects/GerberTools/GerberLibrary.Core/GerberLibrary.Core.csproj]
/Users/admin/Projects/GerberTools/GerberLibrary.Core/Artwork Related/GerberArtWriter.cs(2273,23): warning CS8625: Cannot convert null literal to non-nullable reference type. [/Users/admin/Projects/GerberTools/GerberLibrary.Core/GerberLibrary.Core.csproj]
/Users/admin/Projects/GerberTools/GerberLibrary.Core/External/clipper.cs(1593,35): warning CS8601: Possible null reference assignment. [/Users/admin/Projects/GerberTools/GerberLibrary.Core/GerberLibrary.Core.csproj]
/Users/admin/Projects/GerberTools/GerberLibrary.Core/External/clipper.cs(1596,35): warning CS8601: Possible null reference assignment. [/Users/admin/Projects/GerberTools/GerberLibrary.Core/GerberLibrary.Core.csproj]
/Users/admin/Projects/GerberTools/GerberLibrary.Core/External/clipper.cs(1606,35): warning CS8601: Possible null reference assignment. [/Users/admin/Projects/GerberTools/GerberLibrary.Core/GerberLibrary.Core.csproj]
/Users/admin/Projects/GerberTools/GerberLibrary.Core/External/clipper.cs(1609,35): warning CS8601: Possible null reference assignment. [/Users/admin/Projects/GerberTools/GerberLibrary.Core/GerberLibrary.Core.csproj]
/Users/admin/Projects/GerberTools/GerberLibrary.Core/Artwork Related/FontSet.cs(122,20): warning CS8603: Possible null reference return. [/Users/admin/Projects/GerberTools/GerberLibrary.Core/GerberLibrary.Core.csproj]
/Users/admin/Projects/GerberTools/GerberLibrary.Core/External/clipper.cs(1645,30): warning CS8600: Converting null literal or possible null value to non-nullable type. [/Users/admin/Projects/GerberTools/GerberLibrary.Core/GerberLibrary.Core.csproj]
/Users/admin/Projects/GerberTools/GerberLibrary.Core/External/clipper.cs(1651,35): warning CS8601: Possible null reference assignment. [/Users/admin/Projects/GerberTools/GerberLibrary.Core/GerberLibrary.Core.csproj]
/Users/admin/Projects/GerberTools/GerberLibrary.Core/External/clipper.cs(1654,35): warning CS8601: Possible null reference assignment. [/Users/admin/Projects/GerberTools/GerberLibrary.Core/GerberLibrary.Core.csproj]
/Users/admin/Projects/GerberTools/GerberLibrary.Core/External/clipper.cs(1658,30): warning CS8600: Converting null literal or possible null value to non-nullable type. [/Users/admin/Projects/GerberTools/GerberLibrary.Core/GerberLibrary.Core.csproj]
/Users/admin/Projects/GerberTools/GerberLibrary.Core/External/clipper.cs(1664,35): warning CS8601: Possible null reference assignment. [/Users/admin/Projects/GerberTools/GerberLibrary.Core/GerberLibrary.Core.csproj]
/Users/admin/Projects/GerberTools/GerberLibrary.Core/External/clipper.cs(1667,35): warning CS8601: Possible null reference assignment. [/Users/admin/Projects/GerberTools/GerberLibrary.Core/GerberLibrary.Core.csproj]
/Users/admin/Projects/GerberTools/GerberLibrary.Core/External/clipper.cs(1671,30): warning CS8600: Converting null literal or possible null value to non-nullable type. [/Users/admin/Projects/GerberTools/GerberLibrary.Core/GerberLibrary.Core.csproj]
/Users/admin/Projects/GerberTools/GerberLibrary.Core/External/clipper.cs(1673,35): warning CS8601: Possible null reference assignment. [/Users/admin/Projects/GerberTools/GerberLibrary.Core/GerberLibrary.Core.csproj]
/Users/admin/Projects/GerberTools/GerberLibrary.Core/External/clipper.cs(1679,35): warning CS8601: Possible null reference assignment. [/Users/admin/Projects/GerberTools/GerberLibrary.Core/GerberLibrary.Core.csproj]
/Users/admin/Projects/GerberTools/GerberLibrary.Core/External/clipper.cs(1751,30): warning CS8625: Cannot convert null literal to non-nullable reference type. [/Users/admin/Projects/GerberTools/GerberLibrary.Core/GerberLibrary.Core.csproj]
/Users/admin/Projects/GerberTools/GerberLibrary.Core/External/clipper.cs(1752,24): warning CS8625: Cannot convert null literal to non-nullable reference type. [/Users/admin/Projects/GerberTools/GerberLibrary.Core/GerberLibrary.Core.csproj]
/Users/admin/Projects/GerberTools/GerberLibrary.Core/External/clipper.cs(1753,29): warning CS8625: Cannot convert null literal to non-nullable reference type. [/Users/admin/Projects/GerberTools/GerberLibrary.Core/GerberLibrary.Core.csproj]
/Users/admin/Projects/GerberTools/GerberLibrary.Core/External/clipper.cs(1754,29): warning CS8625: Cannot convert null literal to non-nullable reference type. [/Users/admin/Projects/GerberTools/GerberLibrary.Core/GerberLibrary.Core.csproj]
/Users/admin/Projects/GerberTools/GerberLibrary.Core/External/clipper.cs(1919,24): warning CS8600: Converting null literal or possible null value to non-nullable type. [/Users/admin/Projects/GerberTools/GerberLibrary.Core/GerberLibrary.Core.csproj]
/Users/admin/Projects/GerberTools/GerberLibrary.Core/External/clipper.cs(1926,22): warning CS8600: Converting null literal or possible null value to non-nullable type. [/Users/admin/Projects/GerberTools/GerberLibrary.Core/GerberLibrary.Core.csproj]
/Users/admin/Projects/GerberTools/GerberLibrary.Core/External/clipper.cs(1932,26): warning CS8600: Converting null literal or possible null value to non-nullable type. [/Users/admin/Projects/GerberTools/GerberLibrary.Core/GerberLibrary.Core.csproj]
/Users/admin/Projects/GerberTools/GerberLibrary.Core/Artwork Related/GerberArtWriter.cs(2727,29): warning CS8600: Converting null literal or possible null value to non-nullable type. [/Users/admin/Projects/GerberTools/GerberLibrary.Core/GerberLibrary.Core.csproj]
/Users/admin/Projects/GerberTools/GerberLibrary.Core/Artwork Related/GerberArtWriter.cs(2729,54): warning CS8600: Converting null literal or possible null value to non-nullable type. [/Users/admin/Projects/GerberTools/GerberLibrary.Core/GerberLibrary.Core.csproj]
/Users/admin/Projects/GerberTools/GerberLibrary.Core/Artwork Related/GerberArtWriter.cs(2732,66): warning CS8600: Converting null literal or possible null value to non-nullable type. [/Users/admin/Projects/GerberTools/GerberLibrary.Core/GerberLibrary.Core.csproj]
/Users/admin/Projects/GerberTools/GerberLibrary.Core/Artwork Related/GerberArtWriter.cs(2746,123): warning CS8604: Possible null reference argument for parameter 'FS' in 'void GerberArtWriter.DrawString(PointD Start, FontSet FS, string text, double size, double strokewidth, StringAlign SA, bool Reverse = false, double rotation = 0, bool Polygonized = false)'. [/Users/admin/Projects/GerberTools/GerberLibrary.Core/GerberLibrary.Core.csproj]
/Users/admin/Projects/GerberTools/GerberLibrary.Core/Artwork Related/GerberOutlineWriter.cs(553,75): warning CS8625: Cannot convert null literal to non-nullable reference type. [/Users/admin/Projects/GerberTools/GerberLibrary.Core/GerberLibrary.Core.csproj]
/Users/admin/Projects/GerberTools/GerberLibrary.Core/Artwork Related/GerberOutlineWriter.cs(568,13): warning CS0162: Unreachable code detected [/Users/admin/Projects/GerberTools/GerberLibrary.Core/GerberLibrary.Core.csproj]
/Users/admin/Projects/GerberTools/GerberLibrary.Core/External/clipper.cs(2058,30): warning CS8625: Cannot convert null literal to non-nullable reference type. [/Users/admin/Projects/GerberTools/GerberLibrary.Core/GerberLibrary.Core.csproj]
/Users/admin/Projects/GerberTools/GerberLibrary.Core/External/clipper.cs(2065,25): warning CS8625: Cannot convert null literal to non-nullable reference type. [/Users/admin/Projects/GerberTools/GerberLibrary.Core/GerberLibrary.Core.csproj]
/Users/admin/Projects/GerberTools/GerberLibrary.Core/External/clipper.cs(2066,30): warning CS8625: Cannot convert null literal to non-nullable reference type. [/Users/admin/Projects/GerberTools/GerberLibrary.Core/GerberLibrary.Core.csproj]
/Users/admin/Projects/GerberTools/GerberLibrary.Core/EagleThings/LibraryLoader.cs(1841,24): warning CS8603: Possible null reference return. [/Users/admin/Projects/GerberTools/GerberLibrary.Core/GerberLibrary.Core.csproj]
/Users/admin/Projects/GerberTools/GerberLibrary.Core/EagleThings/LibraryLoader.cs(1864,24): warning CS8603: Possible null reference return. [/Users/admin/Projects/GerberTools/GerberLibrary.Core/GerberLibrary.Core.csproj]
/Users/admin/Projects/GerberTools/GerberLibrary.Core/Artwork Related/GerberOutlineWriter.cs(130,27): warning CS8625: Cannot convert null literal to non-nullable reference type. [/Users/admin/Projects/GerberTools/GerberLibrary.Core/GerberLibrary.Core.csproj]
/Users/admin/Projects/GerberTools/GerberLibrary.Core/External/clipper.cs(2294,37): warning CS8601: Possible null reference assignment. [/Users/admin/Projects/GerberTools/GerberLibrary.Core/GerberLibrary.Core.csproj]
/Users/admin/Projects/GerberTools/GerberLibrary.Core/External/clipper.cs(2295,34): warning CS8601: Possible null reference assignment. [/Users/admin/Projects/GerberTools/GerberLibrary.Core/GerberLibrary.Core.csproj]
/Users/admin/Projects/GerberTools/GerberLibrary.Core/External/clipper.cs(2297,37): warning CS8601: Possible null reference assignment. [/Users/admin/Projects/GerberTools/GerberLibrary.Core/GerberLibrary.Core.csproj]
/Users/admin/Projects/GerberTools/GerberLibrary.Core/External/clipper.cs(2298,27): warning CS8625: Cannot convert null literal to non-nullable reference type. [/Users/admin/Projects/GerberTools/GerberLibrary.Core/GerberLibrary.Core.csproj]
/Users/admin/Projects/GerberTools/GerberLibrary.Core/External/clipper.cs(2299,27): warning CS8625: Cannot convert null literal to non-nullable reference type. [/Users/admin/Projects/GerberTools/GerberLibrary.Core/GerberLibrary.Core.csproj]
/Users/admin/Projects/GerberTools/GerberLibrary.Core/External/clipper.cs(2310,37): warning CS8601: Possible null reference assignment. [/Users/admin/Projects/GerberTools/GerberLibrary.Core/GerberLibrary.Core.csproj]
/Users/admin/Projects/GerberTools/GerberLibrary.Core/External/clipper.cs(2311,34): warning CS8601: Possible null reference assignment. [/Users/admin/Projects/GerberTools/GerberLibrary.Core/GerberLibrary.Core.csproj]
/Users/admin/Projects/GerberTools/GerberLibrary.Core/External/clipper.cs(2313,37): warning CS8601: Possible null reference assignment. [/Users/admin/Projects/GerberTools/GerberLibrary.Core/GerberLibrary.Core.csproj]
/Users/admin/Projects/GerberTools/GerberLibrary.Core/External/clipper.cs(2314,27): warning CS8625: Cannot convert null literal to non-nullable reference type. [/Users/admin/Projects/GerberTools/GerberLibrary.Core/GerberLibrary.Core.csproj]
/Users/admin/Projects/GerberTools/GerberLibrary.Core/External/clipper.cs(2315,27): warning CS8625: Cannot convert null literal to non-nullable reference type. [/Users/admin/Projects/GerberTools/GerberLibrary.Core/GerberLibrary.Core.csproj]
/Users/admin/Projects/GerberTools/GerberLibrary.Core/External/clipper.cs(2336,27): warning CS8601: Possible null reference assignment. [/Users/admin/Projects/GerberTools/GerberLibrary.Core/GerberLibrary.Core.csproj]
/Users/admin/Projects/GerberTools/GerberLibrary.Core/External/clipper.cs(2337,27): warning CS8601: Possible null reference assignment. [/Users/admin/Projects/GerberTools/GerberLibrary.Core/GerberLibrary.Core.csproj]
/Users/admin/Projects/GerberTools/GerberLibrary.Core/Artwork Related/SVGWriter.cs(192,61): error CS1061: 'Color' does not contain a definition for 'R' and no accessible extension method 'R' accepting a first argument of type 'Color' could be found (are you missing a using directive or an assembly reference?) [/Users/admin/Projects/GerberTools/GerberLibrary.Core/GerberLibrary.Core.csproj]
/Users/admin/Projects/GerberTools/GerberLibrary.Core/Artwork Related/SVGWriter.cs(192,66): error CS1061: 'Color' does not contain a definition for 'G' and no accessible extension method 'G' accepting a first argument of type 'Color' could be found (are you missing a using directive or an assembly reference?) [/Users/admin/Projects/GerberTools/GerberLibrary.Core/GerberLibrary.Core.csproj]
/Users/admin/Projects/GerberTools/GerberLibrary.Core/Artwork Related/SVGWriter.cs(192,71): error CS1061: 'Color' does not contain a definition for 'B' and no accessible extension method 'B' accepting a first argument of type 'Color' could be found (are you missing a using directive or an assembly reference?) [/Users/admin/Projects/GerberTools/GerberLibrary.Core/GerberLibrary.Core.csproj]
/Users/admin/Projects/GerberTools/GerberLibrary.Core/Artwork Related/SVGWriter.cs(192,76): error CS1061: 'Color' does not contain a definition for 'A' and no accessible extension method 'A' accepting a first argument of type 'Color' could be found (are you missing a using directive or an assembly reference?) [/Users/admin/Projects/GerberTools/GerberLibrary.Core/GerberLibrary.Core.csproj]
/Users/admin/Projects/GerberTools/GerberLibrary.Core/Artwork Related/SVGWriter.cs(210,16): warning CS8618: Non-nullable property 'InterpolationMode' must contain a non-null value when exiting constructor. Consider adding the 'required' modifier or declaring the property as nullable. [/Users/admin/Projects/GerberTools/GerberLibrary.Core/GerberLibrary.Core.csproj]
/Users/admin/Projects/GerberTools/GerberLibrary.Core/Artwork Related/SVGWriter.cs(216,16): warning CS8618: Non-nullable property 'InterpolationMode' must contain a non-null value when exiting constructor. Consider adding the 'required' modifier or declaring the property as nullable. [/Users/admin/Projects/GerberTools/GerberLibrary.Core/GerberLibrary.Core.csproj]
/Users/admin/Projects/GerberTools/GerberLibrary.Core/Core/ExcellonFile.cs(46,27): warning CS8604: Possible null reference argument for parameter 'item' in 'void List<string>.Add(string item)'. [/Users/admin/Projects/GerberTools/GerberLibrary.Core/GerberLibrary.Core.csproj]
/Users/admin/Projects/GerberTools/GerberLibrary.Core/Artwork Related/GerberOutlineWriter.cs(198,27): warning CS8618: Non-nullable field 'Pos' must contain a non-null value when exiting constructor. Consider adding the 'required' modifier or declaring the field as nullable. [/Users/admin/Projects/GerberTools/GerberLibrary.Core/GerberLibrary.Core.csproj]
/Users/admin/Projects/GerberTools/GerberLibrary.Core/External/clipper.cs(2374,28): warning CS8600: Converting null literal or possible null value to non-nullable type. [/Users/admin/Projects/GerberTools/GerberLibrary.Core/GerberLibrary.Core.csproj]
/Users/admin/Projects/GerberTools/GerberLibrary.Core/External/clipper.cs(2383,40): warning CS8604: Possible null reference argument for parameter 'e2' in 'bool ClipperBase.SlopesEqual(TEdge e1, TEdge e2, bool UseFullRange)'. [/Users/admin/Projects/GerberTools/GerberLibrary.Core/GerberLibrary.Core.csproj]
/Users/admin/Projects/GerberTools/GerberLibrary.Core/External/clipper.cs(2448,46): warning CS8604: Possible null reference argument for parameter 'e2' in 'void Clipper.IntersectEdges(TEdge e1, TEdge e2, IntPoint pt, Protects protects)'. [/Users/admin/Projects/GerberTools/GerberLibrary.Core/GerberLibrary.Core.csproj]
/Users/admin/Projects/GerberTools/GerberLibrary.Core/External/clipper.cs(2450,31): warning CS8604: Possible null reference argument for parameter 'e' in 'void Clipper.DeleteFromAEL(TEdge e)'. [/Users/admin/Projects/GerberTools/GerberLibrary.Core/GerberLibrary.Core.csproj]
/Users/admin/Projects/GerberTools/GerberLibrary.Core/External/clipper.cs(2513,29): warning CS8625: Cannot convert null literal to non-nullable reference type. [/Users/admin/Projects/GerberTools/GerberLibrary.Core/GerberLibrary.Core.csproj]
/Users/admin/Projects/GerberTools/GerberLibrary.Core/External/clipper.cs(2517,27): warning CS8625: Cannot convert null literal to non-nullable reference type. [/Users/admin/Projects/GerberTools/GerberLibrary.Core/GerberLibrary.Core.csproj]
/Users/admin/Projects/GerberTools/GerberLibrary.Core/External/clipper.cs(2563,63): warning CS8625: Cannot convert null literal to non-nullable reference type. [/Users/admin/Projects/GerberTools/GerberLibrary.Core/GerberLibrary.Core.csproj]
/Users/admin/Projects/GerberTools/GerberLibrary.Core/External/clipper.cs(2566,27): warning CS8625: Cannot convert null literal to non-nullable reference type. [/Users/admin/Projects/GerberTools/GerberLibrary.Core/GerberLibrary.Core.csproj]
/Users/admin/Projects/GerberTools/GerberLibrary.Core/External/clipper.cs(2612,32): warning CS8625: Cannot convert null literal to non-nullable reference type. [/Users/admin/Projects/GerberTools/GerberLibrary.Core/GerberLibrary.Core.csproj]
/Users/admin/Projects/GerberTools/GerberLibrary.Core/External/clipper.cs(2638,26): warning CS8625: Cannot convert null literal to non-nullable reference type. [/Users/admin/Projects/GerberTools/GerberLibrary.Core/GerberLibrary.Core.csproj]
/Users/admin/Projects/GerberTools/GerberLibrary.Core/External/clipper.cs(2650,28): warning CS8601: Possible null reference assignment. [/Users/admin/Projects/GerberTools/GerberLibrary.Core/GerberLibrary.Core.csproj]
/Users/admin/Projects/GerberTools/GerberLibrary.Core/EagleThings/LibraryLoader.cs(1929,168): warning CS8625: Cannot convert null literal to non-nullable reference type. [/Users/admin/Projects/GerberTools/GerberLibrary.Core/GerberLibrary.Core.csproj]
/Users/admin/Projects/GerberTools/GerberLibrary.Core/EagleThings/LibraryLoader.cs(1934,193): warning CS8625: Cannot convert null literal to non-nullable reference type. [/Users/admin/Projects/GerberTools/GerberLibrary.Core/GerberLibrary.Core.csproj]
/Users/admin/Projects/GerberTools/GerberLibrary.Core/EagleThings/LibraryLoader.cs(1939,141): warning CS8625: Cannot convert null literal to non-nullable reference type. [/Users/admin/Projects/GerberTools/GerberLibrary.Core/GerberLibrary.Core.csproj]
/Users/admin/Projects/GerberTools/GerberLibrary.Core/EagleThings/LibraryLoader.cs(1944,212): warning CS8625: Cannot convert null literal to non-nullable reference type. [/Users/admin/Projects/GerberTools/GerberLibrary.Core/GerberLibrary.Core.csproj]
/Users/admin/Projects/GerberTools/GerberLibrary.Core/EagleThings/LibraryLoader.cs(1961,242): warning CS8625: Cannot convert null literal to non-nullable reference type. [/Users/admin/Projects/GerberTools/GerberLibrary.Core/GerberLibrary.Core.csproj]
/Users/admin/Projects/GerberTools/GerberLibrary.Core/EagleThings/LibraryLoader.cs(1965,168): warning CS8625: Cannot convert null literal to non-nullable reference type. [/Users/admin/Projects/GerberTools/GerberLibrary.Core/GerberLibrary.Core.csproj]
/Users/admin/Projects/GerberTools/GerberLibrary.Core/EagleThings/LibraryLoader.cs(1969,143): warning CS8625: Cannot convert null literal to non-nullable reference type. [/Users/admin/Projects/GerberTools/GerberLibrary.Core/GerberLibrary.Core.csproj]
/Users/admin/Projects/GerberTools/GerberLibrary.Core/EagleThings/LibraryLoader.cs(1973,193): warning CS8625: Cannot convert null literal to non-nullable reference type. [/Users/admin/Projects/GerberTools/GerberLibrary.Core/GerberLibrary.Core.csproj]
/Users/admin/Projects/GerberTools/GerberLibrary.Core/EagleThings/LibraryLoader.cs(1983,141): warning CS8625: Cannot convert null literal to non-nullable reference type. [/Users/admin/Projects/GerberTools/GerberLibrary.Core/GerberLibrary.Core.csproj]
/Users/admin/Projects/GerberTools/GerberLibrary.Core/EagleThings/LibraryLoader.cs(1987,212): warning CS8625: Cannot convert null literal to non-nullable reference type. [/Users/admin/Projects/GerberTools/GerberLibrary.Core/GerberLibrary.Core.csproj]
/Users/admin/Projects/GerberTools/GerberLibrary.Core/EagleThings/LibraryLoader.cs(2030,24): warning CS8603: Possible null reference return. [/Users/admin/Projects/GerberTools/GerberLibrary.Core/GerberLibrary.Core.csproj]
/Users/admin/Projects/GerberTools/GerberLibrary.Core/EagleThings/LibraryLoader.cs(2037,45): warning CS8603: Possible null reference return. [/Users/admin/Projects/GerberTools/GerberLibrary.Core/GerberLibrary.Core.csproj]
/Users/admin/Projects/GerberTools/GerberLibrary.Core/EagleThings/LibraryLoader.cs(2040,24): warning CS8603: Possible null reference return. [/Users/admin/Projects/GerberTools/GerberLibrary.Core/GerberLibrary.Core.csproj]
/Users/admin/Projects/GerberTools/GerberLibrary.Core/EagleThings/LibraryLoader.cs(2050,24): warning CS8603: Possible null reference return. [/Users/admin/Projects/GerberTools/GerberLibrary.Core/GerberLibrary.Core.csproj]
/Users/admin/Projects/GerberTools/GerberLibrary.Core/EagleThings/LibraryLoader.cs(2059,24): warning CS8603: Possible null reference return. [/Users/admin/Projects/GerberTools/GerberLibrary.Core/GerberLibrary.Core.csproj]
/Users/admin/Projects/GerberTools/GerberLibrary.Core/External/clipper.cs(2744,32): warning CS8625: Cannot convert null literal to non-nullable reference type. [/Users/admin/Projects/GerberTools/GerberLibrary.Core/GerberLibrary.Core.csproj]
/Users/admin/Projects/GerberTools/GerberLibrary.Core/Core/SickOfBeige.cs(720,38): error CS0144: Cannot create an instance of the abstract type or interface 'Pen' [/Users/admin/Projects/GerberTools/GerberLibrary.Core/GerberLibrary.Core.csproj]
/Users/admin/Projects/GerberTools/GerberLibrary.Core/Core/SickOfBeige.cs(721,38): error CS0144: Cannot create an instance of the abstract type or interface 'Pen' [/Users/admin/Projects/GerberTools/GerberLibrary.Core/GerberLibrary.Core.csproj]
/Users/admin/Projects/GerberTools/GerberLibrary.Core/Core/SickOfBeige.cs(728,46): error CS0103: The name 'pen' does not exist in the current context [/Users/admin/Projects/GerberTools/GerberLibrary.Core/GerberLibrary.Core.csproj]
/Users/admin/Projects/GerberTools/GerberLibrary.Core/Core/SickOfBeige.cs(553,32): warning CS8600: Converting null literal or possible null value to non-nullable type. [/Users/admin/Projects/GerberTools/GerberLibrary.Core/GerberLibrary.Core.csproj]
/Users/admin/Projects/GerberTools/GerberLibrary.Core/Core/SickOfBeige.cs(704,32): warning CS8604: Possible null reference argument for parameter 'a' in 'void Bounds.AddPolyLine(PolyLine a, double expansion = 0)'. [/Users/admin/Projects/GerberTools/GerberLibrary.Core/GerberLibrary.Core.csproj]
/Users/admin/Projects/GerberTools/GerberLibrary.Core/Artwork Related/GerberOutlineWriter.cs(602,47): warning CS8604: Possible null reference argument for parameter 'path1' in 'string Path.Combine(string path1, string path2)'. [/Users/admin/Projects/GerberTools/GerberLibrary.Core/GerberLibrary.Core.csproj]
/Users/admin/Projects/GerberTools/GerberLibrary.Core/Artwork Related/GerberOutlineWriter.cs(786,42): warning CS8604: Possible null reference argument for parameter 'targetfolder' in 'List<string> PCBWriterSet.Write(string targetfolder, string basename, BOM inFiducialBom, PointD offset = null)'. [/Users/admin/Projects/GerberTools/GerberLibrary.Core/GerberLibrary.Core.csproj]
/Users/admin/Projects/GerberTools/GerberLibrary.Core/Artwork Related/GerberOutlineWriter.cs(794,74): warning CS8625: Cannot convert null literal to non-nullable reference type. [/Users/admin/Projects/GerberTools/GerberLibrary.Core/GerberLibrary.Core.csproj]
/Users/admin/Projects/GerberTools/GerberLibrary.Core/Core/SickOfBeige.cs(94,58): warning CS8604: Possible null reference argument for parameter 'Logger' in 'void GerberSet.AddFileToSet(MemoryStream MS, string aname, ProgressLog Logger, double drillscaler = 1)'. [/Users/admin/Projects/GerberTools/GerberLibrary.Core/GerberLibrary.Core.csproj]
/Users/admin/Projects/GerberTools/GerberLibrary.Core/Core/SickOfBeige.cs(105,42): warning CS8604: Possible null reference argument for parameter 'Logger' in 'void GerberSet.AddFileToSet(MemoryStream MS, string aname, ProgressLog Logger, double drillscaler = 1)'. [/Users/admin/Projects/GerberTools/GerberLibrary.Core/GerberLibrary.Core.csproj]
/Users/admin/Projects/GerberTools/GerberLibrary.Core/Core/SickOfBeige.cs(112,43): warning CS8604: Possible null reference argument for parameter 'Logger' in 'void GerberSet.FixEagleDrillExportIssues(ProgressLog Logger)'. [/Users/admin/Projects/GerberTools/GerberLibrary.Core/GerberLibrary.Core.csproj]
/Users/admin/Projects/GerberTools/GerberLibrary.Core/Core/SickOfBeige.cs(127,20): warning CS8603: Possible null reference return. [/Users/admin/Projects/GerberTools/GerberLibrary.Core/GerberLibrary.Core.csproj]
/Users/admin/Projects/GerberTools/GerberLibrary.Core/Core/SickOfBeige.cs(143,28): warning CS8603: Possible null reference return. [/Users/admin/Projects/GerberTools/GerberLibrary.Core/GerberLibrary.Core.csproj]
/Users/admin/Projects/GerberTools/GerberLibrary.Core/Core/SickOfBeige.cs(201,25): warning CS8600: Converting null literal or possible null value to non-nullable type. [/Users/admin/Projects/GerberTools/GerberLibrary.Core/GerberLibrary.Core.csproj]
/Users/admin/Projects/GerberTools/GerberLibrary.Core/Core/SickOfBeige.cs(204,20): warning CS8603: Possible null reference return. [/Users/admin/Projects/GerberTools/GerberLibrary.Core/GerberLibrary.Core.csproj]
/Users/admin/Projects/GerberTools/GerberLibrary.Core/Core/Factory.cs(17,33): warning CS8600: Converting null literal or possible null value to non-nullable type. [/Users/admin/Projects/GerberTools/GerberLibrary.Core/GerberLibrary.Core.csproj]
/Users/admin/Projects/GerberTools/GerberLibrary.Core/Core/Factory.cs(20,49): warning CS8604: Possible null reference argument for parameter 'path1' in 'string Path.Combine(string path1, string path2)'. [/Users/admin/Projects/GerberTools/GerberLibrary.Core/GerberLibrary.Core.csproj]
/Users/admin/Projects/GerberTools/GerberLibrary.Core/Core/Algorithms/QuadTree.cs(98,36): error CS0144: Cannot create an instance of the abstract type or interface 'Pen' [/Users/admin/Projects/GerberTools/GerberLibrary.Core/GerberLibrary.Core.csproj]
/Users/admin/Projects/GerberTools/GerberLibrary.Core/Core/Factory.cs(78,33): warning CS8600: Converting null literal or possible null value to non-nullable type. [/Users/admin/Projects/GerberTools/GerberLibrary.Core/GerberLibrary.Core.csproj]
/Users/admin/Projects/GerberTools/GerberLibrary.Core/Core/Factory.cs(81,49): warning CS8604: Possible null reference argument for parameter 'path1' in 'string Path.Combine(string path1, string path2)'. [/Users/admin/Projects/GerberTools/GerberLibrary.Core/GerberLibrary.Core.csproj]
/Users/admin/Projects/GerberTools/GerberLibrary.Core/Core/Factory.cs(92,53): warning CS8604: Possible null reference argument for parameter 'path1' in 'string Path.Combine(string path1, string path2)'. [/Users/admin/Projects/GerberTools/GerberLibrary.Core/GerberLibrary.Core.csproj]
/Users/admin/Projects/GerberTools/GerberLibrary.Core/Core/Factory.cs(110,93): warning CS8625: Cannot convert null literal to non-nullable reference type. [/Users/admin/Projects/GerberTools/GerberLibrary.Core/GerberLibrary.Core.csproj]
/Users/admin/Projects/GerberTools/GerberLibrary.Core/Core/Factory.cs(125,53): warning CS8604: Possible null reference argument for parameter 'path1' in 'string Path.Combine(string path1, string path2)'. [/Users/admin/Projects/GerberTools/GerberLibrary.Core/GerberLibrary.Core.csproj]
/Users/admin/Projects/GerberTools/GerberLibrary.Core/Core/Factory.cs(138,58): warning CS8604: Possible null reference argument for parameter 'path1' in 'string Path.Combine(string path1, string path2)'. [/Users/admin/Projects/GerberTools/GerberLibrary.Core/GerberLibrary.Core.csproj]
/Users/admin/Projects/GerberTools/GerberLibrary.Core/Core/Factory.cs(139,58): warning CS8604: Possible null reference argument for parameter 'path1' in 'string Path.Combine(string path1, string path2)'. [/Users/admin/Projects/GerberTools/GerberLibrary.Core/GerberLibrary.Core.csproj]
/Users/admin/Projects/GerberTools/GerberLibrary.Core/Core/Algorithms/QuadTree.cs(109,40): error CS1503: Argument 1: cannot convert from 'SixLabors.ImageSharp.Drawing.Processing.SolidBrush' to 'GerberLibrary.Core.Primitives.SolidBrush' [/Users/admin/Projects/GerberTools/GerberLibrary.Core/GerberLibrary.Core.csproj]
/Users/admin/Projects/GerberTools/GerberLibrary.Core/Artwork Related/GerberArtWriter.cs(1550,78): error CS1501: No overload for method 'Min' takes 1 arguments [/Users/admin/Projects/GerberTools/GerberLibrary.Core/GerberLibrary.Core.csproj]
/Users/admin/Projects/GerberTools/GerberLibrary.Core/Artwork Related/GerberArtWriter.cs(1550,133): error CS0030: Cannot convert type '(int, int)' to 'byte' [/Users/admin/Projects/GerberTools/GerberLibrary.Core/GerberLibrary.Core.csproj]
/Users/admin/Projects/GerberTools/GerberLibrary.Core/EagleThings/LibraryLoader.cs(1754,28): warning CS8603: Possible null reference return. [/Users/admin/Projects/GerberTools/GerberLibrary.Core/GerberLibrary.Core.csproj]
/Users/admin/Projects/GerberTools/GerberLibrary.Core/EagleThings/LibraryLoader.cs(1729,31): warning CS8618: Non-nullable field 'library' must contain a non-null value when exiting constructor. Consider adding the 'required' modifier or declaring the field as nullable. [/Users/admin/Projects/GerberTools/GerberLibrary.Core/GerberLibrary.Core.csproj]
/Users/admin/Projects/GerberTools/GerberLibrary.Core/EagleThings/LibraryLoader.cs(1730,31): warning CS8618: Non-nullable field 'package' must contain a non-null value when exiting constructor. Consider adding the 'required' modifier or declaring the field as nullable. [/Users/admin/Projects/GerberTools/GerberLibrary.Core/GerberLibrary.Core.csproj]
/Users/admin/Projects/GerberTools/GerberLibrary.Core/EagleThings/LibraryLoader.cs(1731,31): warning CS8618: Non-nullable field 'device' must contain a non-null value when exiting constructor. Consider adding the 'required' modifier or declaring the field as nullable. [/Users/admin/Projects/GerberTools/GerberLibrary.Core/GerberLibrary.Core.csproj]
/Users/admin/Projects/GerberTools/GerberLibrary.Core/EagleThings/LibraryLoader.cs(1732,37): warning CS8618: Non-nullable field 'rot' must contain a non-null value when exiting constructor. Consider adding the 'required' modifier or declaring the field as nullable. [/Users/admin/Projects/GerberTools/GerberLibrary.Core/GerberLibrary.Core.csproj]
/Users/admin/Projects/GerberTools/GerberLibrary.Core/EagleThings/LibraryLoader.cs(1735,31): warning CS8618: Non-nullable field 'desc' must contain a non-null value when exiting constructor. Consider adding the 'required' modifier or declaring the field as nullable. [/Users/admin/Projects/GerberTools/GerberLibrary.Core/GerberLibrary.Core.csproj]
/Users/admin/Projects/GerberTools/GerberLibrary.Core/EagleThings/LibraryLoader.cs(1736,31): warning CS8618: Non-nullable field 'value' must contain a non-null value when exiting constructor. Consider adding the 'required' modifier or declaring the field as nullable. [/Users/admin/Projects/GerberTools/GerberLibrary.Core/GerberLibrary.Core.csproj]
/Users/admin/Projects/GerberTools/GerberLibrary.Core/EagleThings/LibraryLoader.cs(1737,31): warning CS8618: Non-nullable field 'deviceset' must contain a non-null value when exiting constructor. Consider adding the 'required' modifier or declaring the field as nullable. [/Users/admin/Projects/GerberTools/GerberLibrary.Core/GerberLibrary.Core.csproj]
/Users/admin/Projects/GerberTools/GerberLibrary.Core/EagleThings/LibraryLoader.cs(1738,31): warning CS8618: Non-nullable field 'name' must contain a non-null value when exiting constructor. Consider adding the 'required' modifier or declaring the field as nullable. [/Users/admin/Projects/GerberTools/GerberLibrary.Core/GerberLibrary.Core.csproj]
/Users/admin/Projects/GerberTools/GerberLibrary.Core/EagleThings/LibraryLoader.cs(1739,31): warning CS8618: Non-nullable field 'sizedesc' must contain a non-null value when exiting constructor. Consider adding the 'required' modifier or declaring the field as nullable. [/Users/admin/Projects/GerberTools/GerberLibrary.Core/GerberLibrary.Core.csproj]
/Users/admin/Projects/GerberTools/GerberLibrary.Core/Artwork Related/GerberArtWriter.cs(1079,31): warning CS8618: Non-nullable field 'Start' must contain a non-null value when exiting constructor. Consider adding the 'required' modifier or declaring the field as nullable. [/Users/admin/Projects/GerberTools/GerberLibrary.Core/GerberLibrary.Core.csproj]
/Users/admin/Projects/GerberTools/GerberLibrary.Core/Artwork Related/GerberArtWriter.cs(1080,31): warning CS8618: Non-nullable field 'End' must contain a non-null value when exiting constructor. Consider adding the 'required' modifier or declaring the field as nullable. [/Users/admin/Projects/GerberTools/GerberLibrary.Core/GerberLibrary.Core.csproj]
/Users/admin/Projects/GerberTools/GerberLibrary.Core/Core/ExcellonFile.cs(327,27): warning CS8600: Converting null literal or possible null value to non-nullable type. [/Users/admin/Projects/GerberTools/GerberLibrary.Core/GerberLibrary.Core.csproj]
/Users/admin/Projects/GerberTools/GerberLibrary.Core/Core/ExcellonFile.cs(330,21): warning CS8604: Possible null reference argument for parameter 'a' in 'bool PointD.operator ==(PointD a, PointD b)'. [/Users/admin/Projects/GerberTools/GerberLibrary.Core/GerberLibrary.Core.csproj]
/Users/admin/Projects/GerberTools/GerberLibrary.Core/Core/ExcellonFile.cs(370,37): warning CS8625: Cannot convert null literal to non-nullable reference type. [/Users/admin/Projects/GerberTools/GerberLibrary.Core/GerberLibrary.Core.csproj]
/Users/admin/Projects/GerberTools/GerberLibrary.Core/EagleThings/LibraryLoader.cs(1717,31): warning CS8618: Non-nullable field 'name' must contain a non-null value when exiting constructor. Consider adding the 'required' modifier or declaring the field as nullable. [/Users/admin/Projects/GerberTools/GerberLibrary.Core/GerberLibrary.Core.csproj]
/Users/admin/Projects/GerberTools/GerberLibrary.Core/EagleThings/LibraryLoader.cs(1718,37): warning CS8618: Non-nullable field 'signal' must contain a non-null value when exiting constructor. Consider adding the 'required' modifier or declaring the field as nullable. [/Users/admin/Projects/GerberTools/GerberLibrary.Core/GerberLibrary.Core.csproj]
/Users/admin/Projects/GerberTools/GerberLibrary.Core/Core/Gerber.cs(103,59): warning CS8603: Possible null reference return. [/Users/admin/Projects/GerberTools/GerberLibrary.Core/GerberLibrary.Core.csproj]
/Users/admin/Projects/GerberTools/GerberLibrary.Core/Core/Gerber.cs(119,20): warning CS8603: Possible null reference return. [/Users/admin/Projects/GerberTools/GerberLibrary.Core/GerberLibrary.Core.csproj]
/Users/admin/Projects/GerberTools/GerberLibrary.Core/Core/SickOfBeige.cs(400,48): warning CS8604: Possible null reference argument for parameter 'Logger' in 'void GerberSet.AddFileToSet(string aname, ProgressLog Logger, double drillscaler = 1)'. [/Users/admin/Projects/GerberTools/GerberLibrary.Core/GerberLibrary.Core.csproj]
/Users/admin/Projects/GerberTools/GerberLibrary.Core/Core/Gerber.cs(126,58): warning CS8603: Possible null reference return. [/Users/admin/Projects/GerberTools/GerberLibrary.Core/GerberLibrary.Core.csproj]
/Users/admin/Projects/GerberTools/GerberLibrary.Core/Core/Gerber.cs(135,20): warning CS8603: Possible null reference return. [/Users/admin/Projects/GerberTools/GerberLibrary.Core/GerberLibrary.Core.csproj]
/Users/admin/Projects/GerberTools/GerberLibrary.Core/EagleThings/LibraryLoader.cs(1353,25): warning CS8600: Converting null literal or possible null value to non-nullable type. [/Users/admin/Projects/GerberTools/GerberLibrary.Core/GerberLibrary.Core.csproj]
/Users/admin/Projects/GerberTools/GerberLibrary.Core/EagleThings/LibraryLoader.cs(1357,21): warning CS8602: Dereference of a possibly null reference. [/Users/admin/Projects/GerberTools/GerberLibrary.Core/GerberLibrary.Core.csproj]
/Users/admin/Projects/GerberTools/GerberLibrary.Core/Artwork Related/GerberArtWriter.cs(1025,31): warning CS8618: Non-nullable field 'Start' must contain a non-null value when exiting constructor. Consider adding the 'required' modifier or declaring the field as nullable. [/Users/admin/Projects/GerberTools/GerberLibrary.Core/GerberLibrary.Core.csproj]
/Users/admin/Projects/GerberTools/GerberLibrary.Core/Core/SickOfBeige.cs(432,36): warning CS8600: Converting null literal or possible null value to non-nullable type. [/Users/admin/Projects/GerberTools/GerberLibrary.Core/GerberLibrary.Core.csproj]
/Users/admin/Projects/GerberTools/GerberLibrary.Core/Core/SickOfBeige.cs(433,32): warning CS8600: Converting null literal or possible null value to non-nullable type. [/Users/admin/Projects/GerberTools/GerberLibrary.Core/GerberLibrary.Core.csproj]
/Users/admin/Projects/GerberTools/GerberLibrary.Core/Core/SickOfBeige.cs(454,101): warning CS8602: Dereference of a possibly null reference. [/Users/admin/Projects/GerberTools/GerberLibrary.Core/GerberLibrary.Core.csproj]
/Users/admin/Projects/GerberTools/GerberLibrary.Core/Core/SickOfBeige.cs(457,46): warning CS8604: Possible null reference argument for parameter 'item' in 'bool List<PolyLine>.Remove(PolyLine item)'. [/Users/admin/Projects/GerberTools/GerberLibrary.Core/GerberLibrary.Core.csproj]
/Users/admin/Projects/GerberTools/GerberLibrary.Core/Core/SickOfBeige.cs(467,13): warning CS8602: Dereference of a possibly null reference. [/Users/admin/Projects/GerberTools/GerberLibrary.Core/GerberLibrary.Core.csproj]
/Users/admin/Projects/GerberTools/GerberLibrary.Core/Core/Gerber.cs(143,36): error CS0104: 'Path' is an ambiguous reference between 'SixLabors.ImageSharp.Drawing.Path' and 'System.IO.Path' [/Users/admin/Projects/GerberTools/GerberLibrary.Core/GerberLibrary.Core.csproj]
/Users/admin/Projects/GerberTools/GerberLibrary.Core/Core/Gerber.cs(176,53): error CS0104: 'Path' is an ambiguous reference between 'SixLabors.ImageSharp.Drawing.Path' and 'System.IO.Path' [/Users/admin/Projects/GerberTools/GerberLibrary.Core/GerberLibrary.Core.csproj]
/Users/admin/Projects/GerberTools/GerberLibrary.Core/Core/Gerber.cs(176,99): error CS0104: 'Path' is an ambiguous reference between 'SixLabors.ImageSharp.Drawing.Path' and 'System.IO.Path' [/Users/admin/Projects/GerberTools/GerberLibrary.Core/GerberLibrary.Core.csproj]
/Users/admin/Projects/GerberTools/GerberLibrary.Core/Core/Gerber.cs(196,45): error CS0104: 'Path' is an ambiguous reference between 'SixLabors.ImageSharp.Drawing.Path' and 'System.IO.Path' [/Users/admin/Projects/GerberTools/GerberLibrary.Core/GerberLibrary.Core.csproj]
/Users/admin/Projects/GerberTools/GerberLibrary.Core/Core/Gerber.cs(211,55): error CS0104: 'Path' is an ambiguous reference between 'SixLabors.ImageSharp.Drawing.Path' and 'System.IO.Path' [/Users/admin/Projects/GerberTools/GerberLibrary.Core/GerberLibrary.Core.csproj]
/Users/admin/Projects/GerberTools/GerberLibrary.Core/Core/SickOfBeige.cs(480,36): warning CS8600: Converting null literal or possible null value to non-nullable type. [/Users/admin/Projects/GerberTools/GerberLibrary.Core/GerberLibrary.Core.csproj]
/Users/admin/Projects/GerberTools/GerberLibrary.Core/Core/SickOfBeige.cs(481,32): warning CS8600: Converting null literal or possible null value to non-nullable type. [/Users/admin/Projects/GerberTools/GerberLibrary.Core/GerberLibrary.Core.csproj]
/Users/admin/Projects/GerberTools/GerberLibrary.Core/EagleThings/LibraryLoader.cs(1428,24): warning CS8603: Possible null reference return. [/Users/admin/Projects/GerberTools/GerberLibrary.Core/GerberLibrary.Core.csproj]
/Users/admin/Projects/GerberTools/GerberLibrary.Core/EagleThings/LibraryLoader.cs(1443,24): warning CS8603: Possible null reference return. [/Users/admin/Projects/GerberTools/GerberLibrary.Core/GerberLibrary.Core.csproj]
/Users/admin/Projects/GerberTools/GerberLibrary.Core/External/clipper.cs(2962,28): warning CS8600: Converting null literal or possible null value to non-nullable type. [/Users/admin/Projects/GerberTools/GerberLibrary.Core/GerberLibrary.Core.csproj]
/Users/admin/Projects/GerberTools/GerberLibrary.Core/External/clipper.cs(2963,31): warning CS8625: Cannot convert null literal to non-nullable reference type. [/Users/admin/Projects/GerberTools/GerberLibrary.Core/GerberLibrary.Core.csproj]
/Users/admin/Projects/GerberTools/GerberLibrary.Core/External/clipper.cs(2970,34): warning CS8625: Cannot convert null literal to non-nullable reference type. [/Users/admin/Projects/GerberTools/GerberLibrary.Core/GerberLibrary.Core.csproj]
/Users/admin/Projects/GerberTools/GerberLibrary.Core/External/clipper.cs(2977,30): warning CS8600: Converting null literal or possible null value to non-nullable type. [/Users/admin/Projects/GerberTools/GerberLibrary.Core/GerberLibrary.Core.csproj]
/Users/admin/Projects/GerberTools/GerberLibrary.Core/External/clipper.cs(2982,27): warning CS8600: Converting null literal or possible null value to non-nullable type. [/Users/admin/Projects/GerberTools/GerberLibrary.Core/GerberLibrary.Core.csproj]
/Users/admin/Projects/GerberTools/GerberLibrary.Core/EagleThings/LibraryLoader.cs(1325,27): warning CS8618: Non-nullable field 'Gate' must contain a non-null value when exiting constructor. Consider adding the 'required' modifier or declaring the field as nullable. [/Users/admin/Projects/GerberTools/GerberLibrary.Core/GerberLibrary.Core.csproj]
/Users/admin/Projects/GerberTools/GerberLibrary.Core/EagleThings/LibraryLoader.cs(1329,27): warning CS8618: Non-nullable field 'part' must contain a non-null value when exiting constructor. Consider adding the 'required' modifier or declaring the field as nullable. [/Users/admin/Projects/GerberTools/GerberLibrary.Core/GerberLibrary.Core.csproj]
/Users/admin/Projects/GerberTools/GerberLibrary.Core/Artwork Related/GerberArtWriter.cs(1663,34): warning CS8625: Cannot convert null literal to non-nullable reference type. [/Users/admin/Projects/GerberTools/GerberLibrary.Core/GerberLibrary.Core.csproj]
/Users/admin/Projects/GerberTools/GerberLibrary.Core/EagleThings/LibraryLoader.cs(1310,27): warning CS8618: Non-nullable field 'Name' must contain a non-null value when exiting constructor. Consider adding the 'required' modifier or declaring the field as nullable. [/Users/admin/Projects/GerberTools/GerberLibrary.Core/GerberLibrary.Core.csproj]
/Users/admin/Projects/GerberTools/GerberLibrary.Core/EagleThings/LibraryLoader.cs(1303,27): warning CS8618: Non-nullable field 'DeviceName' must contain a non-null value when exiting constructor. Consider adding the 'required' modifier or declaring the field as nullable. [/Users/admin/Projects/GerberTools/GerberLibrary.Core/GerberLibrary.Core.csproj]
/Users/admin/Projects/GerberTools/GerberLibrary.Core/EagleThings/LibraryLoader.cs(1304,27): warning CS8618: Non-nullable field 'PadName' must contain a non-null value when exiting constructor. Consider adding the 'required' modifier or declaring the field as nullable. [/Users/admin/Projects/GerberTools/GerberLibrary.Core/GerberLibrary.Core.csproj]
/Users/admin/Projects/GerberTools/GerberLibrary.Core/EagleThings/LibraryLoader.cs(1305,50): warning CS8618: Non-nullable field 'DevicePlacement' must contain a non-null value when exiting constructor. Consider adding the 'required' modifier or declaring the field as nullable. [/Users/admin/Projects/GerberTools/GerberLibrary.Core/GerberLibrary.Core.csproj]
/Users/admin/Projects/GerberTools/GerberLibrary.Core/EagleThings/LibraryLoader.cs(1295,27): warning CS8618: Non-nullable field 'PartName' must contain a non-null value when exiting constructor. Consider adding the 'required' modifier or declaring the field as nullable. [/Users/admin/Projects/GerberTools/GerberLibrary.Core/GerberLibrary.Core.csproj]
/Users/admin/Projects/GerberTools/GerberLibrary.Core/EagleThings/LibraryLoader.cs(1296,27): warning CS8618: Non-nullable field 'GateName' must contain a non-null value when exiting constructor. Consider adding the 'required' modifier or declaring the field as nullable. [/Users/admin/Projects/GerberTools/GerberLibrary.Core/GerberLibrary.Core.csproj]
/Users/admin/Projects/GerberTools/GerberLibrary.Core/EagleThings/LibraryLoader.cs(1297,27): warning CS8618: Non-nullable field 'PinName' must contain a non-null value when exiting constructor. Consider adding the 'required' modifier or declaring the field as nullable. [/Users/admin/Projects/GerberTools/GerberLibrary.Core/GerberLibrary.Core.csproj]
/Users/admin/Projects/GerberTools/GerberLibrary.Core/EagleThings/LibraryLoader.cs(1298,32): warning CS8618: Non-nullable field 'ThePin' must contain a non-null value when exiting constructor. Consider adding the 'required' modifier or declaring the field as nullable. [/Users/admin/Projects/GerberTools/GerberLibrary.Core/GerberLibrary.Core.csproj]
/Users/admin/Projects/GerberTools/GerberLibrary.Core/External/clipper.cs(2997,18): warning CS8625: Cannot convert null literal to non-nullable reference type. [/Users/admin/Projects/GerberTools/GerberLibrary.Core/GerberLibrary.Core.csproj]
/Users/admin/Projects/GerberTools/GerberLibrary.Core/External/clipper.cs(2997,29): warning CS8625: Cannot convert null literal to non-nullable reference type. [/Users/admin/Projects/GerberTools/GerberLibrary.Core/GerberLibrary.Core.csproj]
/Users/admin/Projects/GerberTools/GerberLibrary.Core/EagleThings/LibraryLoader.cs(1289,24): warning CS8603: Possible null reference return. [/Users/admin/Projects/GerberTools/GerberLibrary.Core/GerberLibrary.Core.csproj]
/Users/admin/Projects/GerberTools/GerberLibrary.Core/Core/GerberMerger.cs(70,17): warning CS0162: Unreachable code detected [/Users/admin/Projects/GerberTools/GerberLibrary.Core/GerberLibrary.Core.csproj]
/Users/admin/Projects/GerberTools/GerberLibrary.Core/EagleThings/LibraryLoader.cs(1244,27): warning CS8618: Non-nullable field 'Name' must contain a non-null value when exiting constructor. Consider adding the 'required' modifier or declaring the field as nullable. [/Users/admin/Projects/GerberTools/GerberLibrary.Core/GerberLibrary.Core.csproj]
/Users/admin/Projects/GerberTools/GerberLibrary.Core/EagleThings/LibraryLoader.cs(1245,24): warning CS8618: Non-nullable field 'ThePin' must contain a non-null value when exiting constructor. Consider adding the 'required' modifier or declaring the field as nullable. [/Users/admin/Projects/GerberTools/GerberLibrary.Core/GerberLibrary.Core.csproj]
/Users/admin/Projects/GerberTools/GerberLibrary.Core/EagleThings/LibraryLoader.cs(1234,27): warning CS8618: Non-nullable field 'Name' must contain a non-null value when exiting constructor. Consider adding the 'required' modifier or declaring the field as nullable. [/Users/admin/Projects/GerberTools/GerberLibrary.Core/GerberLibrary.Core.csproj]
/Users/admin/Projects/GerberTools/GerberLibrary.Core/EagleThings/LibraryLoader.cs(1224,27): warning CS8618: Non-nullable field 'Name' must contain a non-null value when exiting constructor. Consider adding the 'required' modifier or declaring the field as nullable. [/Users/admin/Projects/GerberTools/GerberLibrary.Core/GerberLibrary.Core.csproj]
/Users/admin/Projects/GerberTools/GerberLibrary.Core/EagleThings/LibraryLoader.cs(1209,27): warning CS8618: Non-nullable field 'Name' must contain a non-null value when exiting constructor. Consider adding the 'required' modifier or declaring the field as nullable. [/Users/admin/Projects/GerberTools/GerberLibrary.Core/GerberLibrary.Core.csproj]
/Users/admin/Projects/GerberTools/GerberLibrary.Core/EagleThings/LibraryLoader.cs(1213,44): warning CS8618: Non-nullable field 'SMDs' must contain a non-null value when exiting constructor. Consider adding the 'required' modifier or declaring the field as nullable. [/Users/admin/Projects/GerberTools/GerberLibrary.Core/GerberLibrary.Core.csproj]
/Users/admin/Projects/GerberTools/GerberLibrary.Core/EagleThings/LibraryLoader.cs(1214,44): warning CS8618: Non-nullable field 'Pins' must contain a non-null value when exiting constructor. Consider adding the 'required' modifier or declaring the field as nullable. [/Users/admin/Projects/GerberTools/GerberLibrary.Core/GerberLibrary.Core.csproj]
/Users/admin/Projects/GerberTools/GerberLibrary.Core/EagleThings/LibraryLoader.cs(1215,45): warning CS8618: Non-nullable field 'Decals' must contain a non-null value when exiting constructor. Consider adding the 'required' modifier or declaring the field as nullable. [/Users/admin/Projects/GerberTools/GerberLibrary.Core/GerberLibrary.Core.csproj]
/Users/admin/Projects/GerberTools/GerberLibrary.Core/EagleThings/LibraryLoader.cs(1218,27): warning CS8618: Non-nullable field 'PackageName' must contain a non-null value when exiting constructor. Consider adding the 'required' modifier or declaring the field as nullable. [/Users/admin/Projects/GerberTools/GerberLibrary.Core/GerberLibrary.Core.csproj]
/Users/admin/Projects/GerberTools/GerberLibrary.Core/EagleThings/LibraryLoader.cs(1219,30): warning CS8618: Non-nullable field 'Parent' must contain a non-null value when exiting constructor. Consider adding the 'required' modifier or declaring the field as nullable. [/Users/admin/Projects/GerberTools/GerberLibrary.Core/GerberLibrary.Core.csproj]
/Users/admin/Projects/GerberTools/GerberLibrary.Core/EagleThings/LibraryLoader.cs(1187,27): warning CS8618: Non-nullable field 'GateName' must contain a non-null value when exiting constructor. Consider adding the 'required' modifier or declaring the field as nullable. [/Users/admin/Projects/GerberTools/GerberLibrary.Core/GerberLibrary.Core.csproj]
/Users/admin/Projects/GerberTools/GerberLibrary.Core/EagleThings/LibraryLoader.cs(1188,27): warning CS8618: Non-nullable field 'Pad' must contain a non-null value when exiting constructor. Consider adding the 'required' modifier or declaring the field as nullable. [/Users/admin/Projects/GerberTools/GerberLibrary.Core/GerberLibrary.Core.csproj]
/Users/admin/Projects/GerberTools/GerberLibrary.Core/EagleThings/LibraryLoader.cs(1189,27): warning CS8618: Non-nullable field 'Pin' must contain a non-null value when exiting constructor. Consider adding the 'required' modifier or declaring the field as nullable. [/Users/admin/Projects/GerberTools/GerberLibrary.Core/GerberLibrary.Core.csproj]
/Users/admin/Projects/GerberTools/GerberLibrary.Core/External/clipper.cs(3145,36): warning CS8625: Cannot convert null literal to non-nullable reference type. [/Users/admin/Projects/GerberTools/GerberLibrary.Core/GerberLibrary.Core.csproj]
/Users/admin/Projects/GerberTools/GerberLibrary.Core/External/clipper.cs(3208,31): warning CS8625: Cannot convert null literal to non-nullable reference type. [/Users/admin/Projects/GerberTools/GerberLibrary.Core/GerberLibrary.Core.csproj]
/Users/admin/Projects/GerberTools/GerberLibrary.Core/External/clipper.cs(3209,36): warning CS8625: Cannot convert null literal to non-nullable reference type. [/Users/admin/Projects/GerberTools/GerberLibrary.Core/GerberLibrary.Core.csproj]
/Users/admin/Projects/GerberTools/GerberLibrary.Core/EagleThings/LibraryLoader.cs(1168,27): warning CS8618: Non-nullable field 'Name' must contain a non-null value when exiting constructor. Consider adding the 'required' modifier or declaring the field as nullable. [/Users/admin/Projects/GerberTools/GerberLibrary.Core/GerberLibrary.Core.csproj]
/Users/admin/Projects/GerberTools/GerberLibrary.Core/EagleThings/LibraryLoader.cs(1160,39): warning CS8625: Cannot convert null literal to non-nullable reference type. [/Users/admin/Projects/GerberTools/GerberLibrary.Core/GerberLibrary.Core.csproj]
/Users/admin/Projects/GerberTools/GerberLibrary.Core/EagleThings/LibraryLoader.cs(1161,27): warning CS8618: Non-nullable field 'Name' must contain a non-null value when exiting constructor. Consider adding the 'required' modifier or declaring the field as nullable. [/Users/admin/Projects/GerberTools/GerberLibrary.Core/GerberLibrary.Core.csproj]
/Users/admin/Projects/GerberTools/GerberLibrary.Core/EagleThings/LibraryLoader.cs(1162,27): warning CS8618: Non-nullable field 'SymbolName' must contain a non-null value when exiting constructor. Consider adding the 'required' modifier or declaring the field as nullable. [/Users/admin/Projects/GerberTools/GerberLibrary.Core/GerberLibrary.Core.csproj]
/Users/admin/Projects/GerberTools/GerberLibrary.Core/Artwork Related/GerberArtWriter.cs(1205,57): warning CS8602: Dereference of a possibly null reference. [/Users/admin/Projects/GerberTools/GerberLibrary.Core/GerberLibrary.Core.csproj]
/Users/admin/Projects/GerberTools/GerberLibrary.Core/Artwork Related/GerberArtWriter.cs(1111,26): warning CS8618: Non-nullable field 'DistanceField' must contain a non-null value when exiting constructor. Consider adding the 'required' modifier or declaring the field as nullable. [/Users/admin/Projects/GerberTools/GerberLibrary.Core/GerberLibrary.Core.csproj]
/Users/admin/Projects/GerberTools/GerberLibrary.Core/Artwork Related/GerberArtWriter.cs(1112,26): warning CS8618: Non-nullable field 'AngleField' must contain a non-null value when exiting constructor. Consider adding the 'required' modifier or declaring the field as nullable. [/Users/admin/Projects/GerberTools/GerberLibrary.Core/GerberLibrary.Core.csproj]
/Users/admin/Projects/GerberTools/GerberLibrary.Core/Core/ExcellonFile.cs(402,40): warning CS8600: Converting null literal or possible null value to non-nullable type. [/Users/admin/Projects/GerberTools/GerberLibrary.Core/GerberLibrary.Core.csproj]
/Users/admin/Projects/GerberTools/GerberLibrary.Core/Core/ExcellonFile.cs(586,55): warning CS8600: Converting null literal or possible null value to non-nullable type. [/Users/admin/Projects/GerberTools/GerberLibrary.Core/GerberLibrary.Core.csproj]
/Users/admin/Projects/GerberTools/GerberLibrary.Core/Core/ExcellonFile.cs(613,45): warning CS8602: Dereference of a possibly null reference. [/Users/admin/Projects/GerberTools/GerberLibrary.Core/GerberLibrary.Core.csproj]
/Users/admin/Projects/GerberTools/GerberLibrary.Core/Core/ExcellonFile.cs(646,49): warning CS8602: Dereference of a possibly null reference. [/Users/admin/Projects/GerberTools/GerberLibrary.Core/GerberLibrary.Core.csproj]
/Users/admin/Projects/GerberTools/GerberLibrary.Core/Core/ExcellonFile.cs(655,104): warning CS8602: Dereference of a possibly null reference. [/Users/admin/Projects/GerberTools/GerberLibrary.Core/GerberLibrary.Core.csproj]
/Users/admin/Projects/GerberTools/GerberLibrary.Core/Core/ExcellonFile.cs(665,77): warning CS8625: Cannot convert null literal to non-nullable reference type. [/Users/admin/Projects/GerberTools/GerberLibrary.Core/GerberLibrary.Core.csproj]
/Users/admin/Projects/GerberTools/GerberLibrary.Core/Core/ExcellonFile.cs(737,53): warning CS8602: Dereference of a possibly null reference. [/Users/admin/Projects/GerberTools/GerberLibrary.Core/GerberLibrary.Core.csproj]
/Users/admin/Projects/GerberTools/GerberLibrary.Core/Core/ExcellonFile.cs(749,53): warning CS8602: Dereference of a possibly null reference. [/Users/admin/Projects/GerberTools/GerberLibrary.Core/GerberLibrary.Core.csproj]
/Users/admin/Projects/GerberTools/GerberLibrary.Core/Core/GerberPanel.cs(90,31): warning CS8625: Cannot convert null literal to non-nullable reference type. [/Users/admin/Projects/GerberTools/GerberLibrary.Core/GerberLibrary.Core.csproj]
/Users/admin/Projects/GerberTools/GerberLibrary.Core/Artwork Related/GerberArtWriter.cs(1920,78): error CS1501: No overload for method 'Min' takes 1 arguments [/Users/admin/Projects/GerberTools/GerberLibrary.Core/GerberLibrary.Core.csproj]
/Users/admin/Projects/GerberTools/GerberLibrary.Core/Artwork Related/GerberArtWriter.cs(1920,133): error CS0030: Cannot convert type '(int, int)' to 'byte' [/Users/admin/Projects/GerberTools/GerberLibrary.Core/GerberLibrary.Core.csproj]
/Users/admin/Projects/GerberTools/GerberLibrary.Core/Core/Primitives/PolyLine.cs(334,24): warning CS8603: Possible null reference return. [/Users/admin/Projects/GerberTools/GerberLibrary.Core/GerberLibrary.Core.csproj]
/Users/admin/Projects/GerberTools/GerberLibrary.Core/Core/Primitives/PolyLine.cs(365,26): warning CS8625: Cannot convert null literal to non-nullable reference type. [/Users/admin/Projects/GerberTools/GerberLibrary.Core/GerberLibrary.Core.csproj]
/Users/admin/Projects/GerberTools/GerberLibrary.Core/Core/Primitives/PolyLine.cs(368,23): warning CS8625: Cannot convert null literal to non-nullable reference type. [/Users/admin/Projects/GerberTools/GerberLibrary.Core/GerberLibrary.Core.csproj]
/Users/admin/Projects/GerberTools/GerberLibrary.Core/External/clipper.cs(3441,20): warning CS8618: Non-nullable field 'currentPoly' must contain a non-null value when exiting constructor. Consider adding the 'required' modifier or declaring the field as nullable. [/Users/admin/Projects/GerberTools/GerberLibrary.Core/GerberLibrary.Core.csproj]
/Users/admin/Projects/GerberTools/GerberLibrary.Core/External/clipper.cs(3441,20): warning CS8618: Non-nullable field 'm_p' must contain a non-null value when exiting constructor. Consider adding the 'required' modifier or declaring the field as nullable. [/Users/admin/Projects/GerberTools/GerberLibrary.Core/GerberLibrary.Core.csproj]
/Users/admin/Projects/GerberTools/GerberLibrary.Core/Core/GerberPanel.cs(127,32): warning CS8625: Cannot convert null literal to non-nullable reference type. [/Users/admin/Projects/GerberTools/GerberLibrary.Core/GerberLibrary.Core.csproj]
/Users/admin/Projects/GerberTools/GerberLibrary.Core/Core/Gerber.cs(408,34): error CS0104: 'Path' is an ambiguous reference between 'SixLabors.ImageSharp.Drawing.Path' and 'System.IO.Path' [/Users/admin/Projects/GerberTools/GerberLibrary.Core/GerberLibrary.Core.csproj]
/Users/admin/Projects/GerberTools/GerberLibrary.Core/Core/Gerber.cs(415,33): error CS0104: 'Path' is an ambiguous reference between 'SixLabors.ImageSharp.Drawing.Path' and 'System.IO.Path' [/Users/admin/Projects/GerberTools/GerberLibrary.Core/GerberLibrary.Core.csproj]
/Users/admin/Projects/GerberTools/GerberLibrary.Core/Core/Gerber.cs(417,34): error CS0029: Cannot implicitly convert type 'string' to 'int' [/Users/admin/Projects/GerberTools/GerberLibrary.Core/GerberLibrary.Core.csproj]
/Users/admin/Projects/GerberTools/GerberLibrary.Core/Core/Gerber.cs(418,34): error CS0029: Cannot implicitly convert type 'string' to 'int' [/Users/admin/Projects/GerberTools/GerberLibrary.Core/GerberLibrary.Core.csproj]
/Users/admin/Projects/GerberTools/GerberLibrary.Core/Core/Gerber.cs(419,34): error CS0029: Cannot implicitly convert type 'string' to 'int' [/Users/admin/Projects/GerberTools/GerberLibrary.Core/GerberLibrary.Core.csproj]
/Users/admin/Projects/GerberTools/GerberLibrary.Core/Core/Gerber.cs(420,34): error CS0029: Cannot implicitly convert type 'string' to 'int' [/Users/admin/Projects/GerberTools/GerberLibrary.Core/GerberLibrary.Core.csproj]
/Users/admin/Projects/GerberTools/GerberLibrary.Core/Core/Gerber.cs(421,34): error CS0029: Cannot implicitly convert type 'string' to 'int' [/Users/admin/Projects/GerberTools/GerberLibrary.Core/GerberLibrary.Core.csproj]
/Users/admin/Projects/GerberTools/GerberLibrary.Core/Core/Gerber.cs(422,34): error CS0029: Cannot implicitly convert type 'string' to 'int' [/Users/admin/Projects/GerberTools/GerberLibrary.Core/GerberLibrary.Core.csproj]
/Users/admin/Projects/GerberTools/GerberLibrary.Core/Core/Gerber.cs(423,34): error CS0029: Cannot implicitly convert type 'string' to 'int' [/Users/admin/Projects/GerberTools/GerberLibrary.Core/GerberLibrary.Core.csproj]
/Users/admin/Projects/GerberTools/GerberLibrary.Core/Core/Gerber.cs(424,34): error CS0029: Cannot implicitly convert type 'string' to 'int' [/Users/admin/Projects/GerberTools/GerberLibrary.Core/GerberLibrary.Core.csproj]
/Users/admin/Projects/GerberTools/GerberLibrary.Core/Core/Gerber.cs(426,34): error CS0029: Cannot implicitly convert type 'string' to 'int' [/Users/admin/Projects/GerberTools/GerberLibrary.Core/GerberLibrary.Core.csproj]
/Users/admin/Projects/GerberTools/GerberLibrary.Core/Core/Gerber.cs(459,29): error CS0104: 'Path' is an ambiguous reference between 'SixLabors.ImageSharp.Drawing.Path' and 'System.IO.Path' [/Users/admin/Projects/GerberTools/GerberLibrary.Core/GerberLibrary.Core.csproj]
/Users/admin/Projects/GerberTools/GerberLibrary.Core/Core/Gerber.cs(461,30): error CS0029: Cannot implicitly convert type 'string' to 'int' [/Users/admin/Projects/GerberTools/GerberLibrary.Core/GerberLibrary.Core.csproj]
/Users/admin/Projects/GerberTools/GerberLibrary.Core/Core/Gerber.cs(462,30): error CS0029: Cannot implicitly convert type 'string' to 'int' [/Users/admin/Projects/GerberTools/GerberLibrary.Core/GerberLibrary.Core.csproj]
/Users/admin/Projects/GerberTools/GerberLibrary.Core/Core/Gerber.cs(463,30): error CS0029: Cannot implicitly convert type 'string' to 'int' [/Users/admin/Projects/GerberTools/GerberLibrary.Core/GerberLibrary.Core.csproj]
/Users/admin/Projects/GerberTools/GerberLibrary.Core/Core/Gerber.cs(464,30): error CS0029: Cannot implicitly convert type 'string' to 'int' [/Users/admin/Projects/GerberTools/GerberLibrary.Core/GerberLibrary.Core.csproj]
/Users/admin/Projects/GerberTools/GerberLibrary.Core/Core/Gerber.cs(470,30): error CS0029: Cannot implicitly convert type 'string' to 'int' [/Users/admin/Projects/GerberTools/GerberLibrary.Core/GerberLibrary.Core.csproj]
/Users/admin/Projects/GerberTools/GerberLibrary.Core/Core/Gerber.cs(471,30): error CS0029: Cannot implicitly convert type 'string' to 'int' [/Users/admin/Projects/GerberTools/GerberLibrary.Core/GerberLibrary.Core.csproj]
/Users/admin/Projects/GerberTools/GerberLibrary.Core/Core/Gerber.cs(476,30): error CS0029: Cannot implicitly convert type 'string' to 'int' [/Users/admin/Projects/GerberTools/GerberLibrary.Core/GerberLibrary.Core.csproj]
/Users/admin/Projects/GerberTools/GerberLibrary.Core/Core/Gerber.cs(477,30): error CS0029: Cannot implicitly convert type 'string' to 'int' [/Users/admin/Projects/GerberTools/GerberLibrary.Core/GerberLibrary.Core.csproj]
/Users/admin/Projects/GerberTools/GerberLibrary.Core/Core/Gerber.cs(482,30): error CS0029: Cannot implicitly convert type 'string' to 'int' [/Users/admin/Projects/GerberTools/GerberLibrary.Core/GerberLibrary.Core.csproj]
/Users/admin/Projects/GerberTools/GerberLibrary.Core/Core/Gerber.cs(483,30): error CS0029: Cannot implicitly convert type 'string' to 'int' [/Users/admin/Projects/GerberTools/GerberLibrary.Core/GerberLibrary.Core.csproj]
/Users/admin/Projects/GerberTools/GerberLibrary.Core/Core/Gerber.cs(488,30): error CS0029: Cannot implicitly convert type 'string' to 'int' [/Users/admin/Projects/GerberTools/GerberLibrary.Core/GerberLibrary.Core.csproj]
/Users/admin/Projects/GerberTools/GerberLibrary.Core/Core/Gerber.cs(489,30): error CS0029: Cannot implicitly convert type 'string' to 'int' [/Users/admin/Projects/GerberTools/GerberLibrary.Core/GerberLibrary.Core.csproj]
/Users/admin/Projects/GerberTools/GerberLibrary.Core/Core/Gerber.cs(494,30): error CS0029: Cannot implicitly convert type 'string' to 'int' [/Users/admin/Projects/GerberTools/GerberLibrary.Core/GerberLibrary.Core.csproj]
/Users/admin/Projects/GerberTools/GerberLibrary.Core/Core/Gerber.cs(495,30): error CS0029: Cannot implicitly convert type 'string' to 'int' [/Users/admin/Projects/GerberTools/GerberLibrary.Core/GerberLibrary.Core.csproj]
/Users/admin/Projects/GerberTools/GerberLibrary.Core/Core/Gerber.cs(500,30): error CS0029: Cannot implicitly convert type 'string' to 'int' [/Users/admin/Projects/GerberTools/GerberLibrary.Core/GerberLibrary.Core.csproj]
/Users/admin/Projects/GerberTools/GerberLibrary.Core/EagleThings/LibraryLoader.cs(1058,17): error CS1069: The type name 'StringFormat' could not be found in the namespace 'System.Drawing'. This type has been forwarded to assembly 'System.Drawing.Common, Version=0.0.0.0, Culture=neutral, PublicKeyToken=cc7b13ffcd2ddd51' Consider adding a reference to that assembly. [/Users/admin/Projects/GerberTools/GerberLibrary.Core/GerberLibrary.Core.csproj]
/Users/admin/Projects/GerberTools/GerberLibrary.Core/EagleThings/LibraryLoader.cs(1058,39): error CS1069: The type name 'StringFormat' could not be found in the namespace 'System.Drawing'. This type has been forwarded to assembly 'System.Drawing.Common, Version=0.0.0.0, Culture=neutral, PublicKeyToken=cc7b13ffcd2ddd51' Consider adding a reference to that assembly. [/Users/admin/Projects/GerberTools/GerberLibrary.Core/GerberLibrary.Core.csproj]
/Users/admin/Projects/GerberTools/GerberLibrary.Core/EagleThings/LibraryLoader.cs(1062,59): error CS0103: The name 'StringAlignment' does not exist in the current context [/Users/admin/Projects/GerberTools/GerberLibrary.Core/GerberLibrary.Core.csproj]
/Users/admin/Projects/GerberTools/GerberLibrary.Core/EagleThings/LibraryLoader.cs(1062,102): error CS0103: The name 'StringAlignment' does not exist in the current context [/Users/admin/Projects/GerberTools/GerberLibrary.Core/GerberLibrary.Core.csproj]
/Users/admin/Projects/GerberTools/GerberLibrary.Core/EagleThings/LibraryLoader.cs(1063,63): error CS0103: The name 'StringAlignment' does not exist in the current context [/Users/admin/Projects/GerberTools/GerberLibrary.Core/GerberLibrary.Core.csproj]
/Users/admin/Projects/GerberTools/GerberLibrary.Core/EagleThings/LibraryLoader.cs(1063,104): error CS0103: The name 'StringAlignment' does not exist in the current context [/Users/admin/Projects/GerberTools/GerberLibrary.Core/GerberLibrary.Core.csproj]
/Users/admin/Projects/GerberTools/GerberLibrary.Core/EagleThings/LibraryLoader.cs(1064,64): error CS0103: The name 'StringAlignment' does not exist in the current context [/Users/admin/Projects/GerberTools/GerberLibrary.Core/GerberLibrary.Core.csproj]
/Users/admin/Projects/GerberTools/GerberLibrary.Core/EagleThings/LibraryLoader.cs(1064,104): error CS0103: The name 'StringAlignment' does not exist in the current context [/Users/admin/Projects/GerberTools/GerberLibrary.Core/GerberLibrary.Core.csproj]
/Users/admin/Projects/GerberTools/GerberLibrary.Core/EagleThings/LibraryLoader.cs(1065,62): error CS0103: The name 'StringAlignment' does not exist in the current context [/Users/admin/Projects/GerberTools/GerberLibrary.Core/GerberLibrary.Core.csproj]
/Users/admin/Projects/GerberTools/GerberLibrary.Core/EagleThings/LibraryLoader.cs(1065,105): error CS0103: The name 'StringAlignment' does not exist in the current context [/Users/admin/Projects/GerberTools/GerberLibrary.Core/GerberLibrary.Core.csproj]
/Users/admin/Projects/GerberTools/GerberLibrary.Core/EagleThings/LibraryLoader.cs(1066,60): error CS0103: The name 'StringAlignment' does not exist in the current context [/Users/admin/Projects/GerberTools/GerberLibrary.Core/GerberLibrary.Core.csproj]
/Users/admin/Projects/GerberTools/GerberLibrary.Core/EagleThings/LibraryLoader.cs(1066,101): error CS0103: The name 'StringAlignment' does not exist in the current context [/Users/admin/Projects/GerberTools/GerberLibrary.Core/GerberLibrary.Core.csproj]
/Users/admin/Projects/GerberTools/GerberLibrary.Core/EagleThings/LibraryLoader.cs(1067,61): error CS0103: The name 'StringAlignment' does not exist in the current context [/Users/admin/Projects/GerberTools/GerberLibrary.Core/GerberLibrary.Core.csproj]
/Users/admin/Projects/GerberTools/GerberLibrary.Core/EagleThings/LibraryLoader.cs(1067,101): error CS0103: The name 'StringAlignment' does not exist in the current context [/Users/admin/Projects/GerberTools/GerberLibrary.Core/GerberLibrary.Core.csproj]
/Users/admin/Projects/GerberTools/GerberLibrary.Core/EagleThings/LibraryLoader.cs(1068,65): error CS0103: The name 'StringAlignment' does not exist in the current context [/Users/admin/Projects/GerberTools/GerberLibrary.Core/GerberLibrary.Core.csproj]
/Users/admin/Projects/GerberTools/GerberLibrary.Core/EagleThings/LibraryLoader.cs(1068,108): error CS0103: The name 'StringAlignment' does not exist in the current context [/Users/admin/Projects/GerberTools/GerberLibrary.Core/GerberLibrary.Core.csproj]
/Users/admin/Projects/GerberTools/GerberLibrary.Core/EagleThings/LibraryLoader.cs(1069,63): error CS0103: The name 'StringAlignment' does not exist in the current context [/Users/admin/Projects/GerberTools/GerberLibrary.Core/GerberLibrary.Core.csproj]
/Users/admin/Projects/GerberTools/GerberLibrary.Core/EagleThings/LibraryLoader.cs(1069,104): error CS0103: The name 'StringAlignment' does not exist in the current context [/Users/admin/Projects/GerberTools/GerberLibrary.Core/GerberLibrary.Core.csproj]
/Users/admin/Projects/GerberTools/GerberLibrary.Core/EagleThings/LibraryLoader.cs(1070,64): error CS0103: The name 'StringAlignment' does not exist in the current context [/Users/admin/Projects/GerberTools/GerberLibrary.Core/GerberLibrary.Core.csproj]
/Users/admin/Projects/GerberTools/GerberLibrary.Core/EagleThings/LibraryLoader.cs(1070,104): error CS0103: The name 'StringAlignment' does not exist in the current context [/Users/admin/Projects/GerberTools/GerberLibrary.Core/GerberLibrary.Core.csproj]
/Users/admin/Projects/GerberTools/GerberLibrary.Core/EagleThings/LibraryLoader.cs(1072,17): error CS1069: The type name 'GraphicsPath' could not be found in the namespace 'System.Drawing.Drawing2D'. This type has been forwarded to assembly 'System.Drawing.Common, Version=0.0.0.0, Culture=neutral, PublicKeyToken=cc7b13ffcd2ddd51' Consider adding a reference to that assembly. [/Users/admin/Projects/GerberTools/GerberLibrary.Core/GerberLibrary.Core.csproj]
/Users/admin/Projects/GerberTools/GerberLibrary.Core/EagleThings/LibraryLoader.cs(1072,38): error CS1069: The type name 'GraphicsPath' could not be found in the namespace 'System.Drawing.Drawing2D'. This type has been forwarded to assembly 'System.Drawing.Common, Version=0.0.0.0, Culture=neutral, PublicKeyToken=cc7b13ffcd2ddd51' Consider adding a reference to that assembly. [/Users/admin/Projects/GerberTools/GerberLibrary.Core/GerberLibrary.Core.csproj]
/Users/admin/Projects/GerberTools/GerberLibrary.Core/EagleThings/LibraryLoader.cs(1075,25): error CS0103: The name 'FontFamily' does not exist in the current context [/Users/admin/Projects/GerberTools/GerberLibrary.Core/GerberLibrary.Core.csproj]
/Users/admin/Projects/GerberTools/GerberLibrary.Core/EagleThings/LibraryLoader.cs(1076,30): error CS0103: The name 'FontStyle' does not exist in the current context [/Users/admin/Projects/GerberTools/GerberLibrary.Core/GerberLibrary.Core.csproj]
/Users/admin/Projects/GerberTools/GerberLibrary.Core/Core/Gerber.cs(501,30): error CS0029: Cannot implicitly convert type 'string' to 'int' [/Users/admin/Projects/GerberTools/GerberLibrary.Core/GerberLibrary.Core.csproj]
/Users/admin/Projects/GerberTools/GerberLibrary.Core/Core/Gerber.cs(506,30): error CS0029: Cannot implicitly convert type 'string' to 'int' [/Users/admin/Projects/GerberTools/GerberLibrary.Core/GerberLibrary.Core.csproj]
/Users/admin/Projects/GerberTools/GerberLibrary.Core/Core/Gerber.cs(507,30): error CS0029: Cannot implicitly convert type 'string' to 'int' [/Users/admin/Projects/GerberTools/GerberLibrary.Core/GerberLibrary.Core.csproj]
/Users/admin/Projects/GerberTools/GerberLibrary.Core/Core/Gerber.cs(512,30): error CS0029: Cannot implicitly convert type 'string' to 'int' [/Users/admin/Projects/GerberTools/GerberLibrary.Core/GerberLibrary.Core.csproj]
/Users/admin/Projects/GerberTools/GerberLibrary.Core/Core/Gerber.cs(513,30): error CS0029: Cannot implicitly convert type 'string' to 'int' [/Users/admin/Projects/GerberTools/GerberLibrary.Core/GerberLibrary.Core.csproj]
/Users/admin/Projects/GerberTools/GerberLibrary.Core/Core/Gerber.cs(518,30): error CS0029: Cannot implicitly convert type 'string' to 'int' [/Users/admin/Projects/GerberTools/GerberLibrary.Core/GerberLibrary.Core.csproj]
/Users/admin/Projects/GerberTools/GerberLibrary.Core/Core/Gerber.cs(523,30): error CS0029: Cannot implicitly convert type 'string' to 'int' [/Users/admin/Projects/GerberTools/GerberLibrary.Core/GerberLibrary.Core.csproj]
/Users/admin/Projects/GerberTools/GerberLibrary.Core/Core/GerberPanel.cs(133,39): error CS0104: 'Path' is an ambiguous reference between 'SixLabors.ImageSharp.Drawing.Path' and 'System.IO.Path' [/Users/admin/Projects/GerberTools/GerberLibrary.Core/GerberLibrary.Core.csproj]
/Users/admin/Projects/GerberTools/GerberLibrary.Core/Core/GerberPanel.cs(133,86): error CS0104: 'Path' is an ambiguous reference between 'SixLabors.ImageSharp.Drawing.Path' and 'System.IO.Path' [/Users/admin/Projects/GerberTools/GerberLibrary.Core/GerberLibrary.Core.csproj]
/Users/admin/Projects/GerberTools/GerberLibrary.Core/Core/GerberPanel.cs(141,33): error CS0104: 'Path' is an ambiguous reference between 'SixLabors.ImageSharp.Drawing.Path' and 'System.IO.Path' [/Users/admin/Projects/GerberTools/GerberLibrary.Core/GerberLibrary.Core.csproj]
/Users/admin/Projects/GerberTools/GerberLibrary.Core/Core/GerberPanel.cs(141,62): error CS0104: 'Path' is an ambiguous reference between 'SixLabors.ImageSharp.Drawing.Path' and 'System.IO.Path' [/Users/admin/Projects/GerberTools/GerberLibrary.Core/GerberLibrary.Core.csproj]
/Users/admin/Projects/GerberTools/GerberLibrary.Core/Core/GerberPanel.cs(145,34): error CS0104: 'Path' is an ambiguous reference between 'SixLabors.ImageSharp.Drawing.Path' and 'System.IO.Path' [/Users/admin/Projects/GerberTools/GerberLibrary.Core/GerberLibrary.Core.csproj]
/Users/admin/Projects/GerberTools/GerberLibrary.Core/Artwork Related/GerberArtWriter.cs(287,64): warning CS8625: Cannot convert null literal to non-nullable reference type. [/Users/admin/Projects/GerberTools/GerberLibrary.Core/GerberLibrary.Core.csproj]
/Users/admin/Projects/GerberTools/GerberLibrary.Core/Core/Gerber.cs(920,31): warning CS8604: Possible null reference argument for parameter 'item' in 'void List<string>.Add(string item)'. [/Users/admin/Projects/GerberTools/GerberLibrary.Core/GerberLibrary.Core.csproj]
/Users/admin/Projects/GerberTools/GerberLibrary.Core/Core/GerberPanel.cs(237,33): error CS0104: 'Path' is an ambiguous reference between 'SixLabors.ImageSharp.Drawing.Path' and 'System.IO.Path' [/Users/admin/Projects/GerberTools/GerberLibrary.Core/GerberLibrary.Core.csproj]
/Users/admin/Projects/GerberTools/GerberLibrary.Core/Core/GerberPanel.cs(237,62): error CS0104: 'Path' is an ambiguous reference between 'SixLabors.ImageSharp.Drawing.Path' and 'System.IO.Path' [/Users/admin/Projects/GerberTools/GerberLibrary.Core/GerberLibrary.Core.csproj]
/Users/admin/Projects/GerberTools/GerberLibrary.Core/Core/GerberPanel.cs(2365,20): warning CS8603: Possible null reference return. [/Users/admin/Projects/GerberTools/GerberLibrary.Core/GerberLibrary.Core.csproj]
/Users/admin/Projects/GerberTools/GerberLibrary.Core/Core/GerberPanel.cs(2408,63): error CS0104: 'Path' is an ambiguous reference between 'SixLabors.ImageSharp.Drawing.Path' and 'System.IO.Path' [/Users/admin/Projects/GerberTools/GerberLibrary.Core/GerberLibrary.Core.csproj]
/Users/admin/Projects/GerberTools/GerberLibrary.Core/Core/GerberPanel.cs(2408,118): error CS0104: 'Path' is an ambiguous reference between 'SixLabors.ImageSharp.Drawing.Path' and 'System.IO.Path' [/Users/admin/Projects/GerberTools/GerberLibrary.Core/GerberLibrary.Core.csproj]
/Users/admin/Projects/GerberTools/GerberLibrary.Core/Core/GerberPanel.cs(2410,52): error CS0104: 'Path' is an ambiguous reference between 'SixLabors.ImageSharp.Drawing.Path' and 'System.IO.Path' [/Users/admin/Projects/GerberTools/GerberLibrary.Core/GerberLibrary.Core.csproj]
/Users/admin/Projects/GerberTools/GerberLibrary.Core/Core/GerberPanel.cs(2421,63): error CS0104: 'Path' is an ambiguous reference between 'SixLabors.ImageSharp.Drawing.Path' and 'System.IO.Path' [/Users/admin/Projects/GerberTools/GerberLibrary.Core/GerberLibrary.Core.csproj]
/Users/admin/Projects/GerberTools/GerberLibrary.Core/Core/GerberPanel.cs(2421,121): error CS0104: 'Path' is an ambiguous reference between 'SixLabors.ImageSharp.Drawing.Path' and 'System.IO.Path' [/Users/admin/Projects/GerberTools/GerberLibrary.Core/GerberLibrary.Core.csproj]
/Users/admin/Projects/GerberTools/GerberLibrary.Core/Core/GerberPanel.cs(2461,34): error CS0104: 'Path' is an ambiguous reference between 'SixLabors.ImageSharp.Drawing.Path' and 'System.IO.Path' [/Users/admin/Projects/GerberTools/GerberLibrary.Core/GerberLibrary.Core.csproj]
/Users/admin/Projects/GerberTools/GerberLibrary.Core/Core/GerberPanel.cs(2462,39): error CS0104: 'Path' is an ambiguous reference between 'SixLabors.ImageSharp.Drawing.Path' and 'System.IO.Path' [/Users/admin/Projects/GerberTools/GerberLibrary.Core/GerberLibrary.Core.csproj]
/Users/admin/Projects/GerberTools/GerberLibrary.Core/Artwork Related/GallifreyanFont.cs(228,27): warning CS8618: Non-nullable field 'Target' must contain a non-null value when exiting constructor. Consider adding the 'required' modifier or declaring the field as nullable. [/Users/admin/Projects/GerberTools/GerberLibrary.Core/GerberLibrary.Core.csproj]
/Users/admin/Projects/GerberTools/GerberLibrary.Core/EagleThings/LibraryLoader.cs(822,27): warning CS8618: Non-nullable field 'Name' must contain a non-null value when exiting constructor. Consider adding the 'required' modifier or declaring the field as nullable. [/Users/admin/Projects/GerberTools/GerberLibrary.Core/GerberLibrary.Core.csproj]
/Users/admin/Projects/GerberTools/GerberLibrary.Core/Core/GerberPanel.cs(2499,47): error CS0104: 'Path' is an ambiguous reference between 'SixLabors.ImageSharp.Drawing.Path' and 'System.IO.Path' [/Users/admin/Projects/GerberTools/GerberLibrary.Core/GerberLibrary.Core.csproj]
/Users/admin/Projects/GerberTools/GerberLibrary.Core/Core/GerberPanel.cs(2499,93): error CS0104: 'Path' is an ambiguous reference between 'SixLabors.ImageSharp.Drawing.Path' and 'System.IO.Path' [/Users/admin/Projects/GerberTools/GerberLibrary.Core/GerberLibrary.Core.csproj]
/Users/admin/Projects/GerberTools/GerberLibrary.Core/Core/GerberPanel.cs(2516,42): error CS0104: 'Path' is an ambiguous reference between 'SixLabors.ImageSharp.Drawing.Path' and 'System.IO.Path' [/Users/admin/Projects/GerberTools/GerberLibrary.Core/GerberLibrary.Core.csproj]
/Users/admin/Projects/GerberTools/GerberLibrary.Core/Core/GerberPanel.cs(2517,47): error CS0104: 'Path' is an ambiguous reference between 'SixLabors.ImageSharp.Drawing.Path' and 'System.IO.Path' [/Users/admin/Projects/GerberTools/GerberLibrary.Core/GerberLibrary.Core.csproj]
/Users/admin/Projects/GerberTools/GerberLibrary.Core/Core/GerberPanel.cs(2517,93): error CS0104: 'Path' is an ambiguous reference between 'SixLabors.ImageSharp.Drawing.Path' and 'System.IO.Path' [/Users/admin/Projects/GerberTools/GerberLibrary.Core/GerberLibrary.Core.csproj]
/Users/admin/Projects/GerberTools/GerberLibrary.Core/Core/GerberPanel.cs(2535,52): error CS0104: 'Path' is an ambiguous reference between 'SixLabors.ImageSharp.Drawing.Path' and 'System.IO.Path' [/Users/admin/Projects/GerberTools/GerberLibrary.Core/GerberLibrary.Core.csproj]
/Users/admin/Projects/GerberTools/GerberLibrary.Core/Core/GerberPanel.cs(2535,98): error CS0104: 'Path' is an ambiguous reference between 'SixLabors.ImageSharp.Drawing.Path' and 'System.IO.Path' [/Users/admin/Projects/GerberTools/GerberLibrary.Core/GerberLibrary.Core.csproj]
/Users/admin/Projects/GerberTools/GerberLibrary.Core/Core/GerberPanel.cs(2508,37): warning CS8600: Converting null literal or possible null value to non-nullable type. [/Users/admin/Projects/GerberTools/GerberLibrary.Core/GerberLibrary.Core.csproj]
/Users/admin/Projects/GerberTools/GerberLibrary.Core/Core/GerberPanel.cs(2552,37): warning CS8600: Converting null literal or possible null value to non-nullable type. [/Users/admin/Projects/GerberTools/GerberLibrary.Core/GerberLibrary.Core.csproj]
/Users/admin/Projects/GerberTools/GerberLibrary.Core/Core/Gerber.cs(1043,52): error CS1503: Argument 1: cannot convert from 'SixLabors.ImageSharp.Processing.IImageProcessingContext' to 'GerberLibrary.Core.GraphicsInterface' [/Users/admin/Projects/GerberTools/GerberLibrary.Core/GerberLibrary.Core.csproj]
/Users/admin/Projects/GerberTools/GerberLibrary.Core/Core/Gerber.cs(1096,25): warning CS8600: Converting null literal or possible null value to non-nullable type. [/Users/admin/Projects/GerberTools/GerberLibrary.Core/GerberLibrary.Core.csproj]
/Users/admin/Projects/GerberTools/GerberLibrary.Core/Core/GerberPanel.cs(2237,23): warning CS8618: Non-nullable field 'GerberPath' must contain a non-null value when exiting constructor. Consider adding the 'required' modifier or declaring the field as nullable. [/Users/admin/Projects/GerberTools/GerberLibrary.Core/GerberLibrary.Core.csproj]
/Users/admin/Projects/GerberTools/GerberLibrary.Core/Core/GerberPanel.cs(2249,25): warning CS8618: Non-nullable field 'LastCenter' must contain a non-null value when exiting constructor. Consider adding the 'required' modifier or declaring the field as nullable. [/Users/admin/Projects/GerberTools/GerberLibrary.Core/GerberLibrary.Core.csproj]
/Users/admin/Projects/GerberTools/GerberLibrary.Core/Core/Gerber.cs(1210,21): error CS0144: Cannot create an instance of the abstract type or interface 'Pen' [/Users/admin/Projects/GerberTools/GerberLibrary.Core/GerberLibrary.Core.csproj]
/Users/admin/Projects/GerberTools/GerberLibrary.Core/Core/Gerber.cs(1211,17): error CS1061: 'IImageProcessingContext' does not contain a definition for 'DrawLines' and no accessible extension method 'DrawLines' accepting a first argument of type 'IImageProcessingContext' could be found (are you missing a using directive or an assembly reference?) [/Users/admin/Projects/GerberTools/GerberLibrary.Core/GerberLibrary.Core.csproj]
/Users/admin/Projects/GerberTools/GerberLibrary.Core/Core/Gerber.cs(1212,17): error CS1061: 'IImageProcessingContext' does not contain a definition for 'DrawLines' and no accessible extension method 'DrawLines' accepting a first argument of type 'IImageProcessingContext' could be found (are you missing a using directive or an assembly reference?) [/Users/admin/Projects/GerberTools/GerberLibrary.Core/GerberLibrary.Core.csproj]
/Users/admin/Projects/GerberTools/GerberLibrary.Core/Core/Gerber.cs(1213,17): error CS1061: 'IImageProcessingContext' does not contain a definition for 'DrawLines' and no accessible extension method 'DrawLines' accepting a first argument of type 'IImageProcessingContext' could be found (are you missing a using directive or an assembly reference?) [/Users/admin/Projects/GerberTools/GerberLibrary.Core/GerberLibrary.Core.csproj]
/Users/admin/Projects/GerberTools/GerberLibrary.Core/Core/Gerber.cs(1214,17): error CS1061: 'IImageProcessingContext' does not contain a definition for 'DrawLines' and no accessible extension method 'DrawLines' accepting a first argument of type 'IImageProcessingContext' could be found (are you missing a using directive or an assembly reference?) [/Users/admin/Projects/GerberTools/GerberLibrary.Core/GerberLibrary.Core.csproj]
/Users/admin/Projects/GerberTools/GerberLibrary.Core/Core/ImageCreator.cs(44,20): warning CS8603: Possible null reference return. [/Users/admin/Projects/GerberTools/GerberLibrary.Core/GerberLibrary.Core.csproj]
/Users/admin/Projects/GerberTools/GerberLibrary.Core/Core/Gerber.cs(1227,27): warning CS8618: Non-nullable field 'name' must contain a non-null value when exiting constructor. Consider adding the 'required' modifier or declaring the field as nullable. [/Users/admin/Projects/GerberTools/GerberLibrary.Core/GerberLibrary.Core.csproj]
/Users/admin/Projects/GerberTools/GerberLibrary.Core/Core/GerberPanel.cs(338,51): warning CS8600: Converting null literal or possible null value to non-nullable type. [/Users/admin/Projects/GerberTools/GerberLibrary.Core/GerberLibrary.Core.csproj]
/Users/admin/Projects/GerberTools/GerberLibrary.Core/Core/GerberPanel.cs(339,51): warning CS8600: Converting null literal or possible null value to non-nullable type. [/Users/admin/Projects/GerberTools/GerberLibrary.Core/GerberLibrary.Core.csproj]
/Users/admin/Projects/GerberTools/GerberLibrary.Core/Core/MacroExpressionEvaluator.cs(105,28): warning CS8603: Possible null reference return. [/Users/admin/Projects/GerberTools/GerberLibrary.Core/GerberLibrary.Core.csproj]
/Users/admin/Projects/GerberTools/GerberLibrary.Core/Core/MacroExpressionEvaluator.cs(99,27): warning CS8618: Non-nullable field 'Name' must contain a non-null value when exiting constructor. Consider adding the 'required' modifier or declaring the field as nullable. [/Users/admin/Projects/GerberTools/GerberLibrary.Core/GerberLibrary.Core.csproj]
/Users/admin/Projects/GerberTools/GerberLibrary.Core/Core/MacroExpressionEvaluator.cs(34,28): warning CS8618: Non-nullable field 'Left' must contain a non-null value when exiting constructor. Consider adding the 'required' modifier or declaring the field as nullable. [/Users/admin/Projects/GerberTools/GerberLibrary.Core/GerberLibrary.Core.csproj]
/Users/admin/Projects/GerberTools/GerberLibrary.Core/Core/MacroExpressionEvaluator.cs(35,28): warning CS8618: Non-nullable field 'Right' must contain a non-null value when exiting constructor. Consider adding the 'required' modifier or declaring the field as nullable. [/Users/admin/Projects/GerberTools/GerberLibrary.Core/GerberLibrary.Core.csproj]
/Users/admin/Projects/GerberTools/GerberLibrary.Core/Core/ImageCreator.cs(59,30): warning CS8604: Possible null reference argument for parameter 'toclip' in 'bool GerberImageCreator.IsInPolygons(ParsedGerber toclip, List<ParsedGerber> ols)'. [/Users/admin/Projects/GerberTools/GerberLibrary.Core/GerberLibrary.Core.csproj]
/Users/admin/Projects/GerberTools/GerberLibrary.Core/Core/MacroExpressionEvaluator.cs(125,43): warning CS8600: Converting null literal or possible null value to non-nullable type. [/Users/admin/Projects/GerberTools/GerberLibrary.Core/GerberLibrary.Core.csproj]
/Users/admin/Projects/GerberTools/GerberLibrary.Core/Core/MacroExpressionEvaluator.cs(126,39): warning CS8600: Converting null literal or possible null value to non-nullable type. [/Users/admin/Projects/GerberTools/GerberLibrary.Core/GerberLibrary.Core.csproj]
/Users/admin/Projects/GerberTools/GerberLibrary.Core/Core/MacroExpressionEvaluator.cs(135,48): warning CS8601: Possible null reference assignment. [/Users/admin/Projects/GerberTools/GerberLibrary.Core/GerberLibrary.Core.csproj]
/Users/admin/Projects/GerberTools/GerberLibrary.Core/Core/MacroExpressionEvaluator.cs(168,36): warning CS8603: Possible null reference return. [/Users/admin/Projects/GerberTools/GerberLibrary.Core/GerberLibrary.Core.csproj]
/Users/admin/Projects/GerberTools/GerberLibrary.Core/Core/MacroExpressionEvaluator.cs(176,20): warning CS8603: Possible null reference return. [/Users/admin/Projects/GerberTools/GerberLibrary.Core/GerberLibrary.Core.csproj]
/Users/admin/Projects/GerberTools/GerberLibrary.Core/Core/ImageCreator.cs(216,39): error CS0103: The name 'Primitives' does not exist in the current context [/Users/admin/Projects/GerberTools/GerberLibrary.Core/GerberLibrary.Core.csproj]
/Users/admin/Projects/GerberTools/GerberLibrary.Core/Core/ImageCreator.cs(220,39): error CS0103: The name 'Primitives' does not exist in the current context [/Users/admin/Projects/GerberTools/GerberLibrary.Core/GerberLibrary.Core.csproj]
/Users/admin/Projects/GerberTools/GerberLibrary.Core/Core/MacroExpressionEvaluator.cs(268,29): warning CS8600: Converting null literal or possible null value to non-nullable type. [/Users/admin/Projects/GerberTools/GerberLibrary.Core/GerberLibrary.Core.csproj]
/Users/admin/Projects/GerberTools/GerberLibrary.Core/Core/GerberPanel.cs(576,29): warning CS8604: Possible null reference argument for parameter 'a' in 'bool PointD.operator ==(PointD a, PointD b)'. [/Users/admin/Projects/GerberTools/GerberLibrary.Core/GerberLibrary.Core.csproj]
/Users/admin/Projects/GerberTools/GerberLibrary.Core/Core/GerberPanel.cs(576,45): warning CS8625: Cannot convert null literal to non-nullable reference type. [/Users/admin/Projects/GerberTools/GerberLibrary.Core/GerberLibrary.Core.csproj]
/Users/admin/Projects/GerberTools/GerberLibrary.Core/Core/GerberPanel.cs(577,64): warning CS8604: Possible null reference argument for parameter 'pointB' in 'double PointD.Distance(PointD pointA, PointD pointB)'. [/Users/admin/Projects/GerberTools/GerberLibrary.Core/GerberLibrary.Core.csproj]
/Users/admin/Projects/GerberTools/GerberLibrary.Core/Core/ImageCreator.cs(300,58): warning CS8604: Possible null reference argument for parameter 'Logger' in 'void GerberImageCreator.AddFileToSet(MemoryStream MS, string aname, ProgressLog Logger, double drillscaler = 1, bool forcezerowidth = false)'. [/Users/admin/Projects/GerberTools/GerberLibrary.Core/GerberLibrary.Core.csproj]
/Users/admin/Projects/GerberTools/GerberLibrary.Core/Core/ImageCreator.cs(313,46): warning CS8604: Possible null reference argument for parameter 'Logger' in 'void GerberImageCreator.AddFileToSet(MemoryStream MS, string aname, ProgressLog Logger, double drillscaler = 1, bool forcezerowidth = false)'. [/Users/admin/Projects/GerberTools/GerberLibrary.Core/GerberLibrary.Core.csproj]
/Users/admin/Projects/GerberTools/GerberLibrary.Core/Core/ImageCreator.cs(317,25): warning CS8602: Dereference of a possibly null reference. [/Users/admin/Projects/GerberTools/GerberLibrary.Core/GerberLibrary.Core.csproj]
/Users/admin/Projects/GerberTools/GerberLibrary.Core/Core/ImageCreator.cs(325,43): warning CS8604: Possible null reference argument for parameter 'Logger' in 'void GerberImageCreator.FixEagleDrillExportIssues(ProgressLog Logger)'. [/Users/admin/Projects/GerberTools/GerberLibrary.Core/GerberLibrary.Core.csproj]
/Users/admin/Projects/GerberTools/GerberLibrary.Core/Core/ImageCreator.cs(333,13): warning CS8602: Dereference of a possibly null reference. [/Users/admin/Projects/GerberTools/GerberLibrary.Core/GerberLibrary.Core.csproj]
/Users/admin/Projects/GerberTools/GerberLibrary.Core/Core/ImageCreator.cs(342,20): warning CS8603: Possible null reference return. [/Users/admin/Projects/GerberTools/GerberLibrary.Core/GerberLibrary.Core.csproj]
/Users/admin/Projects/GerberTools/GerberLibrary.Core/Core/GerberPanel.cs(629,37): warning CS8600: Converting null literal or possible null value to non-nullable type. [/Users/admin/Projects/GerberTools/GerberLibrary.Core/GerberLibrary.Core.csproj]
/Users/admin/Projects/GerberTools/GerberLibrary.Core/Core/GerberPanel.cs(630,48): warning CS8602: Dereference of a possibly null reference. [/Users/admin/Projects/GerberTools/GerberLibrary.Core/GerberLibrary.Core.csproj]
/Users/admin/Projects/GerberTools/GerberLibrary.Core/Core/PackingAlgos/RectanglePacker.cs(42,23): warning CS8618: Non-nullable field 'ReferencedObject' must contain a non-null value when exiting constructor. Consider adding the 'required' modifier or declaring the field as nullable. [/Users/admin/Projects/GerberTools/GerberLibrary.Core/GerberLibrary.Core.csproj]
/Users/admin/Projects/GerberTools/GerberLibrary.Core/Core/PackingAlgos/RectanglePacker.cs(43,38): warning CS8618: Non-nullable field 'lft' must contain a non-null value when exiting constructor. Consider adding the 'required' modifier or declaring the field as nullable. [/Users/admin/Projects/GerberTools/GerberLibrary.Core/GerberLibrary.Core.csproj]
/Users/admin/Projects/GerberTools/GerberLibrary.Core/Core/PackingAlgos/RectanglePacker.cs(44,38): warning CS8618: Non-nullable field 'rgt' must contain a non-null value when exiting constructor. Consider adding the 'required' modifier or declaring the field as nullable. [/Users/admin/Projects/GerberTools/GerberLibrary.Core/GerberLibrary.Core.csproj]
/Users/admin/Projects/GerberTools/GerberLibrary.Core/Core/MacroExpressionEvaluator.cs(344,20): warning CS8618: Non-nullable field 'CurrentSymbol' must contain a non-null value when exiting constructor. Consider adding the 'required' modifier or declaring the field as nullable. [/Users/admin/Projects/GerberTools/GerberLibrary.Core/GerberLibrary.Core.csproj]
/Users/admin/Projects/GerberTools/GerberLibrary.Core/Core/PackingAlgos/RectanglePacker.cs(84,24): warning CS8625: Cannot convert null literal to non-nullable reference type. [/Users/admin/Projects/GerberTools/GerberLibrary.Core/GerberLibrary.Core.csproj]
/Users/admin/Projects/GerberTools/GerberLibrary.Core/Core/PackingAlgos/RectanglePacker.cs(85,24): warning CS8625: Cannot convert null literal to non-nullable reference type. [/Users/admin/Projects/GerberTools/GerberLibrary.Core/GerberLibrary.Core.csproj]
/Users/admin/Projects/GerberTools/GerberLibrary.Core/Core/GerberTransposer.cs(54,35): warning CS8600: Converting null literal or possible null value to non-nullable type. [/Users/admin/Projects/GerberTools/GerberLibrary.Core/GerberLibrary.Core.csproj]
/Users/admin/Projects/GerberTools/GerberLibrary.Core/Core/GerberTransposer.cs(55,25): warning CS8602: Dereference of a possibly null reference. [/Users/admin/Projects/GerberTools/GerberLibrary.Core/GerberLibrary.Core.csproj]
/Users/admin/Projects/GerberTools/GerberLibrary.Core/Core/GerberTransposer.cs(104,22): warning CS0219: The variable 'metaopen' is assigned but its value is never used [/Users/admin/Projects/GerberTools/GerberLibrary.Core/GerberLibrary.Core.csproj]
/Users/admin/Projects/GerberTools/GerberLibrary.Core/Core/PolyLineSet.cs(49,73): error CS0234: The type or namespace name 'GerberLibrary' does not exist in the namespace 'GerberLibrary.Core' (are you missing an assembly reference?) [/Users/admin/Projects/GerberTools/GerberLibrary.Core/GerberLibrary.Core.csproj]
/Users/admin/Projects/GerberTools/GerberLibrary.Core/Core/PolyLineSet.cs(35,25): warning CS8618: Non-nullable field 'Boundary' must contain a non-null value when exiting constructor. Consider adding the 'required' modifier or declaring the field as nullable. [/Users/admin/Projects/GerberTools/GerberLibrary.Core/GerberLibrary.Core.csproj]
/Users/admin/Projects/GerberTools/GerberLibrary.Core/Core/PolyLineSet.cs(64,25): warning CS8618: Non-nullable field 'ThinLine' must contain a non-null value when exiting constructor. Consider adding the 'required' modifier or declaring the field as nullable. [/Users/admin/Projects/GerberTools/GerberLibrary.Core/GerberLibrary.Core.csproj]
/Users/admin/Projects/GerberTools/GerberLibrary.Core/Core/PackingAlgos/RectanglePacker.cs(108,31): warning CS8625: Cannot convert null literal to non-nullable reference type. [/Users/admin/Projects/GerberTools/GerberLibrary.Core/GerberLibrary.Core.csproj]
/Users/admin/Projects/GerberTools/GerberLibrary.Core/Core/PackingAlgos/RectanglePacker.cs(112,24): warning CS8603: Possible null reference return. [/Users/admin/Projects/GerberTools/GerberLibrary.Core/GerberLibrary.Core.csproj]
/Users/admin/Projects/GerberTools/GerberLibrary.Core/Core/PackingAlgos/RectanglePacker.cs(117,28): warning CS8603: Possible null reference return. [/Users/admin/Projects/GerberTools/GerberLibrary.Core/GerberLibrary.Core.csproj]
/Users/admin/Projects/GerberTools/GerberLibrary.Core/Core/PackingAlgos/RectanglePacker.cs(151,27): warning CS8625: Cannot convert null literal to non-nullable reference type. [/Users/admin/Projects/GerberTools/GerberLibrary.Core/GerberLibrary.Core.csproj]
/Users/admin/Projects/GerberTools/GerberLibrary.Core/Core/PackingAlgos/RectanglePacker.cs(156,20): warning CS8603: Possible null reference return. [/Users/admin/Projects/GerberTools/GerberLibrary.Core/GerberLibrary.Core.csproj]
/Users/admin/Projects/GerberTools/GerberLibrary.Core/Deprecated/OldCNCRelated.cs(209,27): warning CS8618: Non-nullable field 'Name' must contain a non-null value when exiting constructor. Consider adding the 'required' modifier or declaring the field as nullable. [/Users/admin/Projects/GerberTools/GerberLibrary.Core/GerberLibrary.Core.csproj]
/Users/admin/Projects/GerberTools/GerberLibrary.Core/EagleThings/BoardRenderer.cs(22,35): warning CS8618: Non-nullable field 'TheShape' must contain a non-null value when exiting constructor. Consider adding the 'required' modifier or declaring the field as nullable. [/Users/admin/Projects/GerberTools/GerberLibrary.Core/GerberLibrary.Core.csproj]
/Users/admin/Projects/GerberTools/GerberLibrary.Core/EagleThings/BoardRenderer.cs(27,27): warning CS8618: Non-nullable field 'Bounds' must contain a non-null value when exiting constructor. Consider adding the 'required' modifier or declaring the field as nullable. [/Users/admin/Projects/GerberTools/GerberLibrary.Core/GerberLibrary.Core.csproj]
/Users/admin/Projects/GerberTools/GerberLibrary.Core/EagleThings/BoardRenderer.cs(30,48): warning CS8618: Non-nullable field 'Placement' must contain a non-null value when exiting constructor. Consider adding the 'required' modifier or declaring the field as nullable. [/Users/admin/Projects/GerberTools/GerberLibrary.Core/GerberLibrary.Core.csproj]
/Users/admin/Projects/GerberTools/GerberLibrary.Core/Core/GerberPanel.cs(682,38): error CS1503: Argument 1: cannot convert from 'GerberLibrary.Core.Primitives.PointD' to 'SixLabors.ImageSharp.PointF' [/Users/admin/Projects/GerberTools/GerberLibrary.Core/GerberLibrary.Core.csproj]
/Users/admin/Projects/GerberTools/GerberLibrary.Core/Core/GerberPanel.cs(765,50): error CS0104: 'Path' is an ambiguous reference between 'SixLabors.ImageSharp.Drawing.Path' and 'System.IO.Path' [/Users/admin/Projects/GerberTools/GerberLibrary.Core/GerberLibrary.Core.csproj]
/Users/admin/Projects/GerberTools/GerberLibrary.Core/Core/GerberPanel.cs(765,36): error CS1061: 'GraphicsInterface' does not contain a definition for 'MeasureString' and no accessible extension method 'MeasureString' accepting a first argument of type 'GraphicsInterface' could be found (are you missing a using directive or an assembly reference?) [/Users/admin/Projects/GerberTools/GerberLibrary.Core/GerberLibrary.Core.csproj]
/Users/admin/Projects/GerberTools/GerberLibrary.Core/Core/GerberPanel.cs(772,58): error CS0104: 'Path' is an ambiguous reference between 'SixLabors.ImageSharp.Drawing.Path' and 'System.IO.Path' [/Users/admin/Projects/GerberTools/GerberLibrary.Core/GerberLibrary.Core.csproj]
/Users/admin/Projects/GerberTools/GerberLibrary.Core/Core/GerberPanel.cs(672,31): warning CS8600: Converting null literal or possible null value to non-nullable type. [/Users/admin/Projects/GerberTools/GerberLibrary.Core/GerberLibrary.Core.csproj]
/Users/admin/Projects/GerberTools/GerberLibrary.Core/Core/GerberPanel.cs(673,21): warning CS8602: Dereference of a possibly null reference. [/Users/admin/Projects/GerberTools/GerberLibrary.Core/GerberLibrary.Core.csproj]
/Users/admin/Projects/GerberTools/GerberLibrary.Core/Core/GerberPanel.cs(676,36): warning CS8602: Dereference of a possibly null reference. [/Users/admin/Projects/GerberTools/GerberLibrary.Core/GerberLibrary.Core.csproj]
/Users/admin/Projects/GerberTools/GerberLibrary.Core/Core/GerberPanel.cs(706,37): warning CS8600: Converting null literal or possible null value to non-nullable type. [/Users/admin/Projects/GerberTools/GerberLibrary.Core/GerberLibrary.Core.csproj]
/Users/admin/Projects/GerberTools/GerberLibrary.Core/Core/GerberPanel.cs(707,48): warning CS8602: Dereference of a possibly null reference. [/Users/admin/Projects/GerberTools/GerberLibrary.Core/GerberLibrary.Core.csproj]
/Users/admin/Projects/GerberTools/GerberLibrary.Core/Core/ImageCreator.cs(362,28): warning CS8603: Possible null reference return. [/Users/admin/Projects/GerberTools/GerberLibrary.Core/GerberLibrary.Core.csproj]
/Users/admin/Projects/GerberTools/GerberLibrary.Core/Core/ImageCreator.cs(424,25): warning CS8600: Converting null literal or possible null value to non-nullable type. [/Users/admin/Projects/GerberTools/GerberLibrary.Core/GerberLibrary.Core.csproj]
/Users/admin/Projects/GerberTools/GerberLibrary.Core/Core/ImageCreator.cs(428,20): warning CS8603: Possible null reference return. [/Users/admin/Projects/GerberTools/GerberLibrary.Core/GerberLibrary.Core.csproj]
/Users/admin/Projects/GerberTools/GerberLibrary.Core/Core/PolyLineSet.cs(196,37): warning CS8625: Cannot convert null literal to non-nullable reference type. [/Users/admin/Projects/GerberTools/GerberLibrary.Core/GerberLibrary.Core.csproj]
/Users/admin/Projects/GerberTools/GerberLibrary.Core/Deprecated/OldCNCRelated.cs(164,46): warning CS8625: Cannot convert null literal to non-nullable reference type. [/Users/admin/Projects/GerberTools/GerberLibrary.Core/GerberLibrary.Core.csproj]
/Users/admin/Projects/GerberTools/GerberLibrary.Core/Deprecated/OldCNCRelated.cs(178,44): warning CS8625: Cannot convert null literal to non-nullable reference type. [/Users/admin/Projects/GerberTools/GerberLibrary.Core/GerberLibrary.Core.csproj]
/Users/admin/Projects/GerberTools/GerberLibrary.Core/EagleThings/LibraryLoader.cs(22,27): warning CS8618: Non-nullable field 'NetName' must contain a non-null value when exiting constructor. Consider adding the 'required' modifier or declaring the field as nullable. [/Users/admin/Projects/GerberTools/GerberLibrary.Core/GerberLibrary.Core.csproj]
/Users/admin/Projects/GerberTools/GerberLibrary.Core/EagleThings/LibraryLoader.cs(31,27): warning CS8618: Non-nullable field 'Name' must contain a non-null value when exiting constructor. Consider adding the 'required' modifier or declaring the field as nullable. [/Users/admin/Projects/GerberTools/GerberLibrary.Core/GerberLibrary.Core.csproj]
/Users/admin/Projects/GerberTools/GerberLibrary.Core/EagleThings/LibraryLoader.cs(199,30): warning CS8618: Non-nullable field 'Layer' must contain a non-null value when exiting constructor. Consider adding the 'required' modifier or declaring the field as nullable. [/Users/admin/Projects/GerberTools/GerberLibrary.Core/GerberLibrary.Core.csproj]
/Users/admin/Projects/GerberTools/GerberLibrary.Core/EagleThings/LibraryLoader.cs(202,33): warning CS8618: Non-nullable field 'Net' must contain a non-null value when exiting constructor. Consider adding the 'required' modifier or declaring the field as nullable. [/Users/admin/Projects/GerberTools/GerberLibrary.Core/GerberLibrary.Core.csproj]
/Users/admin/Projects/GerberTools/GerberLibrary.Core/EagleThings/LibraryLoader.cs(79,27): warning CS8618: Non-nullable field 'Name' must contain a non-null value when exiting constructor. Consider adding the 'required' modifier or declaring the field as nullable. [/Users/admin/Projects/GerberTools/GerberLibrary.Core/GerberLibrary.Core.csproj]
/Users/admin/Projects/GerberTools/GerberLibrary.Core/EagleThings/LibraryLoader.cs(89,27): warning CS8618: Non-nullable field 'Name' must contain a non-null value when exiting constructor. Consider adding the 'required' modifier or declaring the field as nullable. [/Users/admin/Projects/GerberTools/GerberLibrary.Core/GerberLibrary.Core.csproj]
/Users/admin/Projects/GerberTools/GerberLibrary.Core/EagleThings/LibraryLoader.cs(95,27): warning CS8618: Non-nullable field 'Text' must contain a non-null value when exiting constructor. Consider adding the 'required' modifier or declaring the field as nullable. [/Users/admin/Projects/GerberTools/GerberLibrary.Core/GerberLibrary.Core.csproj]
/Users/admin/Projects/GerberTools/GerberLibrary.Core/EagleThings/LibraryLoader.cs(115,27): warning CS8618: Non-nullable field 'Name' must contain a non-null value when exiting constructor. Consider adding the 'required' modifier or declaring the field as nullable. [/Users/admin/Projects/GerberTools/GerberLibrary.Core/GerberLibrary.Core.csproj]
/Users/admin/Projects/GerberTools/GerberLibrary.Core/Core/GerberPanel.cs(837,33): error CS1503: Argument 1: cannot convert from 'SixLabors.ImageSharp.Color' to 'GerberLibrary.Core.Primitives.SolidBrush' [/Users/admin/Projects/GerberTools/GerberLibrary.Core/GerberLibrary.Core.csproj]
/Users/admin/Projects/GerberTools/GerberLibrary.Core/Core/GerberPanel.cs(853,53): error CS0117: 'InterpolationMode' does not contain a definition for 'High' [/Users/admin/Projects/GerberTools/GerberLibrary.Core/GerberLibrary.Core.csproj]
/Users/admin/Projects/GerberTools/GerberLibrary.Core/Core/GerberPanel.cs(917,56): warning CS8625: Cannot convert null literal to non-nullable reference type. [/Users/admin/Projects/GerberTools/GerberLibrary.Core/GerberLibrary.Core.csproj]
/Users/admin/Projects/GerberTools/GerberLibrary.Core/Core/BillOfMaterials.cs(38,41): warning CS8600: Converting null literal or possible null value to non-nullable type. [/Users/admin/Projects/GerberTools/GerberLibrary.Core/GerberLibrary.Core.csproj]
/Users/admin/Projects/GerberTools/GerberLibrary.Core/Core/BillOfMaterials.cs(45,40): warning CS8600: Converting null literal or possible null value to non-nullable type. [/Users/admin/Projects/GerberTools/GerberLibrary.Core/GerberLibrary.Core.csproj]
/Users/admin/Projects/GerberTools/GerberLibrary.Core/Core/BillOfMaterials.cs(46,24): warning CS8603: Possible null reference return. [/Users/admin/Projects/GerberTools/GerberLibrary.Core/GerberLibrary.Core.csproj]
/Users/admin/Projects/GerberTools/GerberLibrary.Core/Core/BillOfMaterials.cs(51,24): warning CS8603: Possible null reference return. [/Users/admin/Projects/GerberTools/GerberLibrary.Core/GerberLibrary.Core.csproj]
/Users/admin/Projects/GerberTools/GerberLibrary.Core/Core/BillOfMaterials.cs(61,20): warning CS8603: Possible null reference return. [/Users/admin/Projects/GerberTools/GerberLibrary.Core/GerberLibrary.Core.csproj]
/Users/admin/Projects/GerberTools/GerberLibrary.Core/Core/BillOfMaterials.cs(77,23): warning CS8618: Non-nullable field 'name' must contain a non-null value when exiting constructor. Consider adding the 'required' modifier or declaring the field as nullable. [/Users/admin/Projects/GerberTools/GerberLibrary.Core/GerberLibrary.Core.csproj]
/Users/admin/Projects/GerberTools/GerberLibrary.Core/Core/BillOfMaterials.cs(78,23): warning CS8618: Non-nullable field 'MFGPartname' must contain a non-null value when exiting constructor. Consider adding the 'required' modifier or declaring the field as nullable. [/Users/admin/Projects/GerberTools/GerberLibrary.Core/GerberLibrary.Core.csproj]
/Users/admin/Projects/GerberTools/GerberLibrary.Core/Core/BillOfMaterials.cs(79,23): warning CS8618: Non-nullable field 'MFG' must contain a non-null value when exiting constructor. Consider adding the 'required' modifier or declaring the field as nullable. [/Users/admin/Projects/GerberTools/GerberLibrary.Core/GerberLibrary.Core.csproj]
/Users/admin/Projects/GerberTools/GerberLibrary.Core/Core/BillOfMaterials.cs(80,23): warning CS8618: Non-nullable field 'value' must contain a non-null value when exiting constructor. Consider adding the 'required' modifier or declaring the field as nullable. [/Users/admin/Projects/GerberTools/GerberLibrary.Core/GerberLibrary.Core.csproj]
/Users/admin/Projects/GerberTools/GerberLibrary.Core/Core/BillOfMaterials.cs(82,23): warning CS8618: Non-nullable field 'Stock' must contain a non-null value when exiting constructor. Consider adding the 'required' modifier or declaring the field as nullable. [/Users/admin/Projects/GerberTools/GerberLibrary.Core/GerberLibrary.Core.csproj]
/Users/admin/Projects/GerberTools/GerberLibrary.Core/Core/BillOfMaterials.cs(83,23): warning CS8618: Non-nullable field 'Notes' must contain a non-null value when exiting constructor. Consider adding the 'required' modifier or declaring the field as nullable. [/Users/admin/Projects/GerberTools/GerberLibrary.Core/GerberLibrary.Core.csproj]
/Users/admin/Projects/GerberTools/GerberLibrary.Core/Core/ImageCreator.cs(518,17): error CS0246: The type or namespace name 'Primitives' could not be found (are you missing a using directive or an assembly reference?) [/Users/admin/Projects/GerberTools/GerberLibrary.Core/GerberLibrary.Core.csproj]
/Users/admin/Projects/GerberTools/GerberLibrary.Core/Core/ImageCreator.cs(518,40): error CS0246: The type or namespace name 'Primitives' could not be found (are you missing a using directive or an assembly reference?) [/Users/admin/Projects/GerberTools/GerberLibrary.Core/GerberLibrary.Core.csproj]
/Users/admin/Projects/GerberTools/GerberLibrary.Core/Core/ImageCreator.cs(513,33): warning CS8625: Cannot convert null literal to non-nullable reference type. [/Users/admin/Projects/GerberTools/GerberLibrary.Core/GerberLibrary.Core.csproj]
/Users/admin/Projects/GerberTools/GerberLibrary.Core/Core/BillOfMaterials.cs(192,23): warning CS8618: Non-nullable field 'Name' must contain a non-null value when exiting constructor. Consider adding the 'required' modifier or declaring the field as nullable. [/Users/admin/Projects/GerberTools/GerberLibrary.Core/GerberLibrary.Core.csproj]
/Users/admin/Projects/GerberTools/GerberLibrary.Core/Core/BillOfMaterials.cs(193,23): warning CS8618: Non-nullable field 'Desc' must contain a non-null value when exiting constructor. Consider adding the 'required' modifier or declaring the field as nullable. [/Users/admin/Projects/GerberTools/GerberLibrary.Core/GerberLibrary.Core.csproj]
/Users/admin/Projects/GerberTools/GerberLibrary.Core/Core/BillOfMaterials.cs(194,23): warning CS8618: Non-nullable field 'Value' must contain a non-null value when exiting constructor. Consider adding the 'required' modifier or declaring the field as nullable. [/Users/admin/Projects/GerberTools/GerberLibrary.Core/GerberLibrary.Core.csproj]
/Users/admin/Projects/GerberTools/GerberLibrary.Core/Core/BillOfMaterials.cs(195,23): warning CS8618: Non-nullable field 'Notes' must contain a non-null value when exiting constructor. Consider adding the 'required' modifier or declaring the field as nullable. [/Users/admin/Projects/GerberTools/GerberLibrary.Core/GerberLibrary.Core.csproj]
/Users/admin/Projects/GerberTools/GerberLibrary.Core/Core/BillOfMaterials.cs(196,23): warning CS8618: Non-nullable field 'PackageName' must contain a non-null value when exiting constructor. Consider adding the 'required' modifier or declaring the field as nullable. [/Users/admin/Projects/GerberTools/GerberLibrary.Core/GerberLibrary.Core.csproj]
/Users/admin/Projects/GerberTools/GerberLibrary.Core/Core/BillOfMaterials.cs(197,23): warning CS8618: Non-nullable field 'MfgPartNumber' must contain a non-null value when exiting constructor. Consider adding the 'required' modifier or declaring the field as nullable. [/Users/admin/Projects/GerberTools/GerberLibrary.Core/GerberLibrary.Core.csproj]
/Users/admin/Projects/GerberTools/GerberLibrary.Core/Core/BillOfMaterials.cs(198,23): warning CS8618: Non-nullable field 'Mfg' must contain a non-null value when exiting constructor. Consider adding the 'required' modifier or declaring the field as nullable. [/Users/admin/Projects/GerberTools/GerberLibrary.Core/GerberLibrary.Core.csproj]
/Users/admin/Projects/GerberTools/GerberLibrary.Core/Core/BillOfMaterials.cs(199,23): warning CS8618: Non-nullable field 'CombinedName' must contain a non-null value when exiting constructor. Consider adding the 'required' modifier or declaring the field as nullable. [/Users/admin/Projects/GerberTools/GerberLibrary.Core/GerberLibrary.Core.csproj]
/Users/admin/Projects/GerberTools/GerberLibrary.Core/Core/BillOfMaterials.cs(203,27): warning CS8618: Non-nullable field 'NameOnBoard' must contain a non-null value when exiting constructor. Consider adding the 'required' modifier or declaring the field as nullable. [/Users/admin/Projects/GerberTools/GerberLibrary.Core/GerberLibrary.Core.csproj]
/Users/admin/Projects/GerberTools/GerberLibrary.Core/Core/BillOfMaterials.cs(204,27): warning CS8618: Non-nullable field 'SourceBoard' must contain a non-null value when exiting constructor. Consider adding the 'required' modifier or declaring the field as nullable. [/Users/admin/Projects/GerberTools/GerberLibrary.Core/GerberLibrary.Core.csproj]
/Users/admin/Projects/GerberTools/GerberLibrary.Core/Core/BillOfMaterials.cs(205,27): warning CS8618: Non-nullable field 'OriginalName' must contain a non-null value when exiting constructor. Consider adding the 'required' modifier or declaring the field as nullable. [/Users/admin/Projects/GerberTools/GerberLibrary.Core/GerberLibrary.Core.csproj]
/Users/admin/Projects/GerberTools/GerberLibrary.Core/EagleThings/LibraryLoader.cs(132,27): warning CS8618: Non-nullable field 'name' must contain a non-null value when exiting constructor. Consider adding the 'required' modifier or declaring the field as nullable. [/Users/admin/Projects/GerberTools/GerberLibrary.Core/GerberLibrary.Core.csproj]
/Users/admin/Projects/GerberTools/GerberLibrary.Core/EagleThings/BoardRenderer.cs(205,33): error CS0144: Cannot create an instance of the abstract type or interface 'Pen' [/Users/admin/Projects/GerberTools/GerberLibrary.Core/GerberLibrary.Core.csproj]
/Users/admin/Projects/GerberTools/GerberLibrary.Core/EagleThings/BoardRenderer.cs(206,32): error CS0144: Cannot create an instance of the abstract type or interface 'Pen' [/Users/admin/Projects/GerberTools/GerberLibrary.Core/GerberLibrary.Core.csproj]
/Users/admin/Projects/GerberTools/GerberLibrary.Core/EagleThings/BoardRenderer.cs(209,36): error CS1503: Argument 1: cannot convert from 'SixLabors.ImageSharp.Drawing.Processing.Pen' to 'GerberLibrary.Core.Primitives.Pen' [/Users/admin/Projects/GerberTools/GerberLibrary.Core/GerberLibrary.Core.csproj]
/Users/admin/Projects/GerberTools/GerberLibrary.Core/EagleThings/BoardRenderer.cs(213,36): error CS1503: Argument 1: cannot convert from 'SixLabors.ImageSharp.Drawing.Processing.Pen' to 'GerberLibrary.Core.Primitives.Pen' [/Users/admin/Projects/GerberTools/GerberLibrary.Core/GerberLibrary.Core.csproj]
/Users/admin/Projects/GerberTools/GerberLibrary.Core/EagleThings/BoardRenderer.cs(230,46): error CS1061: 'Color' does not contain a definition for 'R' and no accessible extension method 'R' accepting a first argument of type 'Color' could be found (are you missing a using directive or an assembly reference?) [/Users/admin/Projects/GerberTools/GerberLibrary.Core/GerberLibrary.Core.csproj]
/Users/admin/Projects/GerberTools/GerberLibrary.Core/EagleThings/BoardRenderer.cs(230,51): error CS1061: 'Color' does not contain a definition for 'G' and no accessible extension method 'G' accepting a first argument of type 'Color' could be found (are you missing a using directive or an assembly reference?) [/Users/admin/Projects/GerberTools/GerberLibrary.Core/GerberLibrary.Core.csproj]
/Users/admin/Projects/GerberTools/GerberLibrary.Core/EagleThings/BoardRenderer.cs(230,56): error CS1061: 'Color' does not contain a definition for 'B' and no accessible extension method 'B' accepting a first argument of type 'Color' could be found (are you missing a using directive or an assembly reference?) [/Users/admin/Projects/GerberTools/GerberLibrary.Core/GerberLibrary.Core.csproj]
/Users/admin/Projects/GerberTools/GerberLibrary.Core/EagleThings/BoardRenderer.cs(241,40): error CS1061: 'PathBuilder' does not contain a definition for 'AddPolygon' and no accessible extension method 'AddPolygon' accepting a first argument of type 'PathBuilder' could be found (are you missing a using directive or an assembly reference?) [/Users/admin/Projects/GerberTools/GerberLibrary.Core/GerberLibrary.Core.csproj]
/Users/admin/Projects/GerberTools/GerberLibrary.Core/EagleThings/BoardRenderer.cs(243,40): error CS1503: Argument 1: cannot convert from 'SixLabors.ImageSharp.Drawing.Processing.SolidBrush' to 'GerberLibrary.Core.Primitives.SolidBrush' [/Users/admin/Projects/GerberTools/GerberLibrary.Core/GerberLibrary.Core.csproj]
/Users/admin/Projects/GerberTools/GerberLibrary.Core/EagleThings/BoardRenderer.cs(263,60): error CS1503: Argument 3: cannot convert from 'SixLabors.ImageSharp.Drawing.Processing.SolidBrush' to 'GerberLibrary.Core.Primitives.SolidBrush' [/Users/admin/Projects/GerberTools/GerberLibrary.Core/GerberLibrary.Core.csproj]
/Users/admin/Projects/GerberTools/GerberLibrary.Core/EagleThings/BoardRenderer.cs(270,37): error CS0144: Cannot create an instance of the abstract type or interface 'Pen' [/Users/admin/Projects/GerberTools/GerberLibrary.Core/GerberLibrary.Core.csproj]
/Users/admin/Projects/GerberTools/GerberLibrary.Core/EagleThings/BoardRenderer.cs(294,37): error CS0246: The type or namespace name 'GraphicsPath' could not be found (are you missing a using directive or an assembly reference?) [/Users/admin/Projects/GerberTools/GerberLibrary.Core/GerberLibrary.Core.csproj]
/Users/admin/Projects/GerberTools/GerberLibrary.Core/EagleThings/BoardRenderer.cs(294,61): error CS0246: The type or namespace name 'GraphicsPath' could not be found (are you missing a using directive or an assembly reference?) [/Users/admin/Projects/GerberTools/GerberLibrary.Core/GerberLibrary.Core.csproj]
/Users/admin/Projects/GerberTools/GerberLibrary.Core/EagleThings/BoardRenderer.cs(297,52): error CS0117: 'FontFamily' does not contain a definition for 'GenericSansSerif' [/Users/admin/Projects/GerberTools/GerberLibrary.Core/GerberLibrary.Core.csproj]
/Users/admin/Projects/GerberTools/GerberLibrary.Core/EagleThings/BoardRenderer.cs(301,41): error CS0103: The name 'SF' does not exist in the current context [/Users/admin/Projects/GerberTools/GerberLibrary.Core/GerberLibrary.Core.csproj]
/Users/admin/Projects/GerberTools/GerberLibrary.Core/EagleThings/BoardRenderer.cs(282,21): warning CS0162: Unreachable code detected [/Users/admin/Projects/GerberTools/GerberLibrary.Core/GerberLibrary.Core.csproj]
/Users/admin/Projects/GerberTools/GerberLibrary.Core/Core/GraphicsInterface.cs(63,31): warning CS8618: Non-nullable property 'InterpolationMode' must contain a non-null value when exiting constructor. Consider adding the 'required' modifier or declaring the property as nullable. [/Users/admin/Projects/GerberTools/GerberLibrary.Core/GerberLibrary.Core.csproj]
/Users/admin/Projects/GerberTools/GerberLibrary.Core/Core/GraphicsInterface.cs(72,16): warning CS8618: Non-nullable property 'InterpolationMode' must contain a non-null value when exiting constructor. Consider adding the 'required' modifier or declaring the property as nullable. [/Users/admin/Projects/GerberTools/GerberLibrary.Core/GerberLibrary.Core.csproj]
/Users/admin/Projects/GerberTools/GerberLibrary.Core/Core/ImageCreator.cs(573,13): error CS0246: The type or namespace name 'Primitives' could not be found (are you missing a using directive or an assembly reference?) [/Users/admin/Projects/GerberTools/GerberLibrary.Core/GerberLibrary.Core.csproj]
/Users/admin/Projects/GerberTools/GerberLibrary.Core/Core/ImageCreator.cs(573,36): error CS0246: The type or namespace name 'Primitives' could not be found (are you missing a using directive or an assembly reference?) [/Users/admin/Projects/GerberTools/GerberLibrary.Core/GerberLibrary.Core.csproj]
/Users/admin/Projects/GerberTools/GerberLibrary.Core/Core/ImageCreator.cs(566,24): warning CS8603: Possible null reference return. [/Users/admin/Projects/GerberTools/GerberLibrary.Core/GerberLibrary.Core.csproj]
/Users/admin/Projects/GerberTools/GerberLibrary.Core/Core/GraphicsInterface.cs(99,90): error CS0234: The type or namespace name 'Pen' does not exist in the namespace 'SixLabors.ImageSharp.Drawing' (are you missing an assembly reference?) [/Users/admin/Projects/GerberTools/GerberLibrary.Core/GerberLibrary.Core.csproj]
/Users/admin/Projects/GerberTools/GerberLibrary.Core/Core/GraphicsInterface.cs(104,91): error CS0234: The type or namespace name 'Pen' does not exist in the namespace 'SixLabors.ImageSharp.Drawing' (are you missing an assembly reference?) [/Users/admin/Projects/GerberTools/GerberLibrary.Core/GerberLibrary.Core.csproj]
/Users/admin/Projects/GerberTools/GerberLibrary.Core/Core/GraphicsInterface.cs(104,34): error CS1061: 'IImageProcessingContext' does not contain a definition for 'DrawLines' and no accessible extension method 'DrawLines' accepting a first argument of type 'IImageProcessingContext' could be found (are you missing a using directive or an assembly reference?) [/Users/admin/Projects/GerberTools/GerberLibrary.Core/GerberLibrary.Core.csproj]
/Users/admin/Projects/GerberTools/GerberLibrary.Core/Core/ImageCreator.cs(590,79): warning CS8604: Possible null reference argument for parameter 'Logger' in 'string GerberImageCreator.DrawToFile(string basefilename, BoardSide CurrentLayer, double dpi = 400, bool showimage = true, ProgressLog Logger = null)'. [/Users/admin/Projects/GerberTools/GerberLibrary.Core/GerberLibrary.Core.csproj]
/Users/admin/Projects/GerberTools/GerberLibrary.Core/Core/ImageCreator.cs(592,82): warning CS8604: Possible null reference argument for parameter 'Logger' in 'string GerberImageCreator.DrawToFile(string basefilename, BoardSide CurrentLayer, double dpi = 400, bool showimage = true, ProgressLog Logger = null)'. [/Users/admin/Projects/GerberTools/GerberLibrary.Core/GerberLibrary.Core.csproj]
/Users/admin/Projects/GerberTools/GerberLibrary.Core/Core/ImageCreator.cs(599,74): warning CS8604: Possible null reference argument for parameter 'Logger' in 'void GerberImageCreator.DrawXRayToFile(string basefilename, double dpi = 400, bool showimage = true, bool bottomside = false, ProgressLog Logger = null)'. [/Users/admin/Projects/GerberTools/GerberLibrary.Core/GerberLibrary.Core.csproj]
/Users/admin/Projects/GerberTools/GerberLibrary.Core/Core/GraphicsInterface.cs(109,94): error CS0234: The type or namespace name 'Pen' does not exist in the namespace 'SixLabors.ImageSharp.Drawing' (are you missing an assembly reference?) [/Users/admin/Projects/GerberTools/GerberLibrary.Core/GerberLibrary.Core.csproj]
/Users/admin/Projects/GerberTools/GerberLibrary.Core/Core/GraphicsInterface.cs(124,90): error CS0234: The type or namespace name 'Pen' does not exist in the namespace 'SixLabors.ImageSharp.Drawing' (are you missing an assembly reference?) [/Users/admin/Projects/GerberTools/GerberLibrary.Core/GerberLibrary.Core.csproj]
/Users/admin/Projects/GerberTools/GerberLibrary.Core/Core/BillOfMaterials.cs(490,25): warning CS8618: Non-nullable property 'Result' must contain a non-null value when exiting constructor. Consider adding the 'required' modifier or declaring the property as nullable. [/Users/admin/Projects/GerberTools/GerberLibrary.Core/GerberLibrary.Core.csproj]
/Users/admin/Projects/GerberTools/GerberLibrary.Core/Core/GraphicsInterface.cs(129,43): error CS1061: 'PathBuilder' does not contain a definition for 'AddEllipse' and no accessible extension method 'AddEllipse' accepting a first argument of type 'PathBuilder' could be found (are you missing a using directive or an assembly reference?) [/Users/admin/Projects/GerberTools/GerberLibrary.Core/GerberLibrary.Core.csproj]
/Users/admin/Projects/GerberTools/GerberLibrary.Core/Core/GraphicsInterface.cs(130,91): error CS0234: The type or namespace name 'Pen' does not exist in the namespace 'SixLabors.ImageSharp.Drawing' (are you missing an assembly reference?) [/Users/admin/Projects/GerberTools/GerberLibrary.Core/GerberLibrary.Core.csproj]
/Users/admin/Projects/GerberTools/GerberLibrary.Core/Core/Helpers.cs(26,28): error CS0104: 'Pen' is an ambiguous reference between 'GerberLibrary.Core.Primitives.Pen' and 'SixLabors.ImageSharp.Drawing.Processing.Pen' [/Users/admin/Projects/GerberTools/GerberLibrary.Core/GerberLibrary.Core.csproj]
/Users/admin/Projects/GerberTools/GerberLibrary.Core/EagleThings/BoardRenderer.cs(430,37): error CS0128: A local variable or function named 'P' is already defined in this scope [/Users/admin/Projects/GerberTools/GerberLibrary.Core/GerberLibrary.Core.csproj]
/Users/admin/Projects/GerberTools/GerberLibrary.Core/EagleThings/BoardRenderer.cs(453,96): error CS1503: Argument 2: cannot convert from 'System.Collections.Generic.List<System.Drawing.PointF>' to 'System.Collections.Generic.List<SixLabors.ImageSharp.PointF>' [/Users/admin/Projects/GerberTools/GerberLibrary.Core/GerberLibrary.Core.csproj]
/Users/admin/Projects/GerberTools/GerberLibrary.Core/EagleThings/BoardRenderer.cs(467,46): error CS1503: Argument 1: cannot convert from 'System.Collections.Generic.List<System.Drawing.PointF>' to 'System.Collections.Generic.IEnumerable<SixLabors.ImageSharp.PointF>' [/Users/admin/Projects/GerberTools/GerberLibrary.Core/GerberLibrary.Core.csproj]
/Users/admin/Projects/GerberTools/GerberLibrary.Core/EagleThings/BoardRenderer.cs(409,52): warning CS8600: Converting null literal or possible null value to non-nullable type. [/Users/admin/Projects/GerberTools/GerberLibrary.Core/GerberLibrary.Core.csproj]
/Users/admin/Projects/GerberTools/GerberLibrary.Core/Core/PolyLineSet.cs(530,40): warning CS8600: Converting null literal or possible null value to non-nullable type. [/Users/admin/Projects/GerberTools/GerberLibrary.Core/GerberLibrary.Core.csproj]
/Users/admin/Projects/GerberTools/GerberLibrary.Core/Core/PolyLineSet.cs(531,41): warning CS8600: Converting null literal or possible null value to non-nullable type. [/Users/admin/Projects/GerberTools/GerberLibrary.Core/GerberLibrary.Core.csproj]
/Users/admin/Projects/GerberTools/GerberLibrary.Core/Core/PolyLineSet.cs(590,44): warning CS8600: Converting null literal or possible null value to non-nullable type. [/Users/admin/Projects/GerberTools/GerberLibrary.Core/GerberLibrary.Core.csproj]
/Users/admin/Projects/GerberTools/GerberLibrary.Core/Core/PolyLineSet.cs(600,37): warning CS8602: Dereference of a possibly null reference. [/Users/admin/Projects/GerberTools/GerberLibrary.Core/GerberLibrary.Core.csproj]
/Users/admin/Projects/GerberTools/GerberLibrary.Core/Core/PolyLineSet.cs(608,45): warning CS8600: Converting null literal or possible null value to non-nullable type. [/Users/admin/Projects/GerberTools/GerberLibrary.Core/GerberLibrary.Core.csproj]
/Users/admin/Projects/GerberTools/GerberLibrary.Core/Core/PolyLineSet.cs(609,44): warning CS8600: Converting null literal or possible null value to non-nullable type. [/Users/admin/Projects/GerberTools/GerberLibrary.Core/GerberLibrary.Core.csproj]
/Users/admin/Projects/GerberTools/GerberLibrary.Core/Core/PolyLineSet.cs(680,17): warning CS8602: Dereference of a possibly null reference. [/Users/admin/Projects/GerberTools/GerberLibrary.Core/GerberLibrary.Core.csproj]
/Users/admin/Projects/GerberTools/GerberLibrary.Core/Core/PolyLineSet.cs(534,18): warning CS0219: The variable 'LastWasStar' is assigned but its value is never used [/Users/admin/Projects/GerberTools/GerberLibrary.Core/GerberLibrary.Core.csproj]
/Users/admin/Projects/GerberTools/GerberLibrary.Core/Core/GraphicsInterface.cs(135,43): error CS1061: 'PathBuilder' does not contain a definition for 'AddEllipse' and no accessible extension method 'AddEllipse' accepting a first argument of type 'PathBuilder' could be found (are you missing a using directive or an assembly reference?) [/Users/admin/Projects/GerberTools/GerberLibrary.Core/GerberLibrary.Core.csproj]
/Users/admin/Projects/GerberTools/GerberLibrary.Core/Core/GraphicsInterface.cs(141,43): error CS1501: No overload for method 'AddArc' takes 3 arguments [/Users/admin/Projects/GerberTools/GerberLibrary.Core/GerberLibrary.Core.csproj]
/Users/admin/Projects/GerberTools/GerberLibrary.Core/Core/GraphicsInterface.cs(142,91): error CS0234: The type or namespace name 'Pen' does not exist in the namespace 'SixLabors.ImageSharp.Drawing' (are you missing an assembly reference?) [/Users/admin/Projects/GerberTools/GerberLibrary.Core/GerberLibrary.Core.csproj]
/Users/admin/Projects/GerberTools/GerberLibrary.Core/Core/ImageCreator.cs(750,36): error CS0246: The type or namespace name 'Primitives' could not be found (are you missing a using directive or an assembly reference?) [/Users/admin/Projects/GerberTools/GerberLibrary.Core/GerberLibrary.Core.csproj]
/Users/admin/Projects/GerberTools/GerberLibrary.Core/Core/ImageCreator.cs(794,34): error CS0246: The type or namespace name 'Primitives' could not be found (are you missing a using directive or an assembly reference?) [/Users/admin/Projects/GerberTools/GerberLibrary.Core/GerberLibrary.Core.csproj]
/Users/admin/Projects/GerberTools/GerberLibrary.Core/Core/ImageCreator.cs(811,34): error CS0246: The type or namespace name 'Primitives' could not be found (are you missing a using directive or an assembly reference?) [/Users/admin/Projects/GerberTools/GerberLibrary.Core/GerberLibrary.Core.csproj]
/Users/admin/Projects/GerberTools/GerberLibrary.Core/Core/Helpers.cs(70,20): error CS1061: 'Color' does not contain a definition for 'ToRgba32' and no accessible extension method 'ToRgba32' accepting a first argument of type 'Color' could be found (are you missing a using directive or an assembly reference?) [/Users/admin/Projects/GerberTools/GerberLibrary.Core/GerberLibrary.Core.csproj]
/Users/admin/Projects/GerberTools/GerberLibrary.Core/Core/GraphicsInterface.cs(156,40): error CS1503: Argument 3: cannot convert from 'SixLabors.ImageSharp.Point' to 'SixLabors.ImageSharp.Rectangle' [/Users/admin/Projects/GerberTools/GerberLibrary.Core/GerberLibrary.Core.csproj]
/Users/admin/Projects/GerberTools/GerberLibrary.Core/Core/GraphicsInterface.cs(156,67): error CS1503: Argument 4: cannot convert from 'SixLabors.ImageSharp.Drawing.Processing.DrawingOptions' to 'float' [/Users/admin/Projects/GerberTools/GerberLibrary.Core/GerberLibrary.Core.csproj]
/Users/admin/Projects/GerberTools/GerberLibrary.Core/Core/GraphicsInterface.cs(181,91): error CS0234: The type or namespace name 'Pen' does not exist in the namespace 'SixLabors.ImageSharp.Drawing' (are you missing an assembly reference?) [/Users/admin/Projects/GerberTools/GerberLibrary.Core/GerberLibrary.Core.csproj]
/Users/admin/Projects/GerberTools/GerberLibrary.Core/Core/PolyLineSet.cs(720,40): warning CS8600: Converting null literal or possible null value to non-nullable type. [/Users/admin/Projects/GerberTools/GerberLibrary.Core/GerberLibrary.Core.csproj]
/Users/admin/Projects/GerberTools/GerberLibrary.Core/Core/PolyLineSet.cs(735,44): warning CS8600: Converting null literal or possible null value to non-nullable type. [/Users/admin/Projects/GerberTools/GerberLibrary.Core/GerberLibrary.Core.csproj]
/Users/admin/Projects/GerberTools/GerberLibrary.Core/Core/PolyLineSet.cs(720,25): warning CS0219: The variable 'CurrentBlock' is assigned but its value is never used [/Users/admin/Projects/GerberTools/GerberLibrary.Core/GerberLibrary.Core.csproj]
/Users/admin/Projects/GerberTools/GerberLibrary.Core/Core/GraphicsInterface.cs(192,62): error CS1503: Argument 3: cannot convert from 'SixLabors.Fonts.TextOptions' to 'string' [/Users/admin/Projects/GerberTools/GerberLibrary.Core/GerberLibrary.Core.csproj]
/Users/admin/Projects/GerberTools/GerberLibrary.Core/Core/GraphicsInterface.cs(192,71): error CS1503: Argument 4: cannot convert from 'string' to 'SixLabors.Fonts.Font' [/Users/admin/Projects/GerberTools/GerberLibrary.Core/GerberLibrary.Core.csproj]
/Users/admin/Projects/GerberTools/GerberLibrary.Core/Core/GraphicsInterface.cs(192,77): error CS1503: Argument 5: cannot convert from 'SixLabors.ImageSharp.Drawing.Processing.SolidBrush' to 'SixLabors.ImageSharp.Color' [/Users/admin/Projects/GerberTools/GerberLibrary.Core/GerberLibrary.Core.csproj]
/Users/admin/Projects/GerberTools/GerberLibrary.Core/Core/GraphicsInterface.cs(192,146): error CS1503: Argument 6: cannot convert from '<null>' to 'SixLabors.ImageSharp.PointF' [/Users/admin/Projects/GerberTools/GerberLibrary.Core/GerberLibrary.Core.csproj]
/Users/admin/Projects/GerberTools/GerberLibrary.Core/Core/Primitives/PointD.cs(129,29): warning CS8600: Converting null literal or possible null value to non-nullable type. [/Users/admin/Projects/GerberTools/GerberLibrary.Core/GerberLibrary.Core.csproj]
/Users/admin/Projects/GerberTools/GerberLibrary.Core/Core/Primitives/PointD.cs(130,21): warning CS8602: Dereference of a possibly null reference. [/Users/admin/Projects/GerberTools/GerberLibrary.Core/GerberLibrary.Core.csproj]
/Users/admin/Projects/GerberTools/GerberLibrary.Core/Core/Primitives/GerberApertureMacro.cs(12,23): warning CS8618: Non-nullable field 'Name' must contain a non-null value when exiting constructor. Consider adding the 'required' modifier or declaring the field as nullable. [/Users/admin/Projects/GerberTools/GerberLibrary.Core/GerberLibrary.Core.csproj]
/Users/admin/Projects/GerberTools/GerberLibrary.Core/Core/Primitives/GerberApertureMacroPart.cs(52,20): warning CS8618: Non-nullable field 'ExpressionSource' must contain a non-null value when exiting constructor. Consider adding the 'required' modifier or declaring the field as nullable. [/Users/admin/Projects/GerberTools/GerberLibrary.Core/GerberLibrary.Core.csproj]
/Users/admin/Projects/GerberTools/GerberLibrary.Core/Core/Primitives/GerberApertureMacroPart.cs(56,20): warning CS8618: Non-nullable field 'ExpressionSource' must contain a non-null value when exiting constructor. Consider adding the 'required' modifier or declaring the field as nullable. [/Users/admin/Projects/GerberTools/GerberLibrary.Core/GerberLibrary.Core.csproj]
/Users/admin/Projects/GerberTools/GerberLibrary.Core/Core/Primitives/GCodeCommand.cs(12,23): warning CS8618: Non-nullable field 'originalline' must contain a non-null value when exiting constructor. Consider adding the 'required' modifier or declaring the field as nullable. [/Users/admin/Projects/GerberTools/GerberLibrary.Core/GerberLibrary.Core.csproj]
/Users/admin/Projects/GerberTools/GerberLibrary.Core/Core/GerberPanel.cs(1436,43): warning CS8600: Converting null literal or possible null value to non-nullable type. [/Users/admin/Projects/GerberTools/GerberLibrary.Core/GerberLibrary.Core.csproj]
/Users/admin/Projects/GerberTools/GerberLibrary.Core/Core/ParsedGerber.cs(273,30): error CS0103: The name 'Color' does not exist in the current context [/Users/admin/Projects/GerberTools/GerberLibrary.Core/GerberLibrary.Core.csproj]
/Users/admin/Projects/GerberTools/GerberLibrary.Core/Core/ParsedGerber.cs(230,17): warning CS0162: Unreachable code detected [/Users/admin/Projects/GerberTools/GerberLibrary.Core/GerberLibrary.Core.csproj]
/Users/admin/Projects/GerberTools/GerberLibrary.Core/Core/ParsedGerber.cs(347,50): warning CS8603: Possible null reference return. [/Users/admin/Projects/GerberTools/GerberLibrary.Core/GerberLibrary.Core.csproj]
/Users/admin/Projects/GerberTools/GerberLibrary.Core/Core/Primitives/GerberApertureType.cs(209,16): warning CS8618: Non-nullable field 'SourceLine' must contain a non-null value when exiting constructor. Consider adding the 'required' modifier or declaring the field as nullable. [/Users/admin/Projects/GerberTools/GerberLibrary.Core/GerberLibrary.Core.csproj]
/Users/admin/Projects/GerberTools/GerberLibrary.Core/Core/Primitives/GerberApertureType.cs(209,16): warning CS8618: Non-nullable field 'MacroName' must contain a non-null value when exiting constructor. Consider adding the 'required' modifier or declaring the field as nullable. [/Users/admin/Projects/GerberTools/GerberLibrary.Core/GerberLibrary.Core.csproj]
/Users/admin/Projects/GerberTools/GerberLibrary.Core/Core/Primitives/GerberApertureType.cs(209,16): warning CS8618: Non-nullable field 'MacroParamList' must contain a non-null value when exiting constructor. Consider adding the 'required' modifier or declaring the field as nullable. [/Users/admin/Projects/GerberTools/GerberLibrary.Core/GerberLibrary.Core.csproj]
/Users/admin/Projects/GerberTools/GerberLibrary.Core/Core/Primitives/GerberApertureType.cs(209,16): warning CS8618: Non-nullable field 'GerberLines' must contain a non-null value when exiting constructor. Consider adding the 'required' modifier or declaring the field as nullable. [/Users/admin/Projects/GerberTools/GerberLibrary.Core/GerberLibrary.Core.csproj]
/Users/admin/Projects/GerberTools/GerberLibrary.Core/Core/ImageCreator.cs(1256,20): warning CS8603: Possible null reference return. [/Users/admin/Projects/GerberTools/GerberLibrary.Core/GerberLibrary.Core.csproj]
/Users/admin/Projects/GerberTools/GerberLibrary.Core/Core/Helpers.cs(228,31): warning CS8600: Converting null literal or possible null value to non-nullable type. [/Users/admin/Projects/GerberTools/GerberLibrary.Core/GerberLibrary.Core.csproj]
/Users/admin/Projects/GerberTools/GerberLibrary.Core/Core/GerberPanel.cs(1673,32): error CS0104: 'Path' is an ambiguous reference between 'SixLabors.ImageSharp.Drawing.Path' and 'System.IO.Path' [/Users/admin/Projects/GerberTools/GerberLibrary.Core/GerberLibrary.Core.csproj]
/Users/admin/Projects/GerberTools/GerberLibrary.Core/Core/GerberPanel.cs(1674,34): error CS0104: 'Path' is an ambiguous reference between 'SixLabors.ImageSharp.Drawing.Path' and 'System.IO.Path' [/Users/admin/Projects/GerberTools/GerberLibrary.Core/GerberLibrary.Core.csproj]
/Users/admin/Projects/GerberTools/GerberLibrary.Core/Core/GerberPanel.cs(1688,66): error CS0104: 'Path' is an ambiguous reference between 'SixLabors.ImageSharp.Drawing.Path' and 'System.IO.Path' [/Users/admin/Projects/GerberTools/GerberLibrary.Core/GerberLibrary.Core.csproj]
/Users/admin/Projects/GerberTools/GerberLibrary.Core/Core/ParsedGerber.cs(382,21): warning CS0618: 'Polygon.AddContour(IEnumerable<Vertex>, int, bool, bool)' is obsolete: 'Use polygon.Add(contour) method instead.' [/Users/admin/Projects/GerberTools/GerberLibrary.Core/GerberLibrary.Core.csproj]
/Users/admin/Projects/GerberTools/GerberLibrary.Core/Core/ParsedGerber.cs(26,34): warning CS8618: Non-nullable field 'State' must contain a non-null value when exiting constructor. Consider adding the 'required' modifier or declaring the field as nullable. [/Users/admin/Projects/GerberTools/GerberLibrary.Core/GerberLibrary.Core.csproj]
/Users/admin/Projects/GerberTools/GerberLibrary.Core/Core/ParsedGerber.cs(204,23): warning CS8618: Non-nullable field 'Name' must contain a non-null value when exiting constructor. Consider adding the 'required' modifier or declaring the field as nullable. [/Users/admin/Projects/GerberTools/GerberLibrary.Core/GerberLibrary.Core.csproj]
/Users/admin/Projects/GerberTools/GerberLibrary.Core/Core/ImageCreator.cs(1391,21): error CS0103: The name 'ForceWhite' does not exist in the current context [/Users/admin/Projects/GerberTools/GerberLibrary.Core/GerberLibrary.Core.csproj]
/Users/admin/Projects/GerberTools/GerberLibrary.Core/Core/ImageCreator.cs(1458,20): warning CS8603: Possible null reference return. [/Users/admin/Projects/GerberTools/GerberLibrary.Core/GerberLibrary.Core.csproj]
/Users/admin/Projects/GerberTools/GerberLibrary.Core/Core/GerberPanel.cs(1735,32): error CS0104: 'Path' is an ambiguous reference between 'SixLabors.ImageSharp.Drawing.Path' and 'System.IO.Path' [/Users/admin/Projects/GerberTools/GerberLibrary.Core/GerberLibrary.Core.csproj]
/Users/admin/Projects/GerberTools/GerberLibrary.Core/Core/GerberPanel.cs(1754,30): error CS0104: 'Path' is an ambiguous reference between 'SixLabors.ImageSharp.Drawing.Path' and 'System.IO.Path' [/Users/admin/Projects/GerberTools/GerberLibrary.Core/GerberLibrary.Core.csproj]
/Users/admin/Projects/GerberTools/GerberLibrary.Core/Core/GerberPanel.cs(1807,47): error CS0104: 'Path' is an ambiguous reference between 'SixLabors.ImageSharp.Drawing.Path' and 'System.IO.Path' [/Users/admin/Projects/GerberTools/GerberLibrary.Core/GerberLibrary.Core.csproj]
/Users/admin/Projects/GerberTools/GerberLibrary.Core/Core/GerberPanel.cs(1819,51): error CS0104: 'Path' is an ambiguous reference between 'SixLabors.ImageSharp.Drawing.Path' and 'System.IO.Path' [/Users/admin/Projects/GerberTools/GerberLibrary.Core/GerberLibrary.Core.csproj]
/Users/admin/Projects/GerberTools/GerberLibrary.Core/Core/GerberPanel.cs(1843,38): error CS0104: 'Path' is an ambiguous reference between 'SixLabors.ImageSharp.Drawing.Path' and 'System.IO.Path' [/Users/admin/Projects/GerberTools/GerberLibrary.Core/GerberLibrary.Core.csproj]
/Users/admin/Projects/GerberTools/GerberLibrary.Core/Core/GerberPanel.cs(1866,111): error CS0104: 'Path' is an ambiguous reference between 'SixLabors.ImageSharp.Drawing.Path' and 'System.IO.Path' [/Users/admin/Projects/GerberTools/GerberLibrary.Core/GerberLibrary.Core.csproj]
/Users/admin/Projects/GerberTools/GerberLibrary.Core/Core/GerberPanel.cs(1905,41): error CS0104: 'Path' is an ambiguous reference between 'SixLabors.ImageSharp.Drawing.Path' and 'System.IO.Path' [/Users/admin/Projects/GerberTools/GerberLibrary.Core/GerberLibrary.Core.csproj]
/Users/admin/Projects/GerberTools/GerberLibrary.Core/Core/GerberPanel.cs(1943,41): warning CS8604: Possible null reference argument for parameter 'item' in 'bool List<GerberInstance>.Remove(GerberInstance item)'. [/Users/admin/Projects/GerberTools/GerberLibrary.Core/GerberLibrary.Core.csproj]
/Users/admin/Projects/GerberTools/GerberLibrary.Core/Core/GerberPanel.cs(1951,40): warning CS8604: Possible null reference argument for parameter 'item' in 'bool List<BreakTab>.Remove(BreakTab item)'. [/Users/admin/Projects/GerberTools/GerberLibrary.Core/GerberLibrary.Core.csproj]
/Users/admin/Projects/GerberTools/GerberLibrary.Core/Core/BillOfMaterials.cs(634,21): warning CS0219: The variable 'idxcount' is assigned but its value is never used [/Users/admin/Projects/GerberTools/GerberLibrary.Core/GerberLibrary.Core.csproj]
/Users/admin/Projects/GerberTools/GerberLibrary.Core/Core/BillOfMaterials.cs(636,21): warning CS0219: The variable 'idxtype' is assigned but its value is never used [/Users/admin/Projects/GerberTools/GerberLibrary.Core/GerberLibrary.Core.csproj]
/Users/admin/Projects/GerberTools/GerberLibrary.Core/Core/BillOfMaterials.cs(639,21): warning CS0219: The variable 'idxmfg' is assigned but its value is never used [/Users/admin/Projects/GerberTools/GerberLibrary.Core/GerberLibrary.Core.csproj]
/Users/admin/Projects/GerberTools/GerberLibrary.Core/Core/GerberPanel.cs(1982,41): warning CS8600: Converting null literal or possible null value to non-nullable type. [/Users/admin/Projects/GerberTools/GerberLibrary.Core/GerberLibrary.Core.csproj]
/Users/admin/Projects/GerberTools/GerberLibrary.Core/Core/GerberPanel.cs(1988,42): warning CS8600: Converting null literal or possible null value to non-nullable type. [/Users/admin/Projects/GerberTools/GerberLibrary.Core/GerberLibrary.Core.csproj]
/Users/admin/Projects/GerberTools/GerberLibrary.Core/Core/GerberPanel.cs(2034,20): warning CS8603: Possible null reference return. [/Users/admin/Projects/GerberTools/GerberLibrary.Core/GerberLibrary.Core.csproj]
/Users/admin/Projects/GerberTools/GerberLibrary.Core/Core/Helpers.cs(623,33): warning CS8602: Dereference of a possibly null reference. [/Users/admin/Projects/GerberTools/GerberLibrary.Core/GerberLibrary.Core.csproj]
/Users/admin/Projects/GerberTools/GerberLibrary.Core/Core/GerberPanel.cs(2065,34): warning CS8625: Cannot convert null literal to non-nullable reference type. [/Users/admin/Projects/GerberTools/GerberLibrary.Core/GerberLibrary.Core.csproj]
/Users/admin/Projects/GerberTools/GerberLibrary.Core/Core/GerberPanel.cs(2078,38): warning CS8625: Cannot convert null literal to non-nullable reference type. [/Users/admin/Projects/GerberTools/GerberLibrary.Core/GerberLibrary.Core.csproj]
/Users/admin/Projects/GerberTools/GerberLibrary.Core/Core/Primitives/GerberApertureMacroPart.cs(730,25): warning CS0219: The variable 'neg' is assigned but its value is never used [/Users/admin/Projects/GerberTools/GerberLibrary.Core/GerberLibrary.Core.csproj]
/Users/admin/Projects/GerberTools/GerberLibrary.Core/Core/Primitives/GerberApertureMacroPart.cs(746,25): warning CS0219: The variable 'neg' is assigned but its value is never used [/Users/admin/Projects/GerberTools/GerberLibrary.Core/GerberLibrary.Core.csproj]
/Users/admin/Projects/GerberTools/GerberLibrary.Core/Core/Primitives/GerberApertureMacroPart.cs(770,25): warning CS0219: The variable 'neg' is assigned but its value is never used [/Users/admin/Projects/GerberTools/GerberLibrary.Core/GerberLibrary.Core.csproj]
/Users/admin/Projects/GerberTools/GerberLibrary.Core/Core/ImageCreator.cs(1512,27): error CS1061: 'GraphicsInterface' does not contain a definition for 'CompositingMode' and no accessible extension method 'CompositingMode' accepting a first argument of type 'GraphicsInterface' could be found (are you missing a using directive or an assembly reference?) [/Users/admin/Projects/GerberTools/GerberLibrary.Core/GerberLibrary.Core.csproj]
/Users/admin/Projects/GerberTools/GerberLibrary.Core/Core/ImageCreator.cs(1512,45): error CS1069: The type name 'CompositingMode' could not be found in the namespace 'System.Drawing.Drawing2D'. This type has been forwarded to assembly 'System.Drawing.Common, Version=0.0.0.0, Culture=neutral, PublicKeyToken=cc7b13ffcd2ddd51' Consider adding a reference to that assembly. [/Users/admin/Projects/GerberTools/GerberLibrary.Core/GerberLibrary.Core.csproj]
/Users/admin/Projects/GerberTools/GerberLibrary.Core/Core/ImageCreator.cs(1514,27): error CS1061: 'GraphicsInterface' does not contain a definition for 'CompositingMode' and no accessible extension method 'CompositingMode' accepting a first argument of type 'GraphicsInterface' could be found (are you missing a using directive or an assembly reference?) [/Users/admin/Projects/GerberTools/GerberLibrary.Core/GerberLibrary.Core.csproj]
/Users/admin/Projects/GerberTools/GerberLibrary.Core/Core/ImageCreator.cs(1514,45): error CS1069: The type name 'CompositingMode' could not be found in the namespace 'System.Drawing.Drawing2D'. This type has been forwarded to assembly 'System.Drawing.Common, Version=0.0.0.0, Culture=neutral, PublicKeyToken=cc7b13ffcd2ddd51' Consider adding a reference to that assembly. [/Users/admin/Projects/GerberTools/GerberLibrary.Core/GerberLibrary.Core.csproj]
/Users/admin/Projects/GerberTools/GerberLibrary.Core/Core/Primitives/GerberApertureMacroPart.cs(36,23): warning CS8618: Non-nullable field 'Name' must contain a non-null value when exiting constructor. Consider adding the 'required' modifier or declaring the field as nullable. [/Users/admin/Projects/GerberTools/GerberLibrary.Core/GerberLibrary.Core.csproj]
/Users/admin/Projects/GerberTools/GerberLibrary.Core/Core/Primitives/GerberApertureMacroPart.cs(205,23): warning CS8618: Non-nullable field 'EquationTarget' must contain a non-null value when exiting constructor. Consider adding the 'required' modifier or declaring the field as nullable. [/Users/admin/Projects/GerberTools/GerberLibrary.Core/GerberLibrary.Core.csproj]
/Users/admin/Projects/GerberTools/GerberLibrary.Core/Core/Primitives/GerberApertureMacroPart.cs(206,23): warning CS8618: Non-nullable field 'EquationSource' must contain a non-null value when exiting constructor. Consider adding the 'required' modifier or declaring the field as nullable. [/Users/admin/Projects/GerberTools/GerberLibrary.Core/GerberLibrary.Core.csproj]
/Users/admin/Projects/GerberTools/GerberLibrary.Core/Core/Primitives/GerberApertureMacroPart.cs(679,44): warning CS8618: Non-nullable field 'OutlineVertices' must contain a non-null value when exiting constructor. Consider adding the 'required' modifier or declaring the field as nullable. [/Users/admin/Projects/GerberTools/GerberLibrary.Core/GerberLibrary.Core.csproj]
/Users/admin/Projects/GerberTools/GerberLibrary.Core/Core/Primitives/GerberApertureMacroPart.cs(681,29): warning CS8618: Non-nullable field 'OutlineVerticesPostProc' must contain a non-null value when exiting constructor. Consider adding the 'required' modifier or declaring the field as nullable. [/Users/admin/Projects/GerberTools/GerberLibrary.Core/GerberLibrary.Core.csproj]
/Users/admin/Projects/GerberTools/GerberLibrary.Core/Core/Primitives/GerberApertureMacroPart.cs(793,16): warning CS8618: Non-nullable field 'OutlineRotationExpr' must contain a non-null value when exiting constructor. Consider adding the 'required' modifier or declaring the field as nullable. [/Users/admin/Projects/GerberTools/GerberLibrary.Core/GerberLibrary.Core.csproj]
/Users/admin/Projects/GerberTools/GerberLibrary.Core/Core/Primitives/GerberApertureMacroPart.cs(659,27): warning CS8618: Non-nullable field 'yexpr' must contain a non-null value when exiting constructor. Consider adding the 'required' modifier or declaring the field as nullable. [/Users/admin/Projects/GerberTools/GerberLibrary.Core/GerberLibrary.Core.csproj]
/Users/admin/Projects/GerberTools/GerberLibrary.Core/Core/Primitives/GerberApertureMacroPart.cs(660,27): warning CS8618: Non-nullable field 'xexpr' must contain a non-null value when exiting constructor. Consider adding the 'required' modifier or declaring the field as nullable. [/Users/admin/Projects/GerberTools/GerberLibrary.Core/GerberLibrary.Core.csproj]
/Users/admin/Projects/GerberTools/GerberLibrary.Core/Core/Helpers.cs(669,27): warning CS8618: Non-nullable field 'Point' must contain a non-null value when exiting constructor. Consider adding the 'required' modifier or declaring the field as nullable. [/Users/admin/Projects/GerberTools/GerberLibrary.Core/GerberLibrary.Core.csproj]
/Users/admin/Projects/GerberTools/GerberLibrary.Core/Core/Helpers.cs(740,33): warning CS8602: Dereference of a possibly null reference. [/Users/admin/Projects/GerberTools/GerberLibrary.Core/GerberLibrary.Core.csproj]
/Users/admin/Projects/GerberTools/GerberLibrary.Core/Core/Helpers.cs(802,29): warning CS8602: Dereference of a possibly null reference. [/Users/admin/Projects/GerberTools/GerberLibrary.Core/GerberLibrary.Core.csproj]
/Users/admin/Projects/GerberTools/GerberLibrary.Core/Core/ImageCreator.cs(1579,48): warning CS8604: Possible null reference argument for parameter 'Logger' in 'void GerberImageCreator.AddFileToSet(string aname, ProgressLog Logger, double drillscaler = 1, bool forcezerowidth = false)'. [/Users/admin/Projects/GerberTools/GerberLibrary.Core/GerberLibrary.Core.csproj]
/Users/admin/Projects/GerberTools/GerberLibrary.Core/Core/ImageCreator.cs(1614,36): warning CS8600: Converting null literal or possible null value to non-nullable type. [/Users/admin/Projects/GerberTools/GerberLibrary.Core/GerberLibrary.Core.csproj]
/Users/admin/Projects/GerberTools/GerberLibrary.Core/Core/ImageCreator.cs(1615,32): warning CS8600: Converting null literal or possible null value to non-nullable type. [/Users/admin/Projects/GerberTools/GerberLibrary.Core/GerberLibrary.Core.csproj]
/Users/admin/Projects/GerberTools/GerberLibrary.Core/Core/ImageCreator.cs(1636,91): warning CS8602: Dereference of a possibly null reference. [/Users/admin/Projects/GerberTools/GerberLibrary.Core/GerberLibrary.Core.csproj]
/Users/admin/Projects/GerberTools/GerberLibrary.Core/Core/ImageCreator.cs(1639,46): warning CS8604: Possible null reference argument for parameter 'item' in 'bool List<PolyLine>.Remove(PolyLine item)'. [/Users/admin/Projects/GerberTools/GerberLibrary.Core/GerberLibrary.Core.csproj]
/Users/admin/Projects/GerberTools/GerberLibrary.Core/Core/ImageCreator.cs(1649,13): warning CS8602: Dereference of a possibly null reference. [/Users/admin/Projects/GerberTools/GerberLibrary.Core/GerberLibrary.Core.csproj]
/Users/admin/Projects/GerberTools/GerberLibrary.Core/Core/ImageCreator.cs(1664,36): warning CS8600: Converting null literal or possible null value to non-nullable type. [/Users/admin/Projects/GerberTools/GerberLibrary.Core/GerberLibrary.Core.csproj]
/Users/admin/Projects/GerberTools/GerberLibrary.Core/Core/ImageCreator.cs(1665,32): warning CS8600: Converting null literal or possible null value to non-nullable type. [/Users/admin/Projects/GerberTools/GerberLibrary.Core/GerberLibrary.Core.csproj]
/Users/admin/Projects/GerberTools/GerberLibrary.Core/Core/BillOfMaterials.cs(1124,20): warning CS8603: Possible null reference return. [/Users/admin/Projects/GerberTools/GerberLibrary.Core/GerberLibrary.Core.csproj]
/Users/admin/Projects/GerberTools/GerberLibrary.Core/Core/ImageCreator.cs(1723,37): warning CS8603: Possible null reference return. [/Users/admin/Projects/GerberTools/GerberLibrary.Core/GerberLibrary.Core.csproj]
/Users/admin/Projects/GerberTools/GerberLibrary.Core/Core/Helpers.cs(968,29): warning CS8602: Dereference of a possibly null reference. [/Users/admin/Projects/GerberTools/GerberLibrary.Core/GerberLibrary.Core.csproj]
/Users/admin/Projects/GerberTools/GerberLibrary.Core/Core/Helpers.cs(1058,29): warning CS8602: Dereference of a possibly null reference. [/Users/admin/Projects/GerberTools/GerberLibrary.Core/GerberLibrary.Core.csproj]
/Users/admin/Projects/GerberTools/GerberLibrary.Core/Core/Helpers.cs(1159,20): warning CS8603: Possible null reference return. [/Users/admin/Projects/GerberTools/GerberLibrary.Core/GerberLibrary.Core.csproj]
/Users/admin/Projects/GerberTools/GerberLibrary.Core/Core/BillOfMaterials.cs(1206,20): warning CS8603: Possible null reference return. [/Users/admin/Projects/GerberTools/GerberLibrary.Core/GerberLibrary.Core.csproj]
/Users/admin/Projects/GerberTools/GerberLibrary.Core/Core/ImageCreator.cs(1778,37): warning CS8603: Possible null reference return. [/Users/admin/Projects/GerberTools/GerberLibrary.Core/GerberLibrary.Core.csproj]
/Users/admin/Projects/GerberTools/GerberLibrary.Core/Core/PolyLineSet.cs(1186,113): warning CS8601: Possible null reference assignment. [/Users/admin/Projects/GerberTools/GerberLibrary.Core/GerberLibrary.Core.csproj]
/Users/admin/Projects/GerberTools/GerberLibrary.Core/Core/PolyLineSet.cs(1649,91): warning CS8601: Possible null reference assignment. [/Users/admin/Projects/GerberTools/GerberLibrary.Core/GerberLibrary.Core.csproj]
/Users/admin/Projects/GerberTools/GerberLibrary.Core/Core/PolyLineSet.cs(1802,49): warning CS8602: Dereference of a possibly null reference. [/Users/admin/Projects/GerberTools/GerberLibrary.Core/GerberLibrary.Core.csproj]
/Users/admin/Projects/GerberTools/GerberLibrary.Core/Core/PolyLineSet.cs(1886,82): warning CS8625: Cannot convert null literal to non-nullable reference type. [/Users/admin/Projects/GerberTools/GerberLibrary.Core/GerberLibrary.Core.csproj]
/Users/admin/Projects/GerberTools/GerberLibrary.Core/Core/PolyLineSet.cs(1936,34): warning CS8625: Cannot convert null literal to non-nullable reference type. [/Users/admin/Projects/GerberTools/GerberLibrary.Core/GerberLibrary.Core.csproj]
/Users/admin/Projects/GerberTools/GerberLibrary.Core/Core/PolyLineSet.cs(1945,31): warning CS8600: Converting null literal or possible null value to non-nullable type. [/Users/admin/Projects/GerberTools/GerberLibrary.Core/GerberLibrary.Core.csproj]
/Users/admin/Projects/GerberTools/GerberLibrary.Core/Core/PolyLineSet.cs(1946,21): warning CS8602: Dereference of a possibly null reference. [/Users/admin/Projects/GerberTools/GerberLibrary.Core/GerberLibrary.Core.csproj]
/Users/admin/Projects/GerberTools/GerberLibrary.Core/Core/BillOfMaterials.cs(1828,49): warning CS8602: Dereference of a possibly null reference. [/Users/admin/Projects/GerberTools/GerberLibrary.Core/GerberLibrary.Core.csproj]
/Users/admin/Projects/GerberTools/GerberLibrary.Core/Core/BillOfMaterials.cs(1837,81): warning CS8625: Cannot convert null literal to non-nullable reference type. [/Users/admin/Projects/GerberTools/GerberLibrary.Core/GerberLibrary.Core.csproj]
/Users/admin/Projects/GerberTools/GerberLibrary.Core/Core/BillOfMaterials.cs(1749,32): warning CS0219: The variable 'sizeattrib' is assigned but its value is never used [/Users/admin/Projects/GerberTools/GerberLibrary.Core/GerberLibrary.Core.csproj]
/Users/admin/Projects/GerberTools/GerberLibrary.Core/Core/BillOfMaterials.cs(1795,31): warning CS0219: The variable 'orientangle' is assigned but its value is never used [/Users/admin/Projects/GerberTools/GerberLibrary.Core/GerberLibrary.Core.csproj]
/Users/admin/Projects/GerberTools/GerberLibrary.Core/Core/BillOfMaterials.cs(1806,31): warning CS0219: The variable 'pangle' is assigned but its value is never used [/Users/admin/Projects/GerberTools/GerberLibrary.Core/GerberLibrary.Core.csproj]
/Users/admin/Projects/GerberTools/GerberLibrary.Core/Core/Helpers.cs(1409,13): error CS0104: 'Pen' is an ambiguous reference between 'GerberLibrary.Core.Primitives.Pen' and 'SixLabors.ImageSharp.Drawing.Processing.Pen' [/Users/admin/Projects/GerberTools/GerberLibrary.Core/GerberLibrary.Core.csproj]
/Users/admin/Projects/GerberTools/GerberLibrary.Core/Core/Helpers.cs(1409,25): error CS0104: 'Pen' is an ambiguous reference between 'GerberLibrary.Core.Primitives.Pen' and 'SixLabors.ImageSharp.Drawing.Processing.Pen' [/Users/admin/Projects/GerberTools/GerberLibrary.Core/GerberLibrary.Core.csproj]
/Users/admin/Projects/GerberTools/GerberLibrary.Core/Core/Helpers.cs(1419,21): error CS0104: 'Pen' is an ambiguous reference between 'GerberLibrary.Core.Primitives.Pen' and 'SixLabors.ImageSharp.Drawing.Processing.Pen' [/Users/admin/Projects/GerberTools/GerberLibrary.Core/GerberLibrary.Core.csproj]
/Users/admin/Projects/GerberTools/GerberLibrary.Core/Core/BillOfMaterials.cs(1261,27): warning CS8618: Non-nullable field 'Name' must contain a non-null value when exiting constructor. Consider adding the 'required' modifier or declaring the field as nullable. [/Users/admin/Projects/GerberTools/GerberLibrary.Core/GerberLibrary.Core.csproj]
/Users/admin/Projects/GerberTools/GerberLibrary.Core/Core/BillOfMaterials.cs(2098,29): warning CS8600: Converting null literal or possible null value to non-nullable type. [/Users/admin/Projects/GerberTools/GerberLibrary.Core/GerberLibrary.Core.csproj]
/Users/admin/Projects/GerberTools/GerberLibrary.Core/Core/BillOfMaterials.cs(2236,34): warning CS8601: Possible null reference assignment. [/Users/admin/Projects/GerberTools/GerberLibrary.Core/GerberLibrary.Core.csproj]
/Users/admin/Projects/GerberTools/GerberLibrary.Core/Core/BillOfMaterials.cs(2422,20): warning CS8603: Possible null reference return. [/Users/admin/Projects/GerberTools/GerberLibrary.Core/GerberLibrary.Core.csproj]
/Users/admin/Projects/GerberTools/GerberLibrary.Core/Core/BillOfMaterials.cs(2440,20): warning CS8603: Possible null reference return. [/Users/admin/Projects/GerberTools/GerberLibrary.Core/GerberLibrary.Core.csproj]
/Users/admin/Projects/GerberTools/GerberLibrary.Core/Core/BillOfMaterials.cs(2736,50): error CS0117: 'Color' does not contain a definition for 'FromArgb' [/Users/admin/Projects/GerberTools/GerberLibrary.Core/GerberLibrary.Core.csproj]
/Users/admin/Projects/GerberTools/GerberLibrary.Core/Core/BillOfMaterials.cs(2916,48): error CS0117: 'Color' does not contain a definition for 'FromArgb' [/Users/admin/Projects/GerberTools/GerberLibrary.Core/GerberLibrary.Core.csproj]
/Users/admin/Projects/GerberTools/GerberLibrary.Core/Core/BillOfMaterials.cs(3060,75): error CS0117: 'Color' does not contain a definition for 'FromArgb' [/Users/admin/Projects/GerberTools/GerberLibrary.Core/GerberLibrary.Core.csproj]
/Users/admin/Projects/GerberTools/GerberLibrary.Core/Core/BillOfMaterials.cs(3060,103): error CS0117: 'Color' does not contain a definition for 'FromArgb' [/Users/admin/Projects/GerberTools/GerberLibrary.Core/GerberLibrary.Core.csproj]
/Users/admin/Projects/GerberTools/GerberLibrary.Core/Core/BillOfMaterials.cs(3068,50): error CS0117: 'Color' does not contain a definition for 'FromArgb' [/Users/admin/Projects/GerberTools/GerberLibrary.Core/GerberLibrary.Core.csproj]
/Users/admin/Projects/GerberTools/GerberLibrary.Core/Core/BillOfMaterials.cs(3273,29): warning CS8600: Converting null literal or possible null value to non-nullable type. [/Users/admin/Projects/GerberTools/GerberLibrary.Core/GerberLibrary.Core.csproj]
/Users/admin/Projects/GerberTools/GerberLibrary.Core/Core/BillOfMaterials.cs(3373,77): warning CS8625: Cannot convert null literal to non-nullable reference type. [/Users/admin/Projects/GerberTools/GerberLibrary.Core/GerberLibrary.Core.csproj]
/Users/admin/Projects/GerberTools/GerberLibrary.Core/Core/BillOfMaterials.cs(3306,23): warning CS0219: The variable 'originx' is assigned but its value is never used [/Users/admin/Projects/GerberTools/GerberLibrary.Core/GerberLibrary.Core.csproj]
/Users/admin/Projects/GerberTools/GerberLibrary.Core/Core/BillOfMaterials.cs(3306,36): warning CS0219: The variable 'originy' is assigned but its value is never used [/Users/admin/Projects/GerberTools/GerberLibrary.Core/GerberLibrary.Core.csproj]
/Users/admin/Projects/GerberTools/GerberLibrary.Core/Core/BillOfMaterials.cs(3306,48): warning CS0219: The variable 'UnitMult' is assigned but its value is never used [/Users/admin/Projects/GerberTools/GerberLibrary.Core/GerberLibrary.Core.csproj]
/Users/admin/Projects/GerberTools/GerberLibrary.Core/Core/BillOfMaterials.cs(3308,23): warning CS0219: The variable 'AngleMult' is assigned but its value is never used [/Users/admin/Projects/GerberTools/GerberLibrary.Core/GerberLibrary.Core.csproj]

Build FAILED.

/Users/admin/Projects/GerberTools/GerberLibrary.Core/GerberLibrary.Core.csproj : warning NU1902: Package 'SixLabors.ImageSharp' 3.1.7 has a known moderate severity vulnerability, https://github.com/advisories/GHSA-rxmq-m78w-7wmc
/Users/admin/Projects/GerberTools/GerberLibrary.Core/GerberLibrary.Core.csproj : warning NU1902: Package 'SixLabors.ImageSharp' 3.1.7 has a known moderate severity vulnerability, https://github.com/advisories/GHSA-rxmq-m78w-7wmc
/Users/admin/Projects/GerberTools/GerberLibrary.Core/Core/Gerber.cs(19,7): warning CS0105: The using directive for 'System.Globalization' appeared previously in this namespace [/Users/admin/Projects/GerberTools/GerberLibrary.Core/GerberLibrary.Core.csproj]
/Users/admin/Projects/GerberTools/GerberLibrary.Core/Core/Gerber.cs(22,7): warning CS0105: The using directive for 'System.Text' appeared previously in this namespace [/Users/admin/Projects/GerberTools/GerberLibrary.Core/GerberLibrary.Core.csproj]
/Users/admin/Projects/GerberTools/GerberLibrary.Core/Core/Gerber.cs(23,7): warning CS0105: The using directive for 'System.Text.RegularExpressions' appeared previously in this namespace [/Users/admin/Projects/GerberTools/GerberLibrary.Core/GerberLibrary.Core.csproj]
/Users/admin/Projects/GerberTools/GerberLibrary.Core/Core/Gerber.cs(24,7): warning CS0105: The using directive for 'GerberLibrary.Core' appeared previously in this namespace [/Users/admin/Projects/GerberTools/GerberLibrary.Core/GerberLibrary.Core.csproj]
/Users/admin/Projects/GerberTools/GerberLibrary.Core/Core/Gerber.cs(25,7): warning CS0105: The using directive for 'ICSharpCode.SharpZipLib.Zip' appeared previously in this namespace [/Users/admin/Projects/GerberTools/GerberLibrary.Core/GerberLibrary.Core.csproj]
/Users/admin/Projects/GerberTools/GerberLibrary.Core/Core/GerberPanel.cs(91,57): warning CS8625: Cannot convert null literal to non-nullable reference type. [/Users/admin/Projects/GerberTools/GerberLibrary.Core/GerberLibrary.Core.csproj]
/Users/admin/Projects/GerberTools/GerberLibrary.Core/Core/Gerber.cs(1224,15): warning CS8981: The type name 'boardset' only contains lower-cased ascii characters. Such names may become reserved for the language. [/Users/admin/Projects/GerberTools/GerberLibrary.Core/GerberLibrary.Core.csproj]
/Users/admin/Projects/GerberTools/GerberLibrary.Core/Artwork Related/GerberOutlineWriter.cs(128,107): warning CS8625: Cannot convert null literal to non-nullable reference type. [/Users/admin/Projects/GerberTools/GerberLibrary.Core/GerberLibrary.Core.csproj]
/Users/admin/Projects/GerberTools/GerberLibrary.Core/Artwork Related/SVGWriter.cs(289,21): warning CS0114: 'SVGGraphicsInterface.DrawLine(Pen, float, float, float, float)' hides inherited member 'GraphicsInterface.DrawLine(Pen, float, float, float, float)'. To make the current member override that implementation, add the override keyword. Otherwise add the new keyword. [/Users/admin/Projects/GerberTools/GerberLibrary.Core/GerberLibrary.Core.csproj]
/Users/admin/Projects/GerberTools/GerberLibrary.Core/Core/GerberPanel.cs(304,75): warning CS8625: Cannot convert null literal to non-nullable reference type. [/Users/admin/Projects/GerberTools/GerberLibrary.Core/GerberLibrary.Core.csproj]
/Users/admin/Projects/GerberTools/GerberLibrary.Core/Core/GerberPanel.cs(304,104): warning CS8625: Cannot convert null literal to non-nullable reference type. [/Users/admin/Projects/GerberTools/GerberLibrary.Core/GerberLibrary.Core.csproj]
/Users/admin/Projects/GerberTools/GerberLibrary.Core/Core/GerberPanel.cs(826,73): warning CS8625: Cannot convert null literal to non-nullable reference type. [/Users/admin/Projects/GerberTools/GerberLibrary.Core/GerberLibrary.Core.csproj]
/Users/admin/Projects/GerberTools/GerberLibrary.Core/Core/GerberPanel.cs(826,153): warning CS8625: Cannot convert null literal to non-nullable reference type. [/Users/admin/Projects/GerberTools/GerberLibrary.Core/GerberLibrary.Core.csproj]
/Users/admin/Projects/GerberTools/GerberLibrary.Core/Core/GerberPanel.cs(826,187): warning CS8625: Cannot convert null literal to non-nullable reference type. [/Users/admin/Projects/GerberTools/GerberLibrary.Core/GerberLibrary.Core.csproj]
/Users/admin/Projects/GerberTools/GerberLibrary.Core/External/clipper.cs(209,30): warning CS8765: Nullability of type of parameter 'obj' doesn't match overridden member (possibly because of nullability attributes). [/Users/admin/Projects/GerberTools/GerberLibrary.Core/GerberLibrary.Core.csproj]
/Users/admin/Projects/GerberTools/GerberLibrary.Core/Artwork Related/GerberArtWriter.cs(1114,121): warning CS8625: Cannot convert null literal to non-nullable reference type. [/Users/admin/Projects/GerberTools/GerberLibrary.Core/GerberLibrary.Core.csproj]
/Users/admin/Projects/GerberTools/GerberLibrary.Core/Artwork Related/GerberOutlineWriter.cs(592,116): warning CS8625: Cannot convert null literal to non-nullable reference type. [/Users/admin/Projects/GerberTools/GerberLibrary.Core/GerberLibrary.Core.csproj]
/Users/admin/Projects/GerberTools/GerberLibrary.Core/Artwork Related/GerberArtWriter.cs(2271,50): warning CS8625: Cannot convert null literal to non-nullable reference type. [/Users/admin/Projects/GerberTools/GerberLibrary.Core/GerberLibrary.Core.csproj]
/Users/admin/Projects/GerberTools/GerberLibrary.Core/Core/ImageCreator.cs(480,78): warning CS8625: Cannot convert null literal to non-nullable reference type. [/Users/admin/Projects/GerberTools/GerberLibrary.Core/GerberLibrary.Core.csproj]
/Users/admin/Projects/GerberTools/GerberLibrary.Core/Core/ImageCreator.cs(527,145): warning CS8625: Cannot convert null literal to non-nullable reference type. [/Users/admin/Projects/GerberTools/GerberLibrary.Core/GerberLibrary.Core.csproj]
/Users/admin/Projects/GerberTools/GerberLibrary.Core/Core/ImageCreator.cs(545,141): warning CS8625: Cannot convert null literal to non-nullable reference type. [/Users/admin/Projects/GerberTools/GerberLibrary.Core/GerberLibrary.Core.csproj]
/Users/admin/Projects/GerberTools/GerberLibrary.Core/Core/ImageCreator.cs(585,164): warning CS8625: Cannot convert null literal to non-nullable reference type. [/Users/admin/Projects/GerberTools/GerberLibrary.Core/GerberLibrary.Core.csproj]
/Users/admin/Projects/GerberTools/GerberLibrary.Core/Core/ImageCreator.cs(934,119): warning CS8625: Cannot convert null literal to non-nullable reference type. [/Users/admin/Projects/GerberTools/GerberLibrary.Core/GerberLibrary.Core.csproj]
/Users/admin/Projects/GerberTools/GerberLibrary.Core/Core/ImageCreator.cs(934,146): warning CS8625: Cannot convert null literal to non-nullable reference type. [/Users/admin/Projects/GerberTools/GerberLibrary.Core/GerberLibrary.Core.csproj]
/Users/admin/Projects/GerberTools/GerberLibrary.Core/Core/ImageCreator.cs(1259,116): warning CS8625: Cannot convert null literal to non-nullable reference type. [/Users/admin/Projects/GerberTools/GerberLibrary.Core/GerberLibrary.Core.csproj]
/Users/admin/Projects/GerberTools/GerberLibrary.Core/Core/ImageCreator.cs(1259,143): warning CS8625: Cannot convert null literal to non-nullable reference type. [/Users/admin/Projects/GerberTools/GerberLibrary.Core/GerberLibrary.Core.csproj]
/Users/admin/Projects/GerberTools/GerberLibrary.Core/Core/ImageCreator.cs(1431,158): warning CS8625: Cannot convert null literal to non-nullable reference type. [/Users/admin/Projects/GerberTools/GerberLibrary.Core/GerberLibrary.Core.csproj]
/Users/admin/Projects/GerberTools/GerberLibrary.Core/Core/PolyLineSet.cs(376,171): warning CS8625: Cannot convert null literal to non-nullable reference type. [/Users/admin/Projects/GerberTools/GerberLibrary.Core/GerberLibrary.Core.csproj]
/Users/admin/Projects/GerberTools/GerberLibrary.Core/Core/PolyLineSet.cs(388,204): warning CS8625: Cannot convert null literal to non-nullable reference type. [/Users/admin/Projects/GerberTools/GerberLibrary.Core/GerberLibrary.Core.csproj]
/Users/admin/Projects/GerberTools/GerberLibrary.Core/Core/PolyLineSet.cs(397,165): warning CS8625: Cannot convert null literal to non-nullable reference type. [/Users/admin/Projects/GerberTools/GerberLibrary.Core/GerberLibrary.Core.csproj]
/Users/admin/Projects/GerberTools/GerberLibrary.Core/Core/SickOfBeige.cs(40,102): warning CS8625: Cannot convert null literal to non-nullable reference type. [/Users/admin/Projects/GerberTools/GerberLibrary.Core/GerberLibrary.Core.csproj]
/Users/admin/Projects/GerberTools/GerberLibrary.Core/Core/BillOfMaterials.cs(493,222): warning CS8625: Cannot convert null literal to non-nullable reference type. [/Users/admin/Projects/GerberTools/GerberLibrary.Core/GerberLibrary.Core.csproj]
/Users/admin/Projects/GerberTools/GerberLibrary.Core/EagleThings/LibraryLoader.cs(120,25): warning CS8767: Nullability of reference types in type of parameter 'other' of 'bool NetSpec.Equals(NetSpec other)' doesn't match implicitly implemented member 'bool IEquatable<NetSpec>.Equals(NetSpec? other)' (possibly because of nullability attributes). [/Users/admin/Projects/GerberTools/GerberLibrary.Core/GerberLibrary.Core.csproj]
/Users/admin/Projects/GerberTools/GerberLibrary.Core/EagleThings/LibraryLoader.cs(182,25): warning CS8767: Nullability of reference types in type of parameter 'other' of 'bool LayerSpec.Equals(LayerSpec other)' doesn't match implicitly implemented member 'bool IEquatable<LayerSpec>.Equals(LayerSpec? other)' (possibly because of nullability attributes). [/Users/admin/Projects/GerberTools/GerberLibrary.Core/GerberLibrary.Core.csproj]
/Users/admin/Projects/GerberTools/GerberLibrary.Core/Core/Primitives/PointD.cs(124,30): warning CS8765: Nullability of type of parameter 'B' doesn't match overridden member (possibly because of nullability attributes). [/Users/admin/Projects/GerberTools/GerberLibrary.Core/GerberLibrary.Core.csproj]
/Users/admin/Projects/GerberTools/GerberLibrary.Core/Core/Primitives/PointD.cs(15,18): warning CS0659: 'PointD' overrides Object.Equals(object o) but does not override Object.GetHashCode() [/Users/admin/Projects/GerberTools/GerberLibrary.Core/GerberLibrary.Core.csproj]
/Users/admin/Projects/GerberTools/GerberLibrary.Core/Core/Primitives/PointD.cs(15,18): warning CS0661: 'PointD' defines operator == or operator != but does not override Object.GetHashCode() [/Users/admin/Projects/GerberTools/GerberLibrary.Core/GerberLibrary.Core.csproj]
/Users/admin/Projects/GerberTools/GerberLibrary.Core/EagleThings/eagle.cs(24,30): warning CS8981: The type name 'eagle' only contains lower-cased ascii characters. Such names may become reserved for the language. [/Users/admin/Projects/GerberTools/GerberLibrary.Core/GerberLibrary.Core.csproj]
/Users/admin/Projects/GerberTools/GerberLibrary.Core/EagleThings/eagle.cs(48,30): warning CS8981: The type name 'compatibility' only contains lower-cased ascii characters. Such names may become reserved for the language. [/Users/admin/Projects/GerberTools/GerberLibrary.Core/GerberLibrary.Core.csproj]
/Users/admin/Projects/GerberTools/GerberLibrary.Core/EagleThings/eagle.cs(60,30): warning CS8981: The type name 'note' only contains lower-cased ascii characters. Such names may become reserved for the language. [/Users/admin/Projects/GerberTools/GerberLibrary.Core/GerberLibrary.Core.csproj]
/Users/admin/Projects/GerberTools/GerberLibrary.Core/EagleThings/eagle.cs(93,30): warning CS8981: The type name 'drawing' only contains lower-cased ascii characters. Such names may become reserved for the language. [/Users/admin/Projects/GerberTools/GerberLibrary.Core/GerberLibrary.Core.csproj]
/Users/admin/Projects/GerberTools/GerberLibrary.Core/EagleThings/eagle.cs(118,30): warning CS8981: The type name 'settings' only contains lower-cased ascii characters. Such names may become reserved for the language. [/Users/admin/Projects/GerberTools/GerberLibrary.Core/GerberLibrary.Core.csproj]
/Users/admin/Projects/GerberTools/GerberLibrary.Core/EagleThings/eagle.cs(127,30): warning CS8981: The type name 'setting' only contains lower-cased ascii characters. Such names may become reserved for the language. [/Users/admin/Projects/GerberTools/GerberLibrary.Core/GerberLibrary.Core.csproj]
/Users/admin/Projects/GerberTools/GerberLibrary.Core/EagleThings/eagle.cs(180,30): warning CS8981: The type name 'grid' only contains lower-cased ascii characters. Such names may become reserved for the language. [/Users/admin/Projects/GerberTools/GerberLibrary.Core/GerberLibrary.Core.csproj]
/Users/admin/Projects/GerberTools/GerberLibrary.Core/EagleThings/eagle.cs(358,30): warning CS8981: The type name 'layers' only contains lower-cased ascii characters. Such names may become reserved for the language. [/Users/admin/Projects/GerberTools/GerberLibrary.Core/GerberLibrary.Core.csproj]
/Users/admin/Projects/GerberTools/GerberLibrary.Core/EagleThings/eagle.cs(373,30): warning CS8981: The type name 'layer' only contains lower-cased ascii characters. Such names may become reserved for the language. [/Users/admin/Projects/GerberTools/GerberLibrary.Core/GerberLibrary.Core.csproj]
/Users/admin/Projects/GerberTools/GerberLibrary.Core/EagleThings/eagle.cs(437,30): warning CS8981: The type name 'board' only contains lower-cased ascii characters. Such names may become reserved for the language. [/Users/admin/Projects/GerberTools/GerberLibrary.Core/GerberLibrary.Core.csproj]
/Users/admin/Projects/GerberTools/GerberLibrary.Core/EagleThings/eagle.cs(714,30): warning CS8981: The type name 'frame' only contains lower-cased ascii characters. Such names may become reserved for the language. [/Users/admin/Projects/GerberTools/GerberLibrary.Core/GerberLibrary.Core.csproj]
/Users/admin/Projects/GerberTools/GerberLibrary.Core/EagleThings/eagle.cs(499,30): warning CS8981: The type name 'description' only contains lower-cased ascii characters. Such names may become reserved for the language. [/Users/admin/Projects/GerberTools/GerberLibrary.Core/GerberLibrary.Core.csproj]
/Users/admin/Projects/GerberTools/GerberLibrary.Core/EagleThings/eagle.cs(524,30): warning CS8981: The type name 'circle' only contains lower-cased ascii characters. Such names may become reserved for the language. [/Users/admin/Projects/GerberTools/GerberLibrary.Core/GerberLibrary.Core.csproj]
/Users/admin/Projects/GerberTools/GerberLibrary.Core/EagleThings/eagle.cs(555,30): warning CS8981: The type name 'dimension' only contains lower-cased ascii characters. Such names may become reserved for the language. [/Users/admin/Projects/GerberTools/GerberLibrary.Core/GerberLibrary.Core.csproj]
/Users/admin/Projects/GerberTools/GerberLibrary.Core/EagleThings/eagle.cs(837,30): warning CS8981: The type name 'hole' only contains lower-cased ascii characters. Such names may become reserved for the language. [/Users/admin/Projects/GerberTools/GerberLibrary.Core/GerberLibrary.Core.csproj]
/Users/admin/Projects/GerberTools/GerberLibrary.Core/EagleThings/eagle.cs(860,30): warning CS8981: The type name 'polygon' only contains lower-cased ascii characters. Such names may become reserved for the language. [/Users/admin/Projects/GerberTools/GerberLibrary.Core/GerberLibrary.Core.csproj]
/Users/admin/Projects/GerberTools/GerberLibrary.Core/EagleThings/eagle.cs(1034,30): warning CS8981: The type name 'text' only contains lower-cased ascii characters. Such names may become reserved for the language. [/Users/admin/Projects/GerberTools/GerberLibrary.Core/GerberLibrary.Core.csproj]
/Users/admin/Projects/GerberTools/GerberLibrary.Core/EagleThings/eagle.cs(919,30): warning CS8981: The type name 'vertex' only contains lower-cased ascii characters. Such names may become reserved for the language. [/Users/admin/Projects/GerberTools/GerberLibrary.Core/GerberLibrary.Core.csproj]
/Users/admin/Projects/GerberTools/GerberLibrary.Core/EagleThings/eagle.cs(993,30): warning CS8981: The type name 'rectangle' only contains lower-cased ascii characters. Such names may become reserved for the language. [/Users/admin/Projects/GerberTools/GerberLibrary.Core/GerberLibrary.Core.csproj]
/Users/admin/Projects/GerberTools/GerberLibrary.Core/EagleThings/eagle.cs(1254,30): warning CS8981: The type name 'libraries' only contains lower-cased ascii characters. Such names may become reserved for the language. [/Users/admin/Projects/GerberTools/GerberLibrary.Core/GerberLibrary.Core.csproj]
/Users/admin/Projects/GerberTools/GerberLibrary.Core/EagleThings/eagle.cs(1263,30): warning CS8981: The type name 'library' only contains lower-cased ascii characters. Such names may become reserved for the language. [/Users/admin/Projects/GerberTools/GerberLibrary.Core/GerberLibrary.Core.csproj]
/Users/admin/Projects/GerberTools/GerberLibrary.Core/EagleThings/eagle.cs(1285,30): warning CS8981: The type name 'packages' only contains lower-cased ascii characters. Such names may become reserved for the language. [/Users/admin/Projects/GerberTools/GerberLibrary.Core/GerberLibrary.Core.csproj]
/Users/admin/Projects/GerberTools/GerberLibrary.Core/EagleThings/eagle.cs(1295,30): warning CS8981: The type name 'package' only contains lower-cased ascii characters. Such names may become reserved for the language. [/Users/admin/Projects/GerberTools/GerberLibrary.Core/GerberLibrary.Core.csproj]
/Users/admin/Projects/GerberTools/GerberLibrary.Core/EagleThings/eagle.cs(1159,30): warning CS8981: The type name 'wire' only contains lower-cased ascii characters. Such names may become reserved for the language. [/Users/admin/Projects/GerberTools/GerberLibrary.Core/GerberLibrary.Core.csproj]
/Users/admin/Projects/GerberTools/GerberLibrary.Core/EagleThings/eagle.cs(1462,30): warning CS8981: The type name 'smd' only contains lower-cased ascii characters. Such names may become reserved for the language. [/Users/admin/Projects/GerberTools/GerberLibrary.Core/GerberLibrary.Core.csproj]
/Users/admin/Projects/GerberTools/GerberLibrary.Core/EagleThings/eagle.cs(1330,30): warning CS8981: The type name 'pad' only contains lower-cased ascii characters. Such names may become reserved for the language. [/Users/admin/Projects/GerberTools/GerberLibrary.Core/GerberLibrary.Core.csproj]
/Users/admin/Projects/GerberTools/GerberLibrary.Core/EagleThings/eagle.cs(1567,30): warning CS8981: The type name 'symbols' only contains lower-cased ascii characters. Such names may become reserved for the language. [/Users/admin/Projects/GerberTools/GerberLibrary.Core/GerberLibrary.Core.csproj]
/Users/admin/Projects/GerberTools/GerberLibrary.Core/EagleThings/eagle.cs(1576,30): warning CS8981: The type name 'symbol' only contains lower-cased ascii characters. Such names may become reserved for the language. [/Users/admin/Projects/GerberTools/GerberLibrary.Core/GerberLibrary.Core.csproj]
/Users/admin/Projects/GerberTools/GerberLibrary.Core/EagleThings/eagle.cs(1755,30): warning CS8981: The type name 'devicesets' only contains lower-cased ascii characters. Such names may become reserved for the language. [/Users/admin/Projects/GerberTools/GerberLibrary.Core/GerberLibrary.Core.csproj]
/Users/admin/Projects/GerberTools/GerberLibrary.Core/EagleThings/eagle.cs(1606,30): warning CS8981: The type name 'pin' only contains lower-cased ascii characters. Such names may become reserved for the language. [/Users/admin/Projects/GerberTools/GerberLibrary.Core/GerberLibrary.Core.csproj]
/Users/admin/Projects/GerberTools/GerberLibrary.Core/EagleThings/eagle.cs(1764,30): warning CS8981: The type name 'deviceset' only contains lower-cased ascii characters. Such names may become reserved for the language. [/Users/admin/Projects/GerberTools/GerberLibrary.Core/GerberLibrary.Core.csproj]
/Users/admin/Projects/GerberTools/GerberLibrary.Core/EagleThings/eagle.cs(1864,30): warning CS8981: The type name 'devices' only contains lower-cased ascii characters. Such names may become reserved for the language. [/Users/admin/Projects/GerberTools/GerberLibrary.Core/GerberLibrary.Core.csproj]
/Users/admin/Projects/GerberTools/GerberLibrary.Core/EagleThings/eagle.cs(1807,30): warning CS8981: The type name 'gate' only contains lower-cased ascii characters. Such names may become reserved for the language. [/Users/admin/Projects/GerberTools/GerberLibrary.Core/GerberLibrary.Core.csproj]
/Users/admin/Projects/GerberTools/GerberLibrary.Core/EagleThings/eagle.cs(1949,30): warning CS8981: The type name 'technologies' only contains lower-cased ascii characters. Such names may become reserved for the language. [/Users/admin/Projects/GerberTools/GerberLibrary.Core/GerberLibrary.Core.csproj]
/Users/admin/Projects/GerberTools/GerberLibrary.Core/EagleThings/eagle.cs(1873,30): warning CS8981: The type name 'device' only contains lower-cased ascii characters. Such names may become reserved for the language. [/Users/admin/Projects/GerberTools/GerberLibrary.Core/GerberLibrary.Core.csproj]
/Users/admin/Projects/GerberTools/GerberLibrary.Core/EagleThings/eagle.cs(1958,30): warning CS8981: The type name 'technology' only contains lower-cased ascii characters. Such names may become reserved for the language. [/Users/admin/Projects/GerberTools/GerberLibrary.Core/GerberLibrary.Core.csproj]
/Users/admin/Projects/GerberTools/GerberLibrary.Core/EagleThings/eagle.cs(1798,30): warning CS8981: The type name 'gates' only contains lower-cased ascii characters. Such names may become reserved for the language. [/Users/admin/Projects/GerberTools/GerberLibrary.Core/GerberLibrary.Core.csproj]
/Users/admin/Projects/GerberTools/GerberLibrary.Core/EagleThings/eagle.cs(1898,30): warning CS8981: The type name 'connects' only contains lower-cased ascii characters. Such names may become reserved for the language. [/Users/admin/Projects/GerberTools/GerberLibrary.Core/GerberLibrary.Core.csproj]
/Users/admin/Projects/GerberTools/GerberLibrary.Core/EagleThings/eagle.cs(2106,30): warning CS8981: The type name 'attributes' only contains lower-cased ascii characters. Such names may become reserved for the language. [/Users/admin/Projects/GerberTools/GerberLibrary.Core/GerberLibrary.Core.csproj]
/Users/admin/Projects/GerberTools/GerberLibrary.Core/EagleThings/eagle.cs(2121,30): warning CS8981: The type name 'variantdefs' only contains lower-cased ascii characters. Such names may become reserved for the language. [/Users/admin/Projects/GerberTools/GerberLibrary.Core/GerberLibrary.Core.csproj]
/Users/admin/Projects/GerberTools/GerberLibrary.Core/EagleThings/eagle.cs(1974,30): warning CS8981: The type name 'attribute' only contains lower-cased ascii characters. Such names may become reserved for the language. [/Users/admin/Projects/GerberTools/GerberLibrary.Core/GerberLibrary.Core.csproj]
/Users/admin/Projects/GerberTools/GerberLibrary.Core/EagleThings/eagle.cs(1907,30): warning CS8981: The type name 'connect' only contains lower-cased ascii characters. Such names may become reserved for the language. [/Users/admin/Projects/GerberTools/GerberLibrary.Core/GerberLibrary.Core.csproj]
/Users/admin/Projects/GerberTools/GerberLibrary.Core/EagleThings/eagle.cs(2175,30): warning CS8981: The type name 'classes' only contains lower-cased ascii characters. Such names may become reserved for the language. [/Users/admin/Projects/GerberTools/GerberLibrary.Core/GerberLibrary.Core.csproj]
/Users/admin/Projects/GerberTools/GerberLibrary.Core/EagleThings/eagle.cs(2136,30): warning CS8981: The type name 'variantdef' only contains lower-cased ascii characters. Such names may become reserved for the language. [/Users/admin/Projects/GerberTools/GerberLibrary.Core/GerberLibrary.Core.csproj]
/Users/admin/Projects/GerberTools/GerberLibrary.Core/EagleThings/eagle.cs(2229,30): warning CS8981: The type name 'clearance' only contains lower-cased ascii characters. Such names may become reserved for the language. [/Users/admin/Projects/GerberTools/GerberLibrary.Core/GerberLibrary.Core.csproj]
/Users/admin/Projects/GerberTools/GerberLibrary.Core/EagleThings/eagle.cs(2296,30): warning CS8981: The type name 'autorouter' only contains lower-cased ascii characters. Such names may become reserved for the language. [/Users/admin/Projects/GerberTools/GerberLibrary.Core/GerberLibrary.Core.csproj]
/Users/admin/Projects/GerberTools/GerberLibrary.Core/EagleThings/eagle.cs(2311,30): warning CS8981: The type name 'pass' only contains lower-cased ascii characters. Such names may become reserved for the language. [/Users/admin/Projects/GerberTools/GerberLibrary.Core/GerberLibrary.Core.csproj]
/Users/admin/Projects/GerberTools/GerberLibrary.Core/EagleThings/eagle.cs(2533,30): warning CS8981: The type name 'signals' only contains lower-cased ascii characters. Such names may become reserved for the language. [/Users/admin/Projects/GerberTools/GerberLibrary.Core/GerberLibrary.Core.csproj]
/Users/admin/Projects/GerberTools/GerberLibrary.Core/EagleThings/eagle.cs(2254,30): warning CS8981: The type name 'designrules' only contains lower-cased ascii characters. Such names may become reserved for the language. [/Users/admin/Projects/GerberTools/GerberLibrary.Core/GerberLibrary.Core.csproj]
/Users/admin/Projects/GerberTools/GerberLibrary.Core/EagleThings/eagle.cs(2548,30): warning CS8981: The type name 'signal' only contains lower-cased ascii characters. Such names may become reserved for the language. [/Users/admin/Projects/GerberTools/GerberLibrary.Core/GerberLibrary.Core.csproj]
/Users/admin/Projects/GerberTools/GerberLibrary.Core/EagleThings/eagle.cs(2277,30): warning CS8981: The type name 'param' only contains lower-cased ascii characters. Such names may become reserved for the language. [/Users/admin/Projects/GerberTools/GerberLibrary.Core/GerberLibrary.Core.csproj]
/Users/admin/Projects/GerberTools/GerberLibrary.Core/EagleThings/eagle.cs(2638,30): warning CS8981: The type name 'via' only contains lower-cased ascii characters. Such names may become reserved for the language. [/Users/admin/Projects/GerberTools/GerberLibrary.Core/GerberLibrary.Core.csproj]
/Users/admin/Projects/GerberTools/GerberLibrary.Core/EagleThings/eagle.cs(2358,30): warning CS8981: The type name 'elements' only contains lower-cased ascii characters. Such names may become reserved for the language. [/Users/admin/Projects/GerberTools/GerberLibrary.Core/GerberLibrary.Core.csproj]
/Users/admin/Projects/GerberTools/GerberLibrary.Core/EagleThings/eagle.cs(2732,30): warning CS8981: The type name 'errors' only contains lower-cased ascii characters. Such names may become reserved for the language. [/Users/admin/Projects/GerberTools/GerberLibrary.Core/GerberLibrary.Core.csproj]
/Users/admin/Projects/GerberTools/GerberLibrary.Core/EagleThings/eagle.cs(2940,30): warning CS8981: The type name 'parts' only contains lower-cased ascii characters. Such names may become reserved for the language. [/Users/admin/Projects/GerberTools/GerberLibrary.Core/GerberLibrary.Core.csproj]
/Users/admin/Projects/GerberTools/GerberLibrary.Core/EagleThings/eagle.cs(2747,30): warning CS8981: The type name 'approved' only contains lower-cased ascii characters. Such names may become reserved for the language. [/Users/admin/Projects/GerberTools/GerberLibrary.Core/GerberLibrary.Core.csproj]
/Users/admin/Projects/GerberTools/GerberLibrary.Core/EagleThings/eagle.cs(2373,30): warning CS8981: The type name 'element' only contains lower-cased ascii characters. Such names may become reserved for the language. [/Users/admin/Projects/GerberTools/GerberLibrary.Core/GerberLibrary.Core.csproj]
/Users/admin/Projects/GerberTools/GerberLibrary.Core/EagleThings/eagle.cs(2949,30): warning CS8981: The type name 'part' only contains lower-cased ascii characters. Such names may become reserved for the language. [/Users/admin/Projects/GerberTools/GerberLibrary.Core/GerberLibrary.Core.csproj]
/Users/admin/Projects/GerberTools/GerberLibrary.Core/EagleThings/eagle.cs(2756,30): warning CS8981: The type name 'schematic' only contains lower-cased ascii characters. Such names may become reserved for the language. [/Users/admin/Projects/GerberTools/GerberLibrary.Core/GerberLibrary.Core.csproj]
/Users/admin/Projects/GerberTools/GerberLibrary.Core/EagleThings/eagle.cs(2589,30): warning CS8981: The type name 'contactref' only contains lower-cased ascii characters. Such names may become reserved for the language. [/Users/admin/Projects/GerberTools/GerberLibrary.Core/GerberLibrary.Core.csproj]
/Users/admin/Projects/GerberTools/GerberLibrary.Core/EagleThings/eagle.cs(2802,30): warning CS8981: The type name 'modules' only contains lower-cased ascii characters. Such names may become reserved for the language. [/Users/admin/Projects/GerberTools/GerberLibrary.Core/GerberLibrary.Core.csproj]
/Users/admin/Projects/GerberTools/GerberLibrary.Core/EagleThings/eagle.cs(2817,30): warning CS8981: The type name 'module' only contains lower-cased ascii characters. Such names may become reserved for the language. [/Users/admin/Projects/GerberTools/GerberLibrary.Core/GerberLibrary.Core.csproj]
/Users/admin/Projects/GerberTools/GerberLibrary.Core/EagleThings/eagle.cs(2992,30): warning CS8981: The type name 'sheets' only contains lower-cased ascii characters. Such names may become reserved for the language. [/Users/admin/Projects/GerberTools/GerberLibrary.Core/GerberLibrary.Core.csproj]
/Users/admin/Projects/GerberTools/GerberLibrary.Core/EagleThings/eagle.cs(3239,30): warning CS8981: The type name 'label' only contains lower-cased ascii characters. Such names may become reserved for the language. [/Users/admin/Projects/GerberTools/GerberLibrary.Core/GerberLibrary.Core.csproj]
/Users/admin/Projects/GerberTools/GerberLibrary.Core/EagleThings/eagle.cs(2865,30): warning CS8981: The type name 'ports' only contains lower-cased ascii characters. Such names may become reserved for the language. [/Users/admin/Projects/GerberTools/GerberLibrary.Core/GerberLibrary.Core.csproj]
/Users/admin/Projects/GerberTools/GerberLibrary.Core/EagleThings/eagle.cs(2444,30): warning CS8981: The type name 'variant' only contains lower-cased ascii characters. Such names may become reserved for the language. [/Users/admin/Projects/GerberTools/GerberLibrary.Core/GerberLibrary.Core.csproj]
/Users/admin/Projects/GerberTools/GerberLibrary.Core/EagleThings/eagle.cs(3001,30): warning CS8981: The type name 'sheet' only contains lower-cased ascii characters. Such names may become reserved for the language. [/Users/admin/Projects/GerberTools/GerberLibrary.Core/GerberLibrary.Core.csproj]
/Users/admin/Projects/GerberTools/GerberLibrary.Core/EagleThings/eagle.cs(2880,30): warning CS8981: The type name 'port' only contains lower-cased ascii characters. Such names may become reserved for the language. [/Users/admin/Projects/GerberTools/GerberLibrary.Core/GerberLibrary.Core.csproj]
/Users/admin/Projects/GerberTools/GerberLibrary.Core/EagleThings/eagle.cs(3043,30): warning CS8981: The type name 'moduleinsts' only contains lower-cased ascii characters. Such names may become reserved for the language. [/Users/admin/Projects/GerberTools/GerberLibrary.Core/GerberLibrary.Core.csproj]
/Users/admin/Projects/GerberTools/GerberLibrary.Core/EagleThings/eagle.cs(3053,30): warning CS8981: The type name 'moduleinst' only contains lower-cased ascii characters. Such names may become reserved for the language. [/Users/admin/Projects/GerberTools/GerberLibrary.Core/GerberLibrary.Core.csproj]
/Users/admin/Projects/GerberTools/GerberLibrary.Core/EagleThings/eagle.cs(3117,30): warning CS8981: The type name 'instances' only contains lower-cased ascii characters. Such names may become reserved for the language. [/Users/admin/Projects/GerberTools/GerberLibrary.Core/GerberLibrary.Core.csproj]
/Users/admin/Projects/GerberTools/GerberLibrary.Core/EagleThings/eagle.cs(3126,30): warning CS8981: The type name 'instance' only contains lower-cased ascii characters. Such names may become reserved for the language. [/Users/admin/Projects/GerberTools/GerberLibrary.Core/GerberLibrary.Core.csproj]
/Users/admin/Projects/GerberTools/GerberLibrary.Core/EagleThings/eagle.cs(3325,30): warning CS8981: The type name 'pinref' only contains lower-cased ascii characters. Such names may become reserved for the language. [/Users/admin/Projects/GerberTools/GerberLibrary.Core/GerberLibrary.Core.csproj]
/Users/admin/Projects/GerberTools/GerberLibrary.Core/EagleThings/eagle.cs(3178,30): warning CS8981: The type name 'busses' only contains lower-cased ascii characters. Such names may become reserved for the language. [/Users/admin/Projects/GerberTools/GerberLibrary.Core/GerberLibrary.Core.csproj]
/Users/admin/Projects/GerberTools/GerberLibrary.Core/EagleThings/eagle.cs(3193,30): warning CS8981: The type name 'bus' only contains lower-cased ascii characters. Such names may become reserved for the language. [/Users/admin/Projects/GerberTools/GerberLibrary.Core/GerberLibrary.Core.csproj]
/Users/admin/Projects/GerberTools/GerberLibrary.Core/EagleThings/eagle.cs(3348,30): warning CS8981: The type name 'portref' only contains lower-cased ascii characters. Such names may become reserved for the language. [/Users/admin/Projects/GerberTools/GerberLibrary.Core/GerberLibrary.Core.csproj]
/Users/admin/Projects/GerberTools/GerberLibrary.Core/EagleThings/eagle.cs(3220,30): warning CS8981: The type name 'junction' only contains lower-cased ascii characters. Such names may become reserved for the language. [/Users/admin/Projects/GerberTools/GerberLibrary.Core/GerberLibrary.Core.csproj]
/Users/admin/Projects/GerberTools/GerberLibrary.Core/EagleThings/eagle.cs(3367,30): warning CS8981: The type name 'nets' only contains lower-cased ascii characters. Such names may become reserved for the language. [/Users/admin/Projects/GerberTools/GerberLibrary.Core/GerberLibrary.Core.csproj]
/Users/admin/Projects/GerberTools/GerberLibrary.Core/EagleThings/eagle.cs(3382,30): warning CS8981: The type name 'net' only contains lower-cased ascii characters. Such names may become reserved for the language. [/Users/admin/Projects/GerberTools/GerberLibrary.Core/GerberLibrary.Core.csproj]
/Users/admin/Projects/GerberTools/GerberLibrary.Core/EagleThings/eagle.cs(3422,30): warning CS8981: The type name 'segment' only contains lower-cased ascii characters. Such names may become reserved for the language. [/Users/admin/Projects/GerberTools/GerberLibrary.Core/GerberLibrary.Core.csproj]
/Users/admin/Projects/GerberTools/GerberLibrary.Core/EagleThings/eagle.cs(3445,30): warning CS8981: The type name 'plain' only contains lower-cased ascii characters. Such names may become reserved for the language. [/Users/admin/Projects/GerberTools/GerberLibrary.Core/GerberLibrary.Core.csproj]
/Users/admin/Projects/GerberTools/GerberLibrary.Core/External/clipper.cs(440,22): warning CS8618: Non-nullable field 'edge1' must contain a non-null value when exiting constructor. Consider adding the 'required' modifier or declaring the field as nullable. [/Users/admin/Projects/GerberTools/GerberLibrary.Core/GerberLibrary.Core.csproj]
/Users/admin/Projects/GerberTools/GerberLibrary.Core/External/clipper.cs(441,22): warning CS8618: Non-nullable field 'edge2' must contain a non-null value when exiting constructor. Consider adding the 'required' modifier or declaring the field as nullable. [/Users/admin/Projects/GerberTools/GerberLibrary.Core/GerberLibrary.Core.csproj]
/Users/admin/Projects/GerberTools/GerberLibrary.Core/External/clipper.cs(443,30): warning CS8618: Non-nullable field 'next' must contain a non-null value when exiting constructor. Consider adding the 'required' modifier or declaring the field as nullable. [/Users/admin/Projects/GerberTools/GerberLibrary.Core/GerberLibrary.Core.csproj]
/Users/admin/Projects/GerberTools/GerberLibrary.Core/External/clipper.cs(429,22): warning CS8618: Non-nullable field 'next' must contain a non-null value when exiting constructor. Consider adding the 'required' modifier or declaring the field as nullable. [/Users/admin/Projects/GerberTools/GerberLibrary.Core/GerberLibrary.Core.csproj]
/Users/admin/Projects/GerberTools/GerberLibrary.Core/External/clipper.cs(430,22): warning CS8618: Non-nullable field 'prev' must contain a non-null value when exiting constructor. Consider adding the 'required' modifier or declaring the field as nullable. [/Users/admin/Projects/GerberTools/GerberLibrary.Core/GerberLibrary.Core.csproj]
/Users/admin/Projects/GerberTools/GerberLibrary.Core/External/clipper.cs(431,22): warning CS8618: Non-nullable field 'nextInLML' must contain a non-null value when exiting constructor. Consider adding the 'required' modifier or declaring the field as nullable. [/Users/admin/Projects/GerberTools/GerberLibrary.Core/GerberLibrary.Core.csproj]
/Users/admin/Projects/GerberTools/GerberLibrary.Core/External/clipper.cs(432,22): warning CS8618: Non-nullable field 'nextInAEL' must contain a non-null value when exiting constructor. Consider adding the 'required' modifier or declaring the field as nullable. [/Users/admin/Projects/GerberTools/GerberLibrary.Core/GerberLibrary.Core.csproj]
/Users/admin/Projects/GerberTools/GerberLibrary.Core/External/clipper.cs(433,22): warning CS8618: Non-nullable field 'prevInAEL' must contain a non-null value when exiting constructor. Consider adding the 'required' modifier or declaring the field as nullable. [/Users/admin/Projects/GerberTools/GerberLibrary.Core/GerberLibrary.Core.csproj]
/Users/admin/Projects/GerberTools/GerberLibrary.Core/External/clipper.cs(434,22): warning CS8618: Non-nullable field 'nextInSEL' must contain a non-null value when exiting constructor. Consider adding the 'required' modifier or declaring the field as nullable. [/Users/admin/Projects/GerberTools/GerberLibrary.Core/GerberLibrary.Core.csproj]
/Users/admin/Projects/GerberTools/GerberLibrary.Core/External/clipper.cs(435,22): warning CS8618: Non-nullable field 'prevInSEL' must contain a non-null value when exiting constructor. Consider adding the 'required' modifier or declaring the field as nullable. [/Users/admin/Projects/GerberTools/GerberLibrary.Core/GerberLibrary.Core.csproj]
/Users/admin/Projects/GerberTools/GerberLibrary.Core/External/clipper.cs(449,22): warning CS8618: Non-nullable field 'leftBound' must contain a non-null value when exiting constructor. Consider adding the 'required' modifier or declaring the field as nullable. [/Users/admin/Projects/GerberTools/GerberLibrary.Core/GerberLibrary.Core.csproj]
/Users/admin/Projects/GerberTools/GerberLibrary.Core/External/clipper.cs(450,22): warning CS8618: Non-nullable field 'rightBound' must contain a non-null value when exiting constructor. Consider adding the 'required' modifier or declaring the field as nullable. [/Users/admin/Projects/GerberTools/GerberLibrary.Core/GerberLibrary.Core.csproj]
/Users/admin/Projects/GerberTools/GerberLibrary.Core/External/clipper.cs(451,28): warning CS8618: Non-nullable field 'next' must contain a non-null value when exiting constructor. Consider adding the 'required' modifier or declaring the field as nullable. [/Users/admin/Projects/GerberTools/GerberLibrary.Core/GerberLibrary.Core.csproj]
/Users/admin/Projects/GerberTools/GerberLibrary.Core/External/clipper.cs(457,25): warning CS8618: Non-nullable field 'next' must contain a non-null value when exiting constructor. Consider adding the 'required' modifier or declaring the field as nullable. [/Users/admin/Projects/GerberTools/GerberLibrary.Core/GerberLibrary.Core.csproj]
/Users/admin/Projects/GerberTools/GerberLibrary.Core/External/clipper.cs(474,22): warning CS8618: Non-nullable field 'next' must contain a non-null value when exiting constructor. Consider adding the 'required' modifier or declaring the field as nullable. [/Users/admin/Projects/GerberTools/GerberLibrary.Core/GerberLibrary.Core.csproj]
/Users/admin/Projects/GerberTools/GerberLibrary.Core/External/clipper.cs(475,22): warning CS8618: Non-nullable field 'prev' must contain a non-null value when exiting constructor. Consider adding the 'required' modifier or declaring the field as nullable. [/Users/admin/Projects/GerberTools/GerberLibrary.Core/GerberLibrary.Core.csproj]
/Users/admin/Projects/GerberTools/GerberLibrary.Core/External/clipper.cs(464,23): warning CS8618: Non-nullable field 'FirstLeft' must contain a non-null value when exiting constructor. Consider adding the 'required' modifier or declaring the field as nullable. [/Users/admin/Projects/GerberTools/GerberLibrary.Core/GerberLibrary.Core.csproj]
/Users/admin/Projects/GerberTools/GerberLibrary.Core/External/clipper.cs(465,22): warning CS8618: Non-nullable field 'pts' must contain a non-null value when exiting constructor. Consider adding the 'required' modifier or declaring the field as nullable. [/Users/admin/Projects/GerberTools/GerberLibrary.Core/GerberLibrary.Core.csproj]
/Users/admin/Projects/GerberTools/GerberLibrary.Core/External/clipper.cs(466,22): warning CS8618: Non-nullable field 'bottomPt' must contain a non-null value when exiting constructor. Consider adding the 'required' modifier or declaring the field as nullable. [/Users/admin/Projects/GerberTools/GerberLibrary.Core/GerberLibrary.Core.csproj]
/Users/admin/Projects/GerberTools/GerberLibrary.Core/External/clipper.cs(467,25): warning CS8618: Non-nullable field 'polyNode' must contain a non-null value when exiting constructor. Consider adding the 'required' modifier or declaring the field as nullable. [/Users/admin/Projects/GerberTools/GerberLibrary.Core/GerberLibrary.Core.csproj]
/Users/admin/Projects/GerberTools/GerberLibrary.Core/External/clipper.cs(490,22): warning CS8618: Non-nullable field 'edge' must contain a non-null value when exiting constructor. Consider adding the 'required' modifier or declaring the field as nullable. [/Users/admin/Projects/GerberTools/GerberLibrary.Core/GerberLibrary.Core.csproj]
/Users/admin/Projects/GerberTools/GerberLibrary.Core/External/clipper.cs(999,26): warning CS8625: Cannot convert null literal to non-nullable reference type. [/Users/admin/Projects/GerberTools/GerberLibrary.Core/GerberLibrary.Core.csproj]
/Users/admin/Projects/GerberTools/GerberLibrary.Core/External/clipper.cs(1000,29): warning CS8625: Cannot convert null literal to non-nullable reference type. [/Users/admin/Projects/GerberTools/GerberLibrary.Core/GerberLibrary.Core.csproj]
/Users/admin/Projects/GerberTools/GerberLibrary.Core/External/clipper.cs(1001,29): warning CS8625: Cannot convert null literal to non-nullable reference type. [/Users/admin/Projects/GerberTools/GerberLibrary.Core/GerberLibrary.Core.csproj]
/Users/admin/Projects/GerberTools/GerberLibrary.Core/External/clipper.cs(1002,32): warning CS8625: Cannot convert null literal to non-nullable reference type. [/Users/admin/Projects/GerberTools/GerberLibrary.Core/GerberLibrary.Core.csproj]
/Users/admin/Projects/GerberTools/GerberLibrary.Core/External/clipper.cs(997,16): warning CS8618: Non-nullable field 'm_Scanbeam' must contain a non-null value when exiting constructor. Consider adding the 'required' modifier or declaring the field as nullable. [/Users/admin/Projects/GerberTools/GerberLibrary.Core/GerberLibrary.Core.csproj]
/Users/admin/Projects/GerberTools/GerberLibrary.Core/External/clipper.cs(997,16): warning CS8618: Non-nullable field 'm_ActiveEdges' must contain a non-null value when exiting constructor. Consider adding the 'required' modifier or declaring the field as nullable. [/Users/admin/Projects/GerberTools/GerberLibrary.Core/GerberLibrary.Core.csproj]
/Users/admin/Projects/GerberTools/GerberLibrary.Core/External/clipper.cs(997,16): warning CS8618: Non-nullable field 'm_SortedEdges' must contain a non-null value when exiting constructor. Consider adding the 'required' modifier or declaring the field as nullable. [/Users/admin/Projects/GerberTools/GerberLibrary.Core/GerberLibrary.Core.csproj]
/Users/admin/Projects/GerberTools/GerberLibrary.Core/External/clipper.cs(997,16): warning CS8618: Non-nullable field 'm_IntersectNodes' must contain a non-null value when exiting constructor. Consider adding the 'required' modifier or declaring the field as nullable. [/Users/admin/Projects/GerberTools/GerberLibrary.Core/GerberLibrary.Core.csproj]
/Users/admin/Projects/GerberTools/GerberLibrary.Core/External/clipper.cs(68,33): warning CS8625: Cannot convert null literal to non-nullable reference type. [/Users/admin/Projects/GerberTools/GerberLibrary.Core/GerberLibrary.Core.csproj]
/Users/admin/Projects/GerberTools/GerberLibrary.Core/External/clipper.cs(1033,24): warning CS8625: Cannot convert null literal to non-nullable reference type. [/Users/admin/Projects/GerberTools/GerberLibrary.Core/GerberLibrary.Core.csproj]
/Users/admin/Projects/GerberTools/GerberLibrary.Core/External/clipper.cs(78,24): warning CS8603: Possible null reference return. [/Users/admin/Projects/GerberTools/GerberLibrary.Core/GerberLibrary.Core.csproj]
/Users/admin/Projects/GerberTools/GerberLibrary.Core/External/clipper.cs(1042,24): warning CS8625: Cannot convert null literal to non-nullable reference type. [/Users/admin/Projects/GerberTools/GerberLibrary.Core/GerberLibrary.Core.csproj]
/Users/admin/Projects/GerberTools/GerberLibrary.Core/External/clipper.cs(1043,27): warning CS8625: Cannot convert null literal to non-nullable reference type. [/Users/admin/Projects/GerberTools/GerberLibrary.Core/GerberLibrary.Core.csproj]
/Users/admin/Projects/GerberTools/GerberLibrary.Core/External/clipper.cs(1044,27): warning CS8625: Cannot convert null literal to non-nullable reference type. [/Users/admin/Projects/GerberTools/GerberLibrary.Core/GerberLibrary.Core.csproj]
/Users/admin/Projects/GerberTools/GerberLibrary.Core/External/clipper.cs(136,24): warning CS8603: Possible null reference return. [/Users/admin/Projects/GerberTools/GerberLibrary.Core/GerberLibrary.Core.csproj]
/Users/admin/Projects/GerberTools/GerberLibrary.Core/External/clipper.cs(90,27): warning CS8618: Non-nullable field 'm_Parent' must contain a non-null value when exiting constructor. Consider adding the 'required' modifier or declaring the field as nullable. [/Users/admin/Projects/GerberTools/GerberLibrary.Core/GerberLibrary.Core.csproj]
/Users/admin/Projects/GerberTools/GerberLibrary.Core/External/clipper.cs(1074,31): warning CS8625: Cannot convert null literal to non-nullable reference type. [/Users/admin/Projects/GerberTools/GerberLibrary.Core/GerberLibrary.Core.csproj]
/Users/admin/Projects/GerberTools/GerberLibrary.Core/External/clipper.cs(1090,26): warning CS8601: Possible null reference assignment. [/Users/admin/Projects/GerberTools/GerberLibrary.Core/GerberLibrary.Core.csproj]
/Users/admin/Projects/GerberTools/GerberLibrary.Core/Artwork Related/FontSet.cs(72,28): warning CS8603: Possible null reference return. [/Users/admin/Projects/GerberTools/GerberLibrary.Core/GerberLibrary.Core.csproj]
/Users/admin/Projects/GerberTools/GerberLibrary.Core/Artwork Related/FontSet.cs(83,21): warning CS8600: Converting null literal or possible null value to non-nullable type. [/Users/admin/Projects/GerberTools/GerberLibrary.Core/GerberLibrary.Core.csproj]
/Users/admin/Projects/GerberTools/GerberLibrary.Core/Artwork Related/FontSet.cs(85,20): warning CS8603: Possible null reference return. [/Users/admin/Projects/GerberTools/GerberLibrary.Core/GerberLibrary.Core.csproj]
/Users/admin/Projects/GerberTools/GerberLibrary.Core/External/clipper.cs(1156,32): warning CS8601: Possible null reference assignment. [/Users/admin/Projects/GerberTools/GerberLibrary.Core/GerberLibrary.Core.csproj]
/Users/admin/Projects/GerberTools/GerberLibrary.Core/Artwork Related/GerberArtWriter.cs(2116,29): warning CS8600: Converting null literal or possible null value to non-nullable type. [/Users/admin/Projects/GerberTools/GerberLibrary.Core/GerberLibrary.Core.csproj]
/Users/admin/Projects/GerberTools/GerberLibrary.Core/Artwork Related/GerberArtWriter.cs(2119,28): warning CS8603: Possible null reference return. [/Users/admin/Projects/GerberTools/GerberLibrary.Core/GerberLibrary.Core.csproj]
/Users/admin/Projects/GerberTools/GerberLibrary.Core/Artwork Related/GerberArtWriter.cs(2133,33): warning CS8600: Converting null literal or possible null value to non-nullable type. [/Users/admin/Projects/GerberTools/GerberLibrary.Core/GerberLibrary.Core.csproj]
/Users/admin/Projects/GerberTools/GerberLibrary.Core/External/clipper.cs(1208,17): warning CS8600: Converting null literal or possible null value to non-nullable type. [/Users/admin/Projects/GerberTools/GerberLibrary.Core/GerberLibrary.Core.csproj]
/Users/admin/Projects/GerberTools/GerberLibrary.Core/External/clipper.cs(628,28): warning CS8625: Cannot convert null literal to non-nullable reference type. [/Users/admin/Projects/GerberTools/GerberLibrary.Core/GerberLibrary.Core.csproj]
/Users/admin/Projects/GerberTools/GerberLibrary.Core/External/clipper.cs(629,27): warning CS8625: Cannot convert null literal to non-nullable reference type. [/Users/admin/Projects/GerberTools/GerberLibrary.Core/GerberLibrary.Core.csproj]
/Users/admin/Projects/GerberTools/GerberLibrary.Core/External/clipper.cs(626,18): warning CS8618: Non-nullable field 'm_MinimaList' must contain a non-null value when exiting constructor. Consider adding the 'required' modifier or declaring the field as nullable. [/Users/admin/Projects/GerberTools/GerberLibrary.Core/GerberLibrary.Core.csproj]
/Users/admin/Projects/GerberTools/GerberLibrary.Core/External/clipper.cs(626,18): warning CS8618: Non-nullable field 'm_CurrentLM' must contain a non-null value when exiting constructor. Consider adding the 'required' modifier or declaring the field as nullable. [/Users/admin/Projects/GerberTools/GerberLibrary.Core/GerberLibrary.Core.csproj]
/Users/admin/Projects/GerberTools/GerberLibrary.Core/External/clipper.cs(1223,20): warning CS8600: Converting null literal or possible null value to non-nullable type. [/Users/admin/Projects/GerberTools/GerberLibrary.Core/GerberLibrary.Core.csproj]
/Users/admin/Projects/GerberTools/GerberLibrary.Core/External/clipper.cs(1224,31): warning CS8625: Cannot convert null literal to non-nullable reference type. [/Users/admin/Projects/GerberTools/GerberLibrary.Core/GerberLibrary.Core.csproj]
/Users/admin/Projects/GerberTools/GerberLibrary.Core/External/clipper.cs(646,76): warning CS8625: Cannot convert null literal to non-nullable reference type. [/Users/admin/Projects/GerberTools/GerberLibrary.Core/GerberLibrary.Core.csproj]
/Users/admin/Projects/GerberTools/GerberLibrary.Core/External/clipper.cs(1231,27): warning CS8600: Converting null literal or possible null value to non-nullable type. [/Users/admin/Projects/GerberTools/GerberLibrary.Core/GerberLibrary.Core.csproj]
/Users/admin/Projects/GerberTools/GerberLibrary.Core/External/clipper.cs(1232,28): warning CS8625: Cannot convert null literal to non-nullable reference type. [/Users/admin/Projects/GerberTools/GerberLibrary.Core/GerberLibrary.Core.csproj]
/Users/admin/Projects/GerberTools/GerberLibrary.Core/External/clipper.cs(1237,25): warning CS8600: Converting null literal or possible null value to non-nullable type. [/Users/admin/Projects/GerberTools/GerberLibrary.Core/GerberLibrary.Core.csproj]
/Users/admin/Projects/GerberTools/GerberLibrary.Core/External/clipper.cs(659,32): warning CS8625: Cannot convert null literal to non-nullable reference type. [/Users/admin/Projects/GerberTools/GerberLibrary.Core/GerberLibrary.Core.csproj]
/Users/admin/Projects/GerberTools/GerberLibrary.Core/External/clipper.cs(662,27): warning CS8625: Cannot convert null literal to non-nullable reference type. [/Users/admin/Projects/GerberTools/GerberLibrary.Core/GerberLibrary.Core.csproj]
/Users/admin/Projects/GerberTools/GerberLibrary.Core/Artwork Related/GerberArtWriter.cs(108,62): warning CS8604: Possible null reference argument for parameter 'path1' in 'string Path.Combine(string path1, string path2)'. [/Users/admin/Projects/GerberTools/GerberLibrary.Core/GerberLibrary.Core.csproj]
/Users/admin/Projects/GerberTools/GerberLibrary.Core/External/clipper.cs(1347,28): warning CS8625: Cannot convert null literal to non-nullable reference type. [/Users/admin/Projects/GerberTools/GerberLibrary.Core/GerberLibrary.Core.csproj]
/Users/admin/Projects/GerberTools/GerberLibrary.Core/External/clipper.cs(1348,28): warning CS8625: Cannot convert null literal to non-nullable reference type. [/Users/admin/Projects/GerberTools/GerberLibrary.Core/GerberLibrary.Core.csproj]
/Users/admin/Projects/GerberTools/GerberLibrary.Core/External/clipper.cs(1363,30): warning CS8601: Possible null reference assignment. [/Users/admin/Projects/GerberTools/GerberLibrary.Core/GerberLibrary.Core.csproj]
/Users/admin/Projects/GerberTools/GerberLibrary.Core/External/clipper.cs(818,25): warning CS8625: Cannot convert null literal to non-nullable reference type. [/Users/admin/Projects/GerberTools/GerberLibrary.Core/GerberLibrary.Core.csproj]
/Users/admin/Projects/GerberTools/GerberLibrary.Core/External/clipper.cs(838,24): warning CS8625: Cannot convert null literal to non-nullable reference type. [/Users/admin/Projects/GerberTools/GerberLibrary.Core/GerberLibrary.Core.csproj]
/Users/admin/Projects/GerberTools/GerberLibrary.Core/External/clipper.cs(885,26): warning CS8601: Possible null reference assignment. [/Users/admin/Projects/GerberTools/GerberLibrary.Core/GerberLibrary.Core.csproj]
/Users/admin/Projects/GerberTools/GerberLibrary.Core/External/clipper.cs(1557,34): warning CS8625: Cannot convert null literal to non-nullable reference type. [/Users/admin/Projects/GerberTools/GerberLibrary.Core/GerberLibrary.Core.csproj]
/Users/admin/Projects/GerberTools/GerberLibrary.Core/External/clipper.cs(1558,34): warning CS8625: Cannot convert null literal to non-nullable reference type. [/Users/admin/Projects/GerberTools/GerberLibrary.Core/GerberLibrary.Core.csproj]
/Users/admin/Projects/GerberTools/GerberLibrary.Core/External/clipper.cs(1563,34): warning CS8625: Cannot convert null literal to non-nullable reference type. [/Users/admin/Projects/GerberTools/GerberLibrary.Core/GerberLibrary.Core.csproj]
/Users/admin/Projects/GerberTools/GerberLibrary.Core/EagleThings/LibraryLoader.cs(1485,29): warning CS8600: Converting null literal or possible null value to non-nullable type. [/Users/admin/Projects/GerberTools/GerberLibrary.Core/GerberLibrary.Core.csproj]
/Users/admin/Projects/GerberTools/GerberLibrary.Core/EagleThings/LibraryLoader.cs(1487,33): warning CS8601: Possible null reference assignment. [/Users/admin/Projects/GerberTools/GerberLibrary.Core/GerberLibrary.Core.csproj]
/Users/admin/Projects/GerberTools/GerberLibrary.Core/EagleThings/LibraryLoader.cs(1488,25): warning CS8602: Dereference of a possibly null reference. [/Users/admin/Projects/GerberTools/GerberLibrary.Core/GerberLibrary.Core.csproj]
/Users/admin/Projects/GerberTools/GerberLibrary.Core/EagleThings/LibraryLoader.cs(1534,29): warning CS8600: Converting null literal or possible null value to non-nullable type. [/Users/admin/Projects/GerberTools/GerberLibrary.Core/GerberLibrary.Core.csproj]
/Users/admin/Projects/GerberTools/GerberLibrary.Core/EagleThings/LibraryLoader.cs(1538,25): warning CS8602: Dereference of a possibly null reference. [/Users/admin/Projects/GerberTools/GerberLibrary.Core/GerberLibrary.Core.csproj]
/Users/admin/Projects/GerberTools/GerberLibrary.Core/EagleThings/LibraryLoader.cs(1474,20): warning CS8618: Non-nullable field 'LoadedDoc' must contain a non-null value when exiting constructor. Consider adding the 'required' modifier or declaring the field as nullable. [/Users/admin/Projects/GerberTools/GerberLibrary.Core/GerberLibrary.Core.csproj]
/Users/admin/Projects/GerberTools/GerberLibrary.Core/Artwork Related/GerberArtWriter.cs(2273,23): warning CS8625: Cannot convert null literal to non-nullable reference type. [/Users/admin/Projects/GerberTools/GerberLibrary.Core/GerberLibrary.Core.csproj]
/Users/admin/Projects/GerberTools/GerberLibrary.Core/External/clipper.cs(1593,35): warning CS8601: Possible null reference assignment. [/Users/admin/Projects/GerberTools/GerberLibrary.Core/GerberLibrary.Core.csproj]
/Users/admin/Projects/GerberTools/GerberLibrary.Core/External/clipper.cs(1596,35): warning CS8601: Possible null reference assignment. [/Users/admin/Projects/GerberTools/GerberLibrary.Core/GerberLibrary.Core.csproj]
/Users/admin/Projects/GerberTools/GerberLibrary.Core/External/clipper.cs(1606,35): warning CS8601: Possible null reference assignment. [/Users/admin/Projects/GerberTools/GerberLibrary.Core/GerberLibrary.Core.csproj]
/Users/admin/Projects/GerberTools/GerberLibrary.Core/External/clipper.cs(1609,35): warning CS8601: Possible null reference assignment. [/Users/admin/Projects/GerberTools/GerberLibrary.Core/GerberLibrary.Core.csproj]
/Users/admin/Projects/GerberTools/GerberLibrary.Core/Artwork Related/FontSet.cs(122,20): warning CS8603: Possible null reference return. [/Users/admin/Projects/GerberTools/GerberLibrary.Core/GerberLibrary.Core.csproj]
/Users/admin/Projects/GerberTools/GerberLibrary.Core/External/clipper.cs(1645,30): warning CS8600: Converting null literal or possible null value to non-nullable type. [/Users/admin/Projects/GerberTools/GerberLibrary.Core/GerberLibrary.Core.csproj]
/Users/admin/Projects/GerberTools/GerberLibrary.Core/External/clipper.cs(1651,35): warning CS8601: Possible null reference assignment. [/Users/admin/Projects/GerberTools/GerberLibrary.Core/GerberLibrary.Core.csproj]
/Users/admin/Projects/GerberTools/GerberLibrary.Core/External/clipper.cs(1654,35): warning CS8601: Possible null reference assignment. [/Users/admin/Projects/GerberTools/GerberLibrary.Core/GerberLibrary.Core.csproj]
/Users/admin/Projects/GerberTools/GerberLibrary.Core/External/clipper.cs(1658,30): warning CS8600: Converting null literal or possible null value to non-nullable type. [/Users/admin/Projects/GerberTools/GerberLibrary.Core/GerberLibrary.Core.csproj]
/Users/admin/Projects/GerberTools/GerberLibrary.Core/External/clipper.cs(1664,35): warning CS8601: Possible null reference assignment. [/Users/admin/Projects/GerberTools/GerberLibrary.Core/GerberLibrary.Core.csproj]
/Users/admin/Projects/GerberTools/GerberLibrary.Core/External/clipper.cs(1667,35): warning CS8601: Possible null reference assignment. [/Users/admin/Projects/GerberTools/GerberLibrary.Core/GerberLibrary.Core.csproj]
/Users/admin/Projects/GerberTools/GerberLibrary.Core/External/clipper.cs(1671,30): warning CS8600: Converting null literal or possible null value to non-nullable type. [/Users/admin/Projects/GerberTools/GerberLibrary.Core/GerberLibrary.Core.csproj]
/Users/admin/Projects/GerberTools/GerberLibrary.Core/External/clipper.cs(1673,35): warning CS8601: Possible null reference assignment. [/Users/admin/Projects/GerberTools/GerberLibrary.Core/GerberLibrary.Core.csproj]
/Users/admin/Projects/GerberTools/GerberLibrary.Core/External/clipper.cs(1679,35): warning CS8601: Possible null reference assignment. [/Users/admin/Projects/GerberTools/GerberLibrary.Core/GerberLibrary.Core.csproj]
/Users/admin/Projects/GerberTools/GerberLibrary.Core/External/clipper.cs(1751,30): warning CS8625: Cannot convert null literal to non-nullable reference type. [/Users/admin/Projects/GerberTools/GerberLibrary.Core/GerberLibrary.Core.csproj]
/Users/admin/Projects/GerberTools/GerberLibrary.Core/External/clipper.cs(1752,24): warning CS8625: Cannot convert null literal to non-nullable reference type. [/Users/admin/Projects/GerberTools/GerberLibrary.Core/GerberLibrary.Core.csproj]
/Users/admin/Projects/GerberTools/GerberLibrary.Core/External/clipper.cs(1753,29): warning CS8625: Cannot convert null literal to non-nullable reference type. [/Users/admin/Projects/GerberTools/GerberLibrary.Core/GerberLibrary.Core.csproj]
/Users/admin/Projects/GerberTools/GerberLibrary.Core/External/clipper.cs(1754,29): warning CS8625: Cannot convert null literal to non-nullable reference type. [/Users/admin/Projects/GerberTools/GerberLibrary.Core/GerberLibrary.Core.csproj]
/Users/admin/Projects/GerberTools/GerberLibrary.Core/External/clipper.cs(1919,24): warning CS8600: Converting null literal or possible null value to non-nullable type. [/Users/admin/Projects/GerberTools/GerberLibrary.Core/GerberLibrary.Core.csproj]
/Users/admin/Projects/GerberTools/GerberLibrary.Core/External/clipper.cs(1926,22): warning CS8600: Converting null literal or possible null value to non-nullable type. [/Users/admin/Projects/GerberTools/GerberLibrary.Core/GerberLibrary.Core.csproj]
/Users/admin/Projects/GerberTools/GerberLibrary.Core/External/clipper.cs(1932,26): warning CS8600: Converting null literal or possible null value to non-nullable type. [/Users/admin/Projects/GerberTools/GerberLibrary.Core/GerberLibrary.Core.csproj]
/Users/admin/Projects/GerberTools/GerberLibrary.Core/Artwork Related/GerberArtWriter.cs(2727,29): warning CS8600: Converting null literal or possible null value to non-nullable type. [/Users/admin/Projects/GerberTools/GerberLibrary.Core/GerberLibrary.Core.csproj]
/Users/admin/Projects/GerberTools/GerberLibrary.Core/Artwork Related/GerberArtWriter.cs(2729,54): warning CS8600: Converting null literal or possible null value to non-nullable type. [/Users/admin/Projects/GerberTools/GerberLibrary.Core/GerberLibrary.Core.csproj]
/Users/admin/Projects/GerberTools/GerberLibrary.Core/Artwork Related/GerberArtWriter.cs(2732,66): warning CS8600: Converting null literal or possible null value to non-nullable type. [/Users/admin/Projects/GerberTools/GerberLibrary.Core/GerberLibrary.Core.csproj]
/Users/admin/Projects/GerberTools/GerberLibrary.Core/Artwork Related/GerberArtWriter.cs(2746,123): warning CS8604: Possible null reference argument for parameter 'FS' in 'void GerberArtWriter.DrawString(PointD Start, FontSet FS, string text, double size, double strokewidth, StringAlign SA, bool Reverse = false, double rotation = 0, bool Polygonized = false)'. [/Users/admin/Projects/GerberTools/GerberLibrary.Core/GerberLibrary.Core.csproj]
/Users/admin/Projects/GerberTools/GerberLibrary.Core/Artwork Related/GerberOutlineWriter.cs(553,75): warning CS8625: Cannot convert null literal to non-nullable reference type. [/Users/admin/Projects/GerberTools/GerberLibrary.Core/GerberLibrary.Core.csproj]
/Users/admin/Projects/GerberTools/GerberLibrary.Core/Artwork Related/GerberOutlineWriter.cs(568,13): warning CS0162: Unreachable code detected [/Users/admin/Projects/GerberTools/GerberLibrary.Core/GerberLibrary.Core.csproj]
/Users/admin/Projects/GerberTools/GerberLibrary.Core/External/clipper.cs(2058,30): warning CS8625: Cannot convert null literal to non-nullable reference type. [/Users/admin/Projects/GerberTools/GerberLibrary.Core/GerberLibrary.Core.csproj]
/Users/admin/Projects/GerberTools/GerberLibrary.Core/External/clipper.cs(2065,25): warning CS8625: Cannot convert null literal to non-nullable reference type. [/Users/admin/Projects/GerberTools/GerberLibrary.Core/GerberLibrary.Core.csproj]
/Users/admin/Projects/GerberTools/GerberLibrary.Core/External/clipper.cs(2066,30): warning CS8625: Cannot convert null literal to non-nullable reference type. [/Users/admin/Projects/GerberTools/GerberLibrary.Core/GerberLibrary.Core.csproj]
/Users/admin/Projects/GerberTools/GerberLibrary.Core/EagleThings/LibraryLoader.cs(1841,24): warning CS8603: Possible null reference return. [/Users/admin/Projects/GerberTools/GerberLibrary.Core/GerberLibrary.Core.csproj]
/Users/admin/Projects/GerberTools/GerberLibrary.Core/EagleThings/LibraryLoader.cs(1864,24): warning CS8603: Possible null reference return. [/Users/admin/Projects/GerberTools/GerberLibrary.Core/GerberLibrary.Core.csproj]
/Users/admin/Projects/GerberTools/GerberLibrary.Core/Artwork Related/GerberOutlineWriter.cs(130,27): warning CS8625: Cannot convert null literal to non-nullable reference type. [/Users/admin/Projects/GerberTools/GerberLibrary.Core/GerberLibrary.Core.csproj]
/Users/admin/Projects/GerberTools/GerberLibrary.Core/External/clipper.cs(2294,37): warning CS8601: Possible null reference assignment. [/Users/admin/Projects/GerberTools/GerberLibrary.Core/GerberLibrary.Core.csproj]
/Users/admin/Projects/GerberTools/GerberLibrary.Core/External/clipper.cs(2295,34): warning CS8601: Possible null reference assignment. [/Users/admin/Projects/GerberTools/GerberLibrary.Core/GerberLibrary.Core.csproj]
/Users/admin/Projects/GerberTools/GerberLibrary.Core/External/clipper.cs(2297,37): warning CS8601: Possible null reference assignment. [/Users/admin/Projects/GerberTools/GerberLibrary.Core/GerberLibrary.Core.csproj]
/Users/admin/Projects/GerberTools/GerberLibrary.Core/External/clipper.cs(2298,27): warning CS8625: Cannot convert null literal to non-nullable reference type. [/Users/admin/Projects/GerberTools/GerberLibrary.Core/GerberLibrary.Core.csproj]
/Users/admin/Projects/GerberTools/GerberLibrary.Core/External/clipper.cs(2299,27): warning CS8625: Cannot convert null literal to non-nullable reference type. [/Users/admin/Projects/GerberTools/GerberLibrary.Core/GerberLibrary.Core.csproj]
/Users/admin/Projects/GerberTools/GerberLibrary.Core/External/clipper.cs(2310,37): warning CS8601: Possible null reference assignment. [/Users/admin/Projects/GerberTools/GerberLibrary.Core/GerberLibrary.Core.csproj]
/Users/admin/Projects/GerberTools/GerberLibrary.Core/External/clipper.cs(2311,34): warning CS8601: Possible null reference assignment. [/Users/admin/Projects/GerberTools/GerberLibrary.Core/GerberLibrary.Core.csproj]
/Users/admin/Projects/GerberTools/GerberLibrary.Core/External/clipper.cs(2313,37): warning CS8601: Possible null reference assignment. [/Users/admin/Projects/GerberTools/GerberLibrary.Core/GerberLibrary.Core.csproj]
/Users/admin/Projects/GerberTools/GerberLibrary.Core/External/clipper.cs(2314,27): warning CS8625: Cannot convert null literal to non-nullable reference type. [/Users/admin/Projects/GerberTools/GerberLibrary.Core/GerberLibrary.Core.csproj]
/Users/admin/Projects/GerberTools/GerberLibrary.Core/External/clipper.cs(2315,27): warning CS8625: Cannot convert null literal to non-nullable reference type. [/Users/admin/Projects/GerberTools/GerberLibrary.Core/GerberLibrary.Core.csproj]
/Users/admin/Projects/GerberTools/GerberLibrary.Core/External/clipper.cs(2336,27): warning CS8601: Possible null reference assignment. [/Users/admin/Projects/GerberTools/GerberLibrary.Core/GerberLibrary.Core.csproj]
/Users/admin/Projects/GerberTools/GerberLibrary.Core/External/clipper.cs(2337,27): warning CS8601: Possible null reference assignment. [/Users/admin/Projects/GerberTools/GerberLibrary.Core/GerberLibrary.Core.csproj]
/Users/admin/Projects/GerberTools/GerberLibrary.Core/Artwork Related/SVGWriter.cs(210,16): warning CS8618: Non-nullable property 'InterpolationMode' must contain a non-null value when exiting constructor. Consider adding the 'required' modifier or declaring the property as nullable. [/Users/admin/Projects/GerberTools/GerberLibrary.Core/GerberLibrary.Core.csproj]
/Users/admin/Projects/GerberTools/GerberLibrary.Core/Artwork Related/SVGWriter.cs(216,16): warning CS8618: Non-nullable property 'InterpolationMode' must contain a non-null value when exiting constructor. Consider adding the 'required' modifier or declaring the property as nullable. [/Users/admin/Projects/GerberTools/GerberLibrary.Core/GerberLibrary.Core.csproj]
/Users/admin/Projects/GerberTools/GerberLibrary.Core/Core/ExcellonFile.cs(46,27): warning CS8604: Possible null reference argument for parameter 'item' in 'void List<string>.Add(string item)'. [/Users/admin/Projects/GerberTools/GerberLibrary.Core/GerberLibrary.Core.csproj]
/Users/admin/Projects/GerberTools/GerberLibrary.Core/Artwork Related/GerberOutlineWriter.cs(198,27): warning CS8618: Non-nullable field 'Pos' must contain a non-null value when exiting constructor. Consider adding the 'required' modifier or declaring the field as nullable. [/Users/admin/Projects/GerberTools/GerberLibrary.Core/GerberLibrary.Core.csproj]
/Users/admin/Projects/GerberTools/GerberLibrary.Core/External/clipper.cs(2374,28): warning CS8600: Converting null literal or possible null value to non-nullable type. [/Users/admin/Projects/GerberTools/GerberLibrary.Core/GerberLibrary.Core.csproj]
/Users/admin/Projects/GerberTools/GerberLibrary.Core/External/clipper.cs(2383,40): warning CS8604: Possible null reference argument for parameter 'e2' in 'bool ClipperBase.SlopesEqual(TEdge e1, TEdge e2, bool UseFullRange)'. [/Users/admin/Projects/GerberTools/GerberLibrary.Core/GerberLibrary.Core.csproj]
/Users/admin/Projects/GerberTools/GerberLibrary.Core/External/clipper.cs(2448,46): warning CS8604: Possible null reference argument for parameter 'e2' in 'void Clipper.IntersectEdges(TEdge e1, TEdge e2, IntPoint pt, Protects protects)'. [/Users/admin/Projects/GerberTools/GerberLibrary.Core/GerberLibrary.Core.csproj]
/Users/admin/Projects/GerberTools/GerberLibrary.Core/External/clipper.cs(2450,31): warning CS8604: Possible null reference argument for parameter 'e' in 'void Clipper.DeleteFromAEL(TEdge e)'. [/Users/admin/Projects/GerberTools/GerberLibrary.Core/GerberLibrary.Core.csproj]
/Users/admin/Projects/GerberTools/GerberLibrary.Core/External/clipper.cs(2513,29): warning CS8625: Cannot convert null literal to non-nullable reference type. [/Users/admin/Projects/GerberTools/GerberLibrary.Core/GerberLibrary.Core.csproj]
/Users/admin/Projects/GerberTools/GerberLibrary.Core/External/clipper.cs(2517,27): warning CS8625: Cannot convert null literal to non-nullable reference type. [/Users/admin/Projects/GerberTools/GerberLibrary.Core/GerberLibrary.Core.csproj]
/Users/admin/Projects/GerberTools/GerberLibrary.Core/External/clipper.cs(2563,63): warning CS8625: Cannot convert null literal to non-nullable reference type. [/Users/admin/Projects/GerberTools/GerberLibrary.Core/GerberLibrary.Core.csproj]
/Users/admin/Projects/GerberTools/GerberLibrary.Core/External/clipper.cs(2566,27): warning CS8625: Cannot convert null literal to non-nullable reference type. [/Users/admin/Projects/GerberTools/GerberLibrary.Core/GerberLibrary.Core.csproj]
/Users/admin/Projects/GerberTools/GerberLibrary.Core/External/clipper.cs(2612,32): warning CS8625: Cannot convert null literal to non-nullable reference type. [/Users/admin/Projects/GerberTools/GerberLibrary.Core/GerberLibrary.Core.csproj]
/Users/admin/Projects/GerberTools/GerberLibrary.Core/External/clipper.cs(2638,26): warning CS8625: Cannot convert null literal to non-nullable reference type. [/Users/admin/Projects/GerberTools/GerberLibrary.Core/GerberLibrary.Core.csproj]
/Users/admin/Projects/GerberTools/GerberLibrary.Core/External/clipper.cs(2650,28): warning CS8601: Possible null reference assignment. [/Users/admin/Projects/GerberTools/GerberLibrary.Core/GerberLibrary.Core.csproj]
/Users/admin/Projects/GerberTools/GerberLibrary.Core/EagleThings/LibraryLoader.cs(1929,168): warning CS8625: Cannot convert null literal to non-nullable reference type. [/Users/admin/Projects/GerberTools/GerberLibrary.Core/GerberLibrary.Core.csproj]
/Users/admin/Projects/GerberTools/GerberLibrary.Core/EagleThings/LibraryLoader.cs(1934,193): warning CS8625: Cannot convert null literal to non-nullable reference type. [/Users/admin/Projects/GerberTools/GerberLibrary.Core/GerberLibrary.Core.csproj]
/Users/admin/Projects/GerberTools/GerberLibrary.Core/EagleThings/LibraryLoader.cs(1939,141): warning CS8625: Cannot convert null literal to non-nullable reference type. [/Users/admin/Projects/GerberTools/GerberLibrary.Core/GerberLibrary.Core.csproj]
/Users/admin/Projects/GerberTools/GerberLibrary.Core/EagleThings/LibraryLoader.cs(1944,212): warning CS8625: Cannot convert null literal to non-nullable reference type. [/Users/admin/Projects/GerberTools/GerberLibrary.Core/GerberLibrary.Core.csproj]
/Users/admin/Projects/GerberTools/GerberLibrary.Core/EagleThings/LibraryLoader.cs(1961,242): warning CS8625: Cannot convert null literal to non-nullable reference type. [/Users/admin/Projects/GerberTools/GerberLibrary.Core/GerberLibrary.Core.csproj]
/Users/admin/Projects/GerberTools/GerberLibrary.Core/EagleThings/LibraryLoader.cs(1965,168): warning CS8625: Cannot convert null literal to non-nullable reference type. [/Users/admin/Projects/GerberTools/GerberLibrary.Core/GerberLibrary.Core.csproj]
/Users/admin/Projects/GerberTools/GerberLibrary.Core/EagleThings/LibraryLoader.cs(1969,143): warning CS8625: Cannot convert null literal to non-nullable reference type. [/Users/admin/Projects/GerberTools/GerberLibrary.Core/GerberLibrary.Core.csproj]
/Users/admin/Projects/GerberTools/GerberLibrary.Core/EagleThings/LibraryLoader.cs(1973,193): warning CS8625: Cannot convert null literal to non-nullable reference type. [/Users/admin/Projects/GerberTools/GerberLibrary.Core/GerberLibrary.Core.csproj]
/Users/admin/Projects/GerberTools/GerberLibrary.Core/EagleThings/LibraryLoader.cs(1983,141): warning CS8625: Cannot convert null literal to non-nullable reference type. [/Users/admin/Projects/GerberTools/GerberLibrary.Core/GerberLibrary.Core.csproj]
/Users/admin/Projects/GerberTools/GerberLibrary.Core/EagleThings/LibraryLoader.cs(1987,212): warning CS8625: Cannot convert null literal to non-nullable reference type. [/Users/admin/Projects/GerberTools/GerberLibrary.Core/GerberLibrary.Core.csproj]
/Users/admin/Projects/GerberTools/GerberLibrary.Core/EagleThings/LibraryLoader.cs(2030,24): warning CS8603: Possible null reference return. [/Users/admin/Projects/GerberTools/GerberLibrary.Core/GerberLibrary.Core.csproj]
/Users/admin/Projects/GerberTools/GerberLibrary.Core/EagleThings/LibraryLoader.cs(2037,45): warning CS8603: Possible null reference return. [/Users/admin/Projects/GerberTools/GerberLibrary.Core/GerberLibrary.Core.csproj]
/Users/admin/Projects/GerberTools/GerberLibrary.Core/EagleThings/LibraryLoader.cs(2040,24): warning CS8603: Possible null reference return. [/Users/admin/Projects/GerberTools/GerberLibrary.Core/GerberLibrary.Core.csproj]
/Users/admin/Projects/GerberTools/GerberLibrary.Core/EagleThings/LibraryLoader.cs(2050,24): warning CS8603: Possible null reference return. [/Users/admin/Projects/GerberTools/GerberLibrary.Core/GerberLibrary.Core.csproj]
/Users/admin/Projects/GerberTools/GerberLibrary.Core/EagleThings/LibraryLoader.cs(2059,24): warning CS8603: Possible null reference return. [/Users/admin/Projects/GerberTools/GerberLibrary.Core/GerberLibrary.Core.csproj]
/Users/admin/Projects/GerberTools/GerberLibrary.Core/External/clipper.cs(2744,32): warning CS8625: Cannot convert null literal to non-nullable reference type. [/Users/admin/Projects/GerberTools/GerberLibrary.Core/GerberLibrary.Core.csproj]
/Users/admin/Projects/GerberTools/GerberLibrary.Core/Core/SickOfBeige.cs(553,32): warning CS8600: Converting null literal or possible null value to non-nullable type. [/Users/admin/Projects/GerberTools/GerberLibrary.Core/GerberLibrary.Core.csproj]
/Users/admin/Projects/GerberTools/GerberLibrary.Core/Core/SickOfBeige.cs(704,32): warning CS8604: Possible null reference argument for parameter 'a' in 'void Bounds.AddPolyLine(PolyLine a, double expansion = 0)'. [/Users/admin/Projects/GerberTools/GerberLibrary.Core/GerberLibrary.Core.csproj]
/Users/admin/Projects/GerberTools/GerberLibrary.Core/Artwork Related/GerberOutlineWriter.cs(602,47): warning CS8604: Possible null reference argument for parameter 'path1' in 'string Path.Combine(string path1, string path2)'. [/Users/admin/Projects/GerberTools/GerberLibrary.Core/GerberLibrary.Core.csproj]
/Users/admin/Projects/GerberTools/GerberLibrary.Core/Artwork Related/GerberOutlineWriter.cs(786,42): warning CS8604: Possible null reference argument for parameter 'targetfolder' in 'List<string> PCBWriterSet.Write(string targetfolder, string basename, BOM inFiducialBom, PointD offset = null)'. [/Users/admin/Projects/GerberTools/GerberLibrary.Core/GerberLibrary.Core.csproj]
/Users/admin/Projects/GerberTools/GerberLibrary.Core/Artwork Related/GerberOutlineWriter.cs(794,74): warning CS8625: Cannot convert null literal to non-nullable reference type. [/Users/admin/Projects/GerberTools/GerberLibrary.Core/GerberLibrary.Core.csproj]
/Users/admin/Projects/GerberTools/GerberLibrary.Core/Core/SickOfBeige.cs(94,58): warning CS8604: Possible null reference argument for parameter 'Logger' in 'void GerberSet.AddFileToSet(MemoryStream MS, string aname, ProgressLog Logger, double drillscaler = 1)'. [/Users/admin/Projects/GerberTools/GerberLibrary.Core/GerberLibrary.Core.csproj]
/Users/admin/Projects/GerberTools/GerberLibrary.Core/Core/SickOfBeige.cs(105,42): warning CS8604: Possible null reference argument for parameter 'Logger' in 'void GerberSet.AddFileToSet(MemoryStream MS, string aname, ProgressLog Logger, double drillscaler = 1)'. [/Users/admin/Projects/GerberTools/GerberLibrary.Core/GerberLibrary.Core.csproj]
/Users/admin/Projects/GerberTools/GerberLibrary.Core/Core/SickOfBeige.cs(112,43): warning CS8604: Possible null reference argument for parameter 'Logger' in 'void GerberSet.FixEagleDrillExportIssues(ProgressLog Logger)'. [/Users/admin/Projects/GerberTools/GerberLibrary.Core/GerberLibrary.Core.csproj]
/Users/admin/Projects/GerberTools/GerberLibrary.Core/Core/SickOfBeige.cs(127,20): warning CS8603: Possible null reference return. [/Users/admin/Projects/GerberTools/GerberLibrary.Core/GerberLibrary.Core.csproj]
/Users/admin/Projects/GerberTools/GerberLibrary.Core/Core/SickOfBeige.cs(143,28): warning CS8603: Possible null reference return. [/Users/admin/Projects/GerberTools/GerberLibrary.Core/GerberLibrary.Core.csproj]
/Users/admin/Projects/GerberTools/GerberLibrary.Core/Core/SickOfBeige.cs(201,25): warning CS8600: Converting null literal or possible null value to non-nullable type. [/Users/admin/Projects/GerberTools/GerberLibrary.Core/GerberLibrary.Core.csproj]
/Users/admin/Projects/GerberTools/GerberLibrary.Core/Core/SickOfBeige.cs(204,20): warning CS8603: Possible null reference return. [/Users/admin/Projects/GerberTools/GerberLibrary.Core/GerberLibrary.Core.csproj]
/Users/admin/Projects/GerberTools/GerberLibrary.Core/Core/Factory.cs(17,33): warning CS8600: Converting null literal or possible null value to non-nullable type. [/Users/admin/Projects/GerberTools/GerberLibrary.Core/GerberLibrary.Core.csproj]
/Users/admin/Projects/GerberTools/GerberLibrary.Core/Core/Factory.cs(20,49): warning CS8604: Possible null reference argument for parameter 'path1' in 'string Path.Combine(string path1, string path2)'. [/Users/admin/Projects/GerberTools/GerberLibrary.Core/GerberLibrary.Core.csproj]
/Users/admin/Projects/GerberTools/GerberLibrary.Core/Core/Factory.cs(78,33): warning CS8600: Converting null literal or possible null value to non-nullable type. [/Users/admin/Projects/GerberTools/GerberLibrary.Core/GerberLibrary.Core.csproj]
/Users/admin/Projects/GerberTools/GerberLibrary.Core/Core/Factory.cs(81,49): warning CS8604: Possible null reference argument for parameter 'path1' in 'string Path.Combine(string path1, string path2)'. [/Users/admin/Projects/GerberTools/GerberLibrary.Core/GerberLibrary.Core.csproj]
/Users/admin/Projects/GerberTools/GerberLibrary.Core/Core/Factory.cs(92,53): warning CS8604: Possible null reference argument for parameter 'path1' in 'string Path.Combine(string path1, string path2)'. [/Users/admin/Projects/GerberTools/GerberLibrary.Core/GerberLibrary.Core.csproj]
/Users/admin/Projects/GerberTools/GerberLibrary.Core/Core/Factory.cs(110,93): warning CS8625: Cannot convert null literal to non-nullable reference type. [/Users/admin/Projects/GerberTools/GerberLibrary.Core/GerberLibrary.Core.csproj]
/Users/admin/Projects/GerberTools/GerberLibrary.Core/Core/Factory.cs(125,53): warning CS8604: Possible null reference argument for parameter 'path1' in 'string Path.Combine(string path1, string path2)'. [/Users/admin/Projects/GerberTools/GerberLibrary.Core/GerberLibrary.Core.csproj]
/Users/admin/Projects/GerberTools/GerberLibrary.Core/Core/Factory.cs(138,58): warning CS8604: Possible null reference argument for parameter 'path1' in 'string Path.Combine(string path1, string path2)'. [/Users/admin/Projects/GerberTools/GerberLibrary.Core/GerberLibrary.Core.csproj]
/Users/admin/Projects/GerberTools/GerberLibrary.Core/Core/Factory.cs(139,58): warning CS8604: Possible null reference argument for parameter 'path1' in 'string Path.Combine(string path1, string path2)'. [/Users/admin/Projects/GerberTools/GerberLibrary.Core/GerberLibrary.Core.csproj]
/Users/admin/Projects/GerberTools/GerberLibrary.Core/EagleThings/LibraryLoader.cs(1754,28): warning CS8603: Possible null reference return. [/Users/admin/Projects/GerberTools/GerberLibrary.Core/GerberLibrary.Core.csproj]
/Users/admin/Projects/GerberTools/GerberLibrary.Core/EagleThings/LibraryLoader.cs(1729,31): warning CS8618: Non-nullable field 'library' must contain a non-null value when exiting constructor. Consider adding the 'required' modifier or declaring the field as nullable. [/Users/admin/Projects/GerberTools/GerberLibrary.Core/GerberLibrary.Core.csproj]
/Users/admin/Projects/GerberTools/GerberLibrary.Core/EagleThings/LibraryLoader.cs(1730,31): warning CS8618: Non-nullable field 'package' must contain a non-null value when exiting constructor. Consider adding the 'required' modifier or declaring the field as nullable. [/Users/admin/Projects/GerberTools/GerberLibrary.Core/GerberLibrary.Core.csproj]
/Users/admin/Projects/GerberTools/GerberLibrary.Core/EagleThings/LibraryLoader.cs(1731,31): warning CS8618: Non-nullable field 'device' must contain a non-null value when exiting constructor. Consider adding the 'required' modifier or declaring the field as nullable. [/Users/admin/Projects/GerberTools/GerberLibrary.Core/GerberLibrary.Core.csproj]
/Users/admin/Projects/GerberTools/GerberLibrary.Core/EagleThings/LibraryLoader.cs(1732,37): warning CS8618: Non-nullable field 'rot' must contain a non-null value when exiting constructor. Consider adding the 'required' modifier or declaring the field as nullable. [/Users/admin/Projects/GerberTools/GerberLibrary.Core/GerberLibrary.Core.csproj]
/Users/admin/Projects/GerberTools/GerberLibrary.Core/EagleThings/LibraryLoader.cs(1735,31): warning CS8618: Non-nullable field 'desc' must contain a non-null value when exiting constructor. Consider adding the 'required' modifier or declaring the field as nullable. [/Users/admin/Projects/GerberTools/GerberLibrary.Core/GerberLibrary.Core.csproj]
/Users/admin/Projects/GerberTools/GerberLibrary.Core/EagleThings/LibraryLoader.cs(1736,31): warning CS8618: Non-nullable field 'value' must contain a non-null value when exiting constructor. Consider adding the 'required' modifier or declaring the field as nullable. [/Users/admin/Projects/GerberTools/GerberLibrary.Core/GerberLibrary.Core.csproj]
/Users/admin/Projects/GerberTools/GerberLibrary.Core/EagleThings/LibraryLoader.cs(1737,31): warning CS8618: Non-nullable field 'deviceset' must contain a non-null value when exiting constructor. Consider adding the 'required' modifier or declaring the field as nullable. [/Users/admin/Projects/GerberTools/GerberLibrary.Core/GerberLibrary.Core.csproj]
/Users/admin/Projects/GerberTools/GerberLibrary.Core/EagleThings/LibraryLoader.cs(1738,31): warning CS8618: Non-nullable field 'name' must contain a non-null value when exiting constructor. Consider adding the 'required' modifier or declaring the field as nullable. [/Users/admin/Projects/GerberTools/GerberLibrary.Core/GerberLibrary.Core.csproj]
/Users/admin/Projects/GerberTools/GerberLibrary.Core/EagleThings/LibraryLoader.cs(1739,31): warning CS8618: Non-nullable field 'sizedesc' must contain a non-null value when exiting constructor. Consider adding the 'required' modifier or declaring the field as nullable. [/Users/admin/Projects/GerberTools/GerberLibrary.Core/GerberLibrary.Core.csproj]
/Users/admin/Projects/GerberTools/GerberLibrary.Core/Artwork Related/GerberArtWriter.cs(1079,31): warning CS8618: Non-nullable field 'Start' must contain a non-null value when exiting constructor. Consider adding the 'required' modifier or declaring the field as nullable. [/Users/admin/Projects/GerberTools/GerberLibrary.Core/GerberLibrary.Core.csproj]
/Users/admin/Projects/GerberTools/GerberLibrary.Core/Artwork Related/GerberArtWriter.cs(1080,31): warning CS8618: Non-nullable field 'End' must contain a non-null value when exiting constructor. Consider adding the 'required' modifier or declaring the field as nullable. [/Users/admin/Projects/GerberTools/GerberLibrary.Core/GerberLibrary.Core.csproj]
/Users/admin/Projects/GerberTools/GerberLibrary.Core/Core/ExcellonFile.cs(327,27): warning CS8600: Converting null literal or possible null value to non-nullable type. [/Users/admin/Projects/GerberTools/GerberLibrary.Core/GerberLibrary.Core.csproj]
/Users/admin/Projects/GerberTools/GerberLibrary.Core/Core/ExcellonFile.cs(330,21): warning CS8604: Possible null reference argument for parameter 'a' in 'bool PointD.operator ==(PointD a, PointD b)'. [/Users/admin/Projects/GerberTools/GerberLibrary.Core/GerberLibrary.Core.csproj]
/Users/admin/Projects/GerberTools/GerberLibrary.Core/Core/ExcellonFile.cs(370,37): warning CS8625: Cannot convert null literal to non-nullable reference type. [/Users/admin/Projects/GerberTools/GerberLibrary.Core/GerberLibrary.Core.csproj]
/Users/admin/Projects/GerberTools/GerberLibrary.Core/EagleThings/LibraryLoader.cs(1717,31): warning CS8618: Non-nullable field 'name' must contain a non-null value when exiting constructor. Consider adding the 'required' modifier or declaring the field as nullable. [/Users/admin/Projects/GerberTools/GerberLibrary.Core/GerberLibrary.Core.csproj]
/Users/admin/Projects/GerberTools/GerberLibrary.Core/EagleThings/LibraryLoader.cs(1718,37): warning CS8618: Non-nullable field 'signal' must contain a non-null value when exiting constructor. Consider adding the 'required' modifier or declaring the field as nullable. [/Users/admin/Projects/GerberTools/GerberLibrary.Core/GerberLibrary.Core.csproj]
/Users/admin/Projects/GerberTools/GerberLibrary.Core/Core/Gerber.cs(103,59): warning CS8603: Possible null reference return. [/Users/admin/Projects/GerberTools/GerberLibrary.Core/GerberLibrary.Core.csproj]
/Users/admin/Projects/GerberTools/GerberLibrary.Core/Core/Gerber.cs(119,20): warning CS8603: Possible null reference return. [/Users/admin/Projects/GerberTools/GerberLibrary.Core/GerberLibrary.Core.csproj]
/Users/admin/Projects/GerberTools/GerberLibrary.Core/Core/SickOfBeige.cs(400,48): warning CS8604: Possible null reference argument for parameter 'Logger' in 'void GerberSet.AddFileToSet(string aname, ProgressLog Logger, double drillscaler = 1)'. [/Users/admin/Projects/GerberTools/GerberLibrary.Core/GerberLibrary.Core.csproj]
/Users/admin/Projects/GerberTools/GerberLibrary.Core/Core/Gerber.cs(126,58): warning CS8603: Possible null reference return. [/Users/admin/Projects/GerberTools/GerberLibrary.Core/GerberLibrary.Core.csproj]
/Users/admin/Projects/GerberTools/GerberLibrary.Core/Core/Gerber.cs(135,20): warning CS8603: Possible null reference return. [/Users/admin/Projects/GerberTools/GerberLibrary.Core/GerberLibrary.Core.csproj]
/Users/admin/Projects/GerberTools/GerberLibrary.Core/EagleThings/LibraryLoader.cs(1353,25): warning CS8600: Converting null literal or possible null value to non-nullable type. [/Users/admin/Projects/GerberTools/GerberLibrary.Core/GerberLibrary.Core.csproj]
/Users/admin/Projects/GerberTools/GerberLibrary.Core/EagleThings/LibraryLoader.cs(1357,21): warning CS8602: Dereference of a possibly null reference. [/Users/admin/Projects/GerberTools/GerberLibrary.Core/GerberLibrary.Core.csproj]
/Users/admin/Projects/GerberTools/GerberLibrary.Core/Artwork Related/GerberArtWriter.cs(1025,31): warning CS8618: Non-nullable field 'Start' must contain a non-null value when exiting constructor. Consider adding the 'required' modifier or declaring the field as nullable. [/Users/admin/Projects/GerberTools/GerberLibrary.Core/GerberLibrary.Core.csproj]
/Users/admin/Projects/GerberTools/GerberLibrary.Core/Core/SickOfBeige.cs(432,36): warning CS8600: Converting null literal or possible null value to non-nullable type. [/Users/admin/Projects/GerberTools/GerberLibrary.Core/GerberLibrary.Core.csproj]
/Users/admin/Projects/GerberTools/GerberLibrary.Core/Core/SickOfBeige.cs(433,32): warning CS8600: Converting null literal or possible null value to non-nullable type. [/Users/admin/Projects/GerberTools/GerberLibrary.Core/GerberLibrary.Core.csproj]
/Users/admin/Projects/GerberTools/GerberLibrary.Core/Core/SickOfBeige.cs(454,101): warning CS8602: Dereference of a possibly null reference. [/Users/admin/Projects/GerberTools/GerberLibrary.Core/GerberLibrary.Core.csproj]
/Users/admin/Projects/GerberTools/GerberLibrary.Core/Core/SickOfBeige.cs(457,46): warning CS8604: Possible null reference argument for parameter 'item' in 'bool List<PolyLine>.Remove(PolyLine item)'. [/Users/admin/Projects/GerberTools/GerberLibrary.Core/GerberLibrary.Core.csproj]
/Users/admin/Projects/GerberTools/GerberLibrary.Core/Core/SickOfBeige.cs(467,13): warning CS8602: Dereference of a possibly null reference. [/Users/admin/Projects/GerberTools/GerberLibrary.Core/GerberLibrary.Core.csproj]
/Users/admin/Projects/GerberTools/GerberLibrary.Core/Core/SickOfBeige.cs(480,36): warning CS8600: Converting null literal or possible null value to non-nullable type. [/Users/admin/Projects/GerberTools/GerberLibrary.Core/GerberLibrary.Core.csproj]
/Users/admin/Projects/GerberTools/GerberLibrary.Core/Core/SickOfBeige.cs(481,32): warning CS8600: Converting null literal or possible null value to non-nullable type. [/Users/admin/Projects/GerberTools/GerberLibrary.Core/GerberLibrary.Core.csproj]
/Users/admin/Projects/GerberTools/GerberLibrary.Core/EagleThings/LibraryLoader.cs(1428,24): warning CS8603: Possible null reference return. [/Users/admin/Projects/GerberTools/GerberLibrary.Core/GerberLibrary.Core.csproj]
/Users/admin/Projects/GerberTools/GerberLibrary.Core/EagleThings/LibraryLoader.cs(1443,24): warning CS8603: Possible null reference return. [/Users/admin/Projects/GerberTools/GerberLibrary.Core/GerberLibrary.Core.csproj]
/Users/admin/Projects/GerberTools/GerberLibrary.Core/External/clipper.cs(2962,28): warning CS8600: Converting null literal or possible null value to non-nullable type. [/Users/admin/Projects/GerberTools/GerberLibrary.Core/GerberLibrary.Core.csproj]
/Users/admin/Projects/GerberTools/GerberLibrary.Core/External/clipper.cs(2963,31): warning CS8625: Cannot convert null literal to non-nullable reference type. [/Users/admin/Projects/GerberTools/GerberLibrary.Core/GerberLibrary.Core.csproj]
/Users/admin/Projects/GerberTools/GerberLibrary.Core/External/clipper.cs(2970,34): warning CS8625: Cannot convert null literal to non-nullable reference type. [/Users/admin/Projects/GerberTools/GerberLibrary.Core/GerberLibrary.Core.csproj]
/Users/admin/Projects/GerberTools/GerberLibrary.Core/External/clipper.cs(2977,30): warning CS8600: Converting null literal or possible null value to non-nullable type. [/Users/admin/Projects/GerberTools/GerberLibrary.Core/GerberLibrary.Core.csproj]
/Users/admin/Projects/GerberTools/GerberLibrary.Core/External/clipper.cs(2982,27): warning CS8600: Converting null literal or possible null value to non-nullable type. [/Users/admin/Projects/GerberTools/GerberLibrary.Core/GerberLibrary.Core.csproj]
/Users/admin/Projects/GerberTools/GerberLibrary.Core/EagleThings/LibraryLoader.cs(1325,27): warning CS8618: Non-nullable field 'Gate' must contain a non-null value when exiting constructor. Consider adding the 'required' modifier or declaring the field as nullable. [/Users/admin/Projects/GerberTools/GerberLibrary.Core/GerberLibrary.Core.csproj]
/Users/admin/Projects/GerberTools/GerberLibrary.Core/EagleThings/LibraryLoader.cs(1329,27): warning CS8618: Non-nullable field 'part' must contain a non-null value when exiting constructor. Consider adding the 'required' modifier or declaring the field as nullable. [/Users/admin/Projects/GerberTools/GerberLibrary.Core/GerberLibrary.Core.csproj]
/Users/admin/Projects/GerberTools/GerberLibrary.Core/Artwork Related/GerberArtWriter.cs(1663,34): warning CS8625: Cannot convert null literal to non-nullable reference type. [/Users/admin/Projects/GerberTools/GerberLibrary.Core/GerberLibrary.Core.csproj]
/Users/admin/Projects/GerberTools/GerberLibrary.Core/EagleThings/LibraryLoader.cs(1310,27): warning CS8618: Non-nullable field 'Name' must contain a non-null value when exiting constructor. Consider adding the 'required' modifier or declaring the field as nullable. [/Users/admin/Projects/GerberTools/GerberLibrary.Core/GerberLibrary.Core.csproj]
/Users/admin/Projects/GerberTools/GerberLibrary.Core/EagleThings/LibraryLoader.cs(1303,27): warning CS8618: Non-nullable field 'DeviceName' must contain a non-null value when exiting constructor. Consider adding the 'required' modifier or declaring the field as nullable. [/Users/admin/Projects/GerberTools/GerberLibrary.Core/GerberLibrary.Core.csproj]
/Users/admin/Projects/GerberTools/GerberLibrary.Core/EagleThings/LibraryLoader.cs(1304,27): warning CS8618: Non-nullable field 'PadName' must contain a non-null value when exiting constructor. Consider adding the 'required' modifier or declaring the field as nullable. [/Users/admin/Projects/GerberTools/GerberLibrary.Core/GerberLibrary.Core.csproj]
/Users/admin/Projects/GerberTools/GerberLibrary.Core/EagleThings/LibraryLoader.cs(1305,50): warning CS8618: Non-nullable field 'DevicePlacement' must contain a non-null value when exiting constructor. Consider adding the 'required' modifier or declaring the field as nullable. [/Users/admin/Projects/GerberTools/GerberLibrary.Core/GerberLibrary.Core.csproj]
/Users/admin/Projects/GerberTools/GerberLibrary.Core/EagleThings/LibraryLoader.cs(1295,27): warning CS8618: Non-nullable field 'PartName' must contain a non-null value when exiting constructor. Consider adding the 'required' modifier or declaring the field as nullable. [/Users/admin/Projects/GerberTools/GerberLibrary.Core/GerberLibrary.Core.csproj]
/Users/admin/Projects/GerberTools/GerberLibrary.Core/EagleThings/LibraryLoader.cs(1296,27): warning CS8618: Non-nullable field 'GateName' must contain a non-null value when exiting constructor. Consider adding the 'required' modifier or declaring the field as nullable. [/Users/admin/Projects/GerberTools/GerberLibrary.Core/GerberLibrary.Core.csproj]
/Users/admin/Projects/GerberTools/GerberLibrary.Core/EagleThings/LibraryLoader.cs(1297,27): warning CS8618: Non-nullable field 'PinName' must contain a non-null value when exiting constructor. Consider adding the 'required' modifier or declaring the field as nullable. [/Users/admin/Projects/GerberTools/GerberLibrary.Core/GerberLibrary.Core.csproj]
/Users/admin/Projects/GerberTools/GerberLibrary.Core/EagleThings/LibraryLoader.cs(1298,32): warning CS8618: Non-nullable field 'ThePin' must contain a non-null value when exiting constructor. Consider adding the 'required' modifier or declaring the field as nullable. [/Users/admin/Projects/GerberTools/GerberLibrary.Core/GerberLibrary.Core.csproj]
/Users/admin/Projects/GerberTools/GerberLibrary.Core/External/clipper.cs(2997,18): warning CS8625: Cannot convert null literal to non-nullable reference type. [/Users/admin/Projects/GerberTools/GerberLibrary.Core/GerberLibrary.Core.csproj]
/Users/admin/Projects/GerberTools/GerberLibrary.Core/External/clipper.cs(2997,29): warning CS8625: Cannot convert null literal to non-nullable reference type. [/Users/admin/Projects/GerberTools/GerberLibrary.Core/GerberLibrary.Core.csproj]
/Users/admin/Projects/GerberTools/GerberLibrary.Core/EagleThings/LibraryLoader.cs(1289,24): warning CS8603: Possible null reference return. [/Users/admin/Projects/GerberTools/GerberLibrary.Core/GerberLibrary.Core.csproj]
/Users/admin/Projects/GerberTools/GerberLibrary.Core/Core/GerberMerger.cs(70,17): warning CS0162: Unreachable code detected [/Users/admin/Projects/GerberTools/GerberLibrary.Core/GerberLibrary.Core.csproj]
/Users/admin/Projects/GerberTools/GerberLibrary.Core/EagleThings/LibraryLoader.cs(1244,27): warning CS8618: Non-nullable field 'Name' must contain a non-null value when exiting constructor. Consider adding the 'required' modifier or declaring the field as nullable. [/Users/admin/Projects/GerberTools/GerberLibrary.Core/GerberLibrary.Core.csproj]
/Users/admin/Projects/GerberTools/GerberLibrary.Core/EagleThings/LibraryLoader.cs(1245,24): warning CS8618: Non-nullable field 'ThePin' must contain a non-null value when exiting constructor. Consider adding the 'required' modifier or declaring the field as nullable. [/Users/admin/Projects/GerberTools/GerberLibrary.Core/GerberLibrary.Core.csproj]
/Users/admin/Projects/GerberTools/GerberLibrary.Core/EagleThings/LibraryLoader.cs(1234,27): warning CS8618: Non-nullable field 'Name' must contain a non-null value when exiting constructor. Consider adding the 'required' modifier or declaring the field as nullable. [/Users/admin/Projects/GerberTools/GerberLibrary.Core/GerberLibrary.Core.csproj]
/Users/admin/Projects/GerberTools/GerberLibrary.Core/EagleThings/LibraryLoader.cs(1224,27): warning CS8618: Non-nullable field 'Name' must contain a non-null value when exiting constructor. Consider adding the 'required' modifier or declaring the field as nullable. [/Users/admin/Projects/GerberTools/GerberLibrary.Core/GerberLibrary.Core.csproj]
/Users/admin/Projects/GerberTools/GerberLibrary.Core/EagleThings/LibraryLoader.cs(1209,27): warning CS8618: Non-nullable field 'Name' must contain a non-null value when exiting constructor. Consider adding the 'required' modifier or declaring the field as nullable. [/Users/admin/Projects/GerberTools/GerberLibrary.Core/GerberLibrary.Core.csproj]
/Users/admin/Projects/GerberTools/GerberLibrary.Core/EagleThings/LibraryLoader.cs(1213,44): warning CS8618: Non-nullable field 'SMDs' must contain a non-null value when exiting constructor. Consider adding the 'required' modifier or declaring the field as nullable. [/Users/admin/Projects/GerberTools/GerberLibrary.Core/GerberLibrary.Core.csproj]
/Users/admin/Projects/GerberTools/GerberLibrary.Core/EagleThings/LibraryLoader.cs(1214,44): warning CS8618: Non-nullable field 'Pins' must contain a non-null value when exiting constructor. Consider adding the 'required' modifier or declaring the field as nullable. [/Users/admin/Projects/GerberTools/GerberLibrary.Core/GerberLibrary.Core.csproj]
/Users/admin/Projects/GerberTools/GerberLibrary.Core/EagleThings/LibraryLoader.cs(1215,45): warning CS8618: Non-nullable field 'Decals' must contain a non-null value when exiting constructor. Consider adding the 'required' modifier or declaring the field as nullable. [/Users/admin/Projects/GerberTools/GerberLibrary.Core/GerberLibrary.Core.csproj]
/Users/admin/Projects/GerberTools/GerberLibrary.Core/EagleThings/LibraryLoader.cs(1218,27): warning CS8618: Non-nullable field 'PackageName' must contain a non-null value when exiting constructor. Consider adding the 'required' modifier or declaring the field as nullable. [/Users/admin/Projects/GerberTools/GerberLibrary.Core/GerberLibrary.Core.csproj]
/Users/admin/Projects/GerberTools/GerberLibrary.Core/EagleThings/LibraryLoader.cs(1219,30): warning CS8618: Non-nullable field 'Parent' must contain a non-null value when exiting constructor. Consider adding the 'required' modifier or declaring the field as nullable. [/Users/admin/Projects/GerberTools/GerberLibrary.Core/GerberLibrary.Core.csproj]
/Users/admin/Projects/GerberTools/GerberLibrary.Core/EagleThings/LibraryLoader.cs(1187,27): warning CS8618: Non-nullable field 'GateName' must contain a non-null value when exiting constructor. Consider adding the 'required' modifier or declaring the field as nullable. [/Users/admin/Projects/GerberTools/GerberLibrary.Core/GerberLibrary.Core.csproj]
/Users/admin/Projects/GerberTools/GerberLibrary.Core/EagleThings/LibraryLoader.cs(1188,27): warning CS8618: Non-nullable field 'Pad' must contain a non-null value when exiting constructor. Consider adding the 'required' modifier or declaring the field as nullable. [/Users/admin/Projects/GerberTools/GerberLibrary.Core/GerberLibrary.Core.csproj]
/Users/admin/Projects/GerberTools/GerberLibrary.Core/EagleThings/LibraryLoader.cs(1189,27): warning CS8618: Non-nullable field 'Pin' must contain a non-null value when exiting constructor. Consider adding the 'required' modifier or declaring the field as nullable. [/Users/admin/Projects/GerberTools/GerberLibrary.Core/GerberLibrary.Core.csproj]
/Users/admin/Projects/GerberTools/GerberLibrary.Core/External/clipper.cs(3145,36): warning CS8625: Cannot convert null literal to non-nullable reference type. [/Users/admin/Projects/GerberTools/GerberLibrary.Core/GerberLibrary.Core.csproj]
/Users/admin/Projects/GerberTools/GerberLibrary.Core/External/clipper.cs(3208,31): warning CS8625: Cannot convert null literal to non-nullable reference type. [/Users/admin/Projects/GerberTools/GerberLibrary.Core/GerberLibrary.Core.csproj]
/Users/admin/Projects/GerberTools/GerberLibrary.Core/External/clipper.cs(3209,36): warning CS8625: Cannot convert null literal to non-nullable reference type. [/Users/admin/Projects/GerberTools/GerberLibrary.Core/GerberLibrary.Core.csproj]
/Users/admin/Projects/GerberTools/GerberLibrary.Core/EagleThings/LibraryLoader.cs(1168,27): warning CS8618: Non-nullable field 'Name' must contain a non-null value when exiting constructor. Consider adding the 'required' modifier or declaring the field as nullable. [/Users/admin/Projects/GerberTools/GerberLibrary.Core/GerberLibrary.Core.csproj]
/Users/admin/Projects/GerberTools/GerberLibrary.Core/EagleThings/LibraryLoader.cs(1160,39): warning CS8625: Cannot convert null literal to non-nullable reference type. [/Users/admin/Projects/GerberTools/GerberLibrary.Core/GerberLibrary.Core.csproj]
/Users/admin/Projects/GerberTools/GerberLibrary.Core/EagleThings/LibraryLoader.cs(1161,27): warning CS8618: Non-nullable field 'Name' must contain a non-null value when exiting constructor. Consider adding the 'required' modifier or declaring the field as nullable. [/Users/admin/Projects/GerberTools/GerberLibrary.Core/GerberLibrary.Core.csproj]
/Users/admin/Projects/GerberTools/GerberLibrary.Core/EagleThings/LibraryLoader.cs(1162,27): warning CS8618: Non-nullable field 'SymbolName' must contain a non-null value when exiting constructor. Consider adding the 'required' modifier or declaring the field as nullable. [/Users/admin/Projects/GerberTools/GerberLibrary.Core/GerberLibrary.Core.csproj]
/Users/admin/Projects/GerberTools/GerberLibrary.Core/Artwork Related/GerberArtWriter.cs(1205,57): warning CS8602: Dereference of a possibly null reference. [/Users/admin/Projects/GerberTools/GerberLibrary.Core/GerberLibrary.Core.csproj]
/Users/admin/Projects/GerberTools/GerberLibrary.Core/Artwork Related/GerberArtWriter.cs(1111,26): warning CS8618: Non-nullable field 'DistanceField' must contain a non-null value when exiting constructor. Consider adding the 'required' modifier or declaring the field as nullable. [/Users/admin/Projects/GerberTools/GerberLibrary.Core/GerberLibrary.Core.csproj]
/Users/admin/Projects/GerberTools/GerberLibrary.Core/Artwork Related/GerberArtWriter.cs(1112,26): warning CS8618: Non-nullable field 'AngleField' must contain a non-null value when exiting constructor. Consider adding the 'required' modifier or declaring the field as nullable. [/Users/admin/Projects/GerberTools/GerberLibrary.Core/GerberLibrary.Core.csproj]
/Users/admin/Projects/GerberTools/GerberLibrary.Core/Core/ExcellonFile.cs(402,40): warning CS8600: Converting null literal or possible null value to non-nullable type. [/Users/admin/Projects/GerberTools/GerberLibrary.Core/GerberLibrary.Core.csproj]
/Users/admin/Projects/GerberTools/GerberLibrary.Core/Core/ExcellonFile.cs(586,55): warning CS8600: Converting null literal or possible null value to non-nullable type. [/Users/admin/Projects/GerberTools/GerberLibrary.Core/GerberLibrary.Core.csproj]
/Users/admin/Projects/GerberTools/GerberLibrary.Core/Core/ExcellonFile.cs(613,45): warning CS8602: Dereference of a possibly null reference. [/Users/admin/Projects/GerberTools/GerberLibrary.Core/GerberLibrary.Core.csproj]
/Users/admin/Projects/GerberTools/GerberLibrary.Core/Core/ExcellonFile.cs(646,49): warning CS8602: Dereference of a possibly null reference. [/Users/admin/Projects/GerberTools/GerberLibrary.Core/GerberLibrary.Core.csproj]
/Users/admin/Projects/GerberTools/GerberLibrary.Core/Core/ExcellonFile.cs(655,104): warning CS8602: Dereference of a possibly null reference. [/Users/admin/Projects/GerberTools/GerberLibrary.Core/GerberLibrary.Core.csproj]
/Users/admin/Projects/GerberTools/GerberLibrary.Core/Core/ExcellonFile.cs(665,77): warning CS8625: Cannot convert null literal to non-nullable reference type. [/Users/admin/Projects/GerberTools/GerberLibrary.Core/GerberLibrary.Core.csproj]
/Users/admin/Projects/GerberTools/GerberLibrary.Core/Core/ExcellonFile.cs(737,53): warning CS8602: Dereference of a possibly null reference. [/Users/admin/Projects/GerberTools/GerberLibrary.Core/GerberLibrary.Core.csproj]
/Users/admin/Projects/GerberTools/GerberLibrary.Core/Core/ExcellonFile.cs(749,53): warning CS8602: Dereference of a possibly null reference. [/Users/admin/Projects/GerberTools/GerberLibrary.Core/GerberLibrary.Core.csproj]
/Users/admin/Projects/GerberTools/GerberLibrary.Core/Core/GerberPanel.cs(90,31): warning CS8625: Cannot convert null literal to non-nullable reference type. [/Users/admin/Projects/GerberTools/GerberLibrary.Core/GerberLibrary.Core.csproj]
/Users/admin/Projects/GerberTools/GerberLibrary.Core/Core/Primitives/PolyLine.cs(334,24): warning CS8603: Possible null reference return. [/Users/admin/Projects/GerberTools/GerberLibrary.Core/GerberLibrary.Core.csproj]
/Users/admin/Projects/GerberTools/GerberLibrary.Core/Core/Primitives/PolyLine.cs(365,26): warning CS8625: Cannot convert null literal to non-nullable reference type. [/Users/admin/Projects/GerberTools/GerberLibrary.Core/GerberLibrary.Core.csproj]
/Users/admin/Projects/GerberTools/GerberLibrary.Core/Core/Primitives/PolyLine.cs(368,23): warning CS8625: Cannot convert null literal to non-nullable reference type. [/Users/admin/Projects/GerberTools/GerberLibrary.Core/GerberLibrary.Core.csproj]
/Users/admin/Projects/GerberTools/GerberLibrary.Core/External/clipper.cs(3441,20): warning CS8618: Non-nullable field 'currentPoly' must contain a non-null value when exiting constructor. Consider adding the 'required' modifier or declaring the field as nullable. [/Users/admin/Projects/GerberTools/GerberLibrary.Core/GerberLibrary.Core.csproj]
/Users/admin/Projects/GerberTools/GerberLibrary.Core/External/clipper.cs(3441,20): warning CS8618: Non-nullable field 'm_p' must contain a non-null value when exiting constructor. Consider adding the 'required' modifier or declaring the field as nullable. [/Users/admin/Projects/GerberTools/GerberLibrary.Core/GerberLibrary.Core.csproj]
/Users/admin/Projects/GerberTools/GerberLibrary.Core/Core/GerberPanel.cs(127,32): warning CS8625: Cannot convert null literal to non-nullable reference type. [/Users/admin/Projects/GerberTools/GerberLibrary.Core/GerberLibrary.Core.csproj]
/Users/admin/Projects/GerberTools/GerberLibrary.Core/Artwork Related/GerberArtWriter.cs(287,64): warning CS8625: Cannot convert null literal to non-nullable reference type. [/Users/admin/Projects/GerberTools/GerberLibrary.Core/GerberLibrary.Core.csproj]
/Users/admin/Projects/GerberTools/GerberLibrary.Core/Core/Gerber.cs(920,31): warning CS8604: Possible null reference argument for parameter 'item' in 'void List<string>.Add(string item)'. [/Users/admin/Projects/GerberTools/GerberLibrary.Core/GerberLibrary.Core.csproj]
/Users/admin/Projects/GerberTools/GerberLibrary.Core/Core/GerberPanel.cs(2365,20): warning CS8603: Possible null reference return. [/Users/admin/Projects/GerberTools/GerberLibrary.Core/GerberLibrary.Core.csproj]
/Users/admin/Projects/GerberTools/GerberLibrary.Core/Artwork Related/GallifreyanFont.cs(228,27): warning CS8618: Non-nullable field 'Target' must contain a non-null value when exiting constructor. Consider adding the 'required' modifier or declaring the field as nullable. [/Users/admin/Projects/GerberTools/GerberLibrary.Core/GerberLibrary.Core.csproj]
/Users/admin/Projects/GerberTools/GerberLibrary.Core/EagleThings/LibraryLoader.cs(822,27): warning CS8618: Non-nullable field 'Name' must contain a non-null value when exiting constructor. Consider adding the 'required' modifier or declaring the field as nullable. [/Users/admin/Projects/GerberTools/GerberLibrary.Core/GerberLibrary.Core.csproj]
/Users/admin/Projects/GerberTools/GerberLibrary.Core/Core/GerberPanel.cs(2508,37): warning CS8600: Converting null literal or possible null value to non-nullable type. [/Users/admin/Projects/GerberTools/GerberLibrary.Core/GerberLibrary.Core.csproj]
/Users/admin/Projects/GerberTools/GerberLibrary.Core/Core/GerberPanel.cs(2552,37): warning CS8600: Converting null literal or possible null value to non-nullable type. [/Users/admin/Projects/GerberTools/GerberLibrary.Core/GerberLibrary.Core.csproj]
/Users/admin/Projects/GerberTools/GerberLibrary.Core/Core/Gerber.cs(1096,25): warning CS8600: Converting null literal or possible null value to non-nullable type. [/Users/admin/Projects/GerberTools/GerberLibrary.Core/GerberLibrary.Core.csproj]
/Users/admin/Projects/GerberTools/GerberLibrary.Core/Core/GerberPanel.cs(2237,23): warning CS8618: Non-nullable field 'GerberPath' must contain a non-null value when exiting constructor. Consider adding the 'required' modifier or declaring the field as nullable. [/Users/admin/Projects/GerberTools/GerberLibrary.Core/GerberLibrary.Core.csproj]
/Users/admin/Projects/GerberTools/GerberLibrary.Core/Core/GerberPanel.cs(2249,25): warning CS8618: Non-nullable field 'LastCenter' must contain a non-null value when exiting constructor. Consider adding the 'required' modifier or declaring the field as nullable. [/Users/admin/Projects/GerberTools/GerberLibrary.Core/GerberLibrary.Core.csproj]
/Users/admin/Projects/GerberTools/GerberLibrary.Core/Core/ImageCreator.cs(44,20): warning CS8603: Possible null reference return. [/Users/admin/Projects/GerberTools/GerberLibrary.Core/GerberLibrary.Core.csproj]
/Users/admin/Projects/GerberTools/GerberLibrary.Core/Core/Gerber.cs(1227,27): warning CS8618: Non-nullable field 'name' must contain a non-null value when exiting constructor. Consider adding the 'required' modifier or declaring the field as nullable. [/Users/admin/Projects/GerberTools/GerberLibrary.Core/GerberLibrary.Core.csproj]
/Users/admin/Projects/GerberTools/GerberLibrary.Core/Core/GerberPanel.cs(338,51): warning CS8600: Converting null literal or possible null value to non-nullable type. [/Users/admin/Projects/GerberTools/GerberLibrary.Core/GerberLibrary.Core.csproj]
/Users/admin/Projects/GerberTools/GerberLibrary.Core/Core/GerberPanel.cs(339,51): warning CS8600: Converting null literal or possible null value to non-nullable type. [/Users/admin/Projects/GerberTools/GerberLibrary.Core/GerberLibrary.Core.csproj]
/Users/admin/Projects/GerberTools/GerberLibrary.Core/Core/MacroExpressionEvaluator.cs(105,28): warning CS8603: Possible null reference return. [/Users/admin/Projects/GerberTools/GerberLibrary.Core/GerberLibrary.Core.csproj]
/Users/admin/Projects/GerberTools/GerberLibrary.Core/Core/MacroExpressionEvaluator.cs(99,27): warning CS8618: Non-nullable field 'Name' must contain a non-null value when exiting constructor. Consider adding the 'required' modifier or declaring the field as nullable. [/Users/admin/Projects/GerberTools/GerberLibrary.Core/GerberLibrary.Core.csproj]
/Users/admin/Projects/GerberTools/GerberLibrary.Core/Core/MacroExpressionEvaluator.cs(34,28): warning CS8618: Non-nullable field 'Left' must contain a non-null value when exiting constructor. Consider adding the 'required' modifier or declaring the field as nullable. [/Users/admin/Projects/GerberTools/GerberLibrary.Core/GerberLibrary.Core.csproj]
/Users/admin/Projects/GerberTools/GerberLibrary.Core/Core/MacroExpressionEvaluator.cs(35,28): warning CS8618: Non-nullable field 'Right' must contain a non-null value when exiting constructor. Consider adding the 'required' modifier or declaring the field as nullable. [/Users/admin/Projects/GerberTools/GerberLibrary.Core/GerberLibrary.Core.csproj]
/Users/admin/Projects/GerberTools/GerberLibrary.Core/Core/ImageCreator.cs(59,30): warning CS8604: Possible null reference argument for parameter 'toclip' in 'bool GerberImageCreator.IsInPolygons(ParsedGerber toclip, List<ParsedGerber> ols)'. [/Users/admin/Projects/GerberTools/GerberLibrary.Core/GerberLibrary.Core.csproj]
/Users/admin/Projects/GerberTools/GerberLibrary.Core/Core/MacroExpressionEvaluator.cs(125,43): warning CS8600: Converting null literal or possible null value to non-nullable type. [/Users/admin/Projects/GerberTools/GerberLibrary.Core/GerberLibrary.Core.csproj]
/Users/admin/Projects/GerberTools/GerberLibrary.Core/Core/MacroExpressionEvaluator.cs(126,39): warning CS8600: Converting null literal or possible null value to non-nullable type. [/Users/admin/Projects/GerberTools/GerberLibrary.Core/GerberLibrary.Core.csproj]
/Users/admin/Projects/GerberTools/GerberLibrary.Core/Core/MacroExpressionEvaluator.cs(135,48): warning CS8601: Possible null reference assignment. [/Users/admin/Projects/GerberTools/GerberLibrary.Core/GerberLibrary.Core.csproj]
/Users/admin/Projects/GerberTools/GerberLibrary.Core/Core/MacroExpressionEvaluator.cs(168,36): warning CS8603: Possible null reference return. [/Users/admin/Projects/GerberTools/GerberLibrary.Core/GerberLibrary.Core.csproj]
/Users/admin/Projects/GerberTools/GerberLibrary.Core/Core/MacroExpressionEvaluator.cs(176,20): warning CS8603: Possible null reference return. [/Users/admin/Projects/GerberTools/GerberLibrary.Core/GerberLibrary.Core.csproj]
/Users/admin/Projects/GerberTools/GerberLibrary.Core/Core/MacroExpressionEvaluator.cs(268,29): warning CS8600: Converting null literal or possible null value to non-nullable type. [/Users/admin/Projects/GerberTools/GerberLibrary.Core/GerberLibrary.Core.csproj]
/Users/admin/Projects/GerberTools/GerberLibrary.Core/Core/GerberPanel.cs(576,29): warning CS8604: Possible null reference argument for parameter 'a' in 'bool PointD.operator ==(PointD a, PointD b)'. [/Users/admin/Projects/GerberTools/GerberLibrary.Core/GerberLibrary.Core.csproj]
/Users/admin/Projects/GerberTools/GerberLibrary.Core/Core/GerberPanel.cs(576,45): warning CS8625: Cannot convert null literal to non-nullable reference type. [/Users/admin/Projects/GerberTools/GerberLibrary.Core/GerberLibrary.Core.csproj]
/Users/admin/Projects/GerberTools/GerberLibrary.Core/Core/GerberPanel.cs(577,64): warning CS8604: Possible null reference argument for parameter 'pointB' in 'double PointD.Distance(PointD pointA, PointD pointB)'. [/Users/admin/Projects/GerberTools/GerberLibrary.Core/GerberLibrary.Core.csproj]
/Users/admin/Projects/GerberTools/GerberLibrary.Core/Core/ImageCreator.cs(300,58): warning CS8604: Possible null reference argument for parameter 'Logger' in 'void GerberImageCreator.AddFileToSet(MemoryStream MS, string aname, ProgressLog Logger, double drillscaler = 1, bool forcezerowidth = false)'. [/Users/admin/Projects/GerberTools/GerberLibrary.Core/GerberLibrary.Core.csproj]
/Users/admin/Projects/GerberTools/GerberLibrary.Core/Core/ImageCreator.cs(313,46): warning CS8604: Possible null reference argument for parameter 'Logger' in 'void GerberImageCreator.AddFileToSet(MemoryStream MS, string aname, ProgressLog Logger, double drillscaler = 1, bool forcezerowidth = false)'. [/Users/admin/Projects/GerberTools/GerberLibrary.Core/GerberLibrary.Core.csproj]
/Users/admin/Projects/GerberTools/GerberLibrary.Core/Core/ImageCreator.cs(317,25): warning CS8602: Dereference of a possibly null reference. [/Users/admin/Projects/GerberTools/GerberLibrary.Core/GerberLibrary.Core.csproj]
/Users/admin/Projects/GerberTools/GerberLibrary.Core/Core/ImageCreator.cs(325,43): warning CS8604: Possible null reference argument for parameter 'Logger' in 'void GerberImageCreator.FixEagleDrillExportIssues(ProgressLog Logger)'. [/Users/admin/Projects/GerberTools/GerberLibrary.Core/GerberLibrary.Core.csproj]
/Users/admin/Projects/GerberTools/GerberLibrary.Core/Core/ImageCreator.cs(333,13): warning CS8602: Dereference of a possibly null reference. [/Users/admin/Projects/GerberTools/GerberLibrary.Core/GerberLibrary.Core.csproj]
/Users/admin/Projects/GerberTools/GerberLibrary.Core/Core/ImageCreator.cs(342,20): warning CS8603: Possible null reference return. [/Users/admin/Projects/GerberTools/GerberLibrary.Core/GerberLibrary.Core.csproj]
/Users/admin/Projects/GerberTools/GerberLibrary.Core/Core/GerberPanel.cs(629,37): warning CS8600: Converting null literal or possible null value to non-nullable type. [/Users/admin/Projects/GerberTools/GerberLibrary.Core/GerberLibrary.Core.csproj]
/Users/admin/Projects/GerberTools/GerberLibrary.Core/Core/GerberPanel.cs(630,48): warning CS8602: Dereference of a possibly null reference. [/Users/admin/Projects/GerberTools/GerberLibrary.Core/GerberLibrary.Core.csproj]
/Users/admin/Projects/GerberTools/GerberLibrary.Core/Core/PackingAlgos/RectanglePacker.cs(42,23): warning CS8618: Non-nullable field 'ReferencedObject' must contain a non-null value when exiting constructor. Consider adding the 'required' modifier or declaring the field as nullable. [/Users/admin/Projects/GerberTools/GerberLibrary.Core/GerberLibrary.Core.csproj]
/Users/admin/Projects/GerberTools/GerberLibrary.Core/Core/PackingAlgos/RectanglePacker.cs(43,38): warning CS8618: Non-nullable field 'lft' must contain a non-null value when exiting constructor. Consider adding the 'required' modifier or declaring the field as nullable. [/Users/admin/Projects/GerberTools/GerberLibrary.Core/GerberLibrary.Core.csproj]
/Users/admin/Projects/GerberTools/GerberLibrary.Core/Core/PackingAlgos/RectanglePacker.cs(44,38): warning CS8618: Non-nullable field 'rgt' must contain a non-null value when exiting constructor. Consider adding the 'required' modifier or declaring the field as nullable. [/Users/admin/Projects/GerberTools/GerberLibrary.Core/GerberLibrary.Core.csproj]
/Users/admin/Projects/GerberTools/GerberLibrary.Core/Core/MacroExpressionEvaluator.cs(344,20): warning CS8618: Non-nullable field 'CurrentSymbol' must contain a non-null value when exiting constructor. Consider adding the 'required' modifier or declaring the field as nullable. [/Users/admin/Projects/GerberTools/GerberLibrary.Core/GerberLibrary.Core.csproj]
/Users/admin/Projects/GerberTools/GerberLibrary.Core/Core/PackingAlgos/RectanglePacker.cs(84,24): warning CS8625: Cannot convert null literal to non-nullable reference type. [/Users/admin/Projects/GerberTools/GerberLibrary.Core/GerberLibrary.Core.csproj]
/Users/admin/Projects/GerberTools/GerberLibrary.Core/Core/PackingAlgos/RectanglePacker.cs(85,24): warning CS8625: Cannot convert null literal to non-nullable reference type. [/Users/admin/Projects/GerberTools/GerberLibrary.Core/GerberLibrary.Core.csproj]
/Users/admin/Projects/GerberTools/GerberLibrary.Core/Core/GerberTransposer.cs(54,35): warning CS8600: Converting null literal or possible null value to non-nullable type. [/Users/admin/Projects/GerberTools/GerberLibrary.Core/GerberLibrary.Core.csproj]
/Users/admin/Projects/GerberTools/GerberLibrary.Core/Core/GerberTransposer.cs(55,25): warning CS8602: Dereference of a possibly null reference. [/Users/admin/Projects/GerberTools/GerberLibrary.Core/GerberLibrary.Core.csproj]
/Users/admin/Projects/GerberTools/GerberLibrary.Core/Core/GerberTransposer.cs(104,22): warning CS0219: The variable 'metaopen' is assigned but its value is never used [/Users/admin/Projects/GerberTools/GerberLibrary.Core/GerberLibrary.Core.csproj]
/Users/admin/Projects/GerberTools/GerberLibrary.Core/Core/PolyLineSet.cs(35,25): warning CS8618: Non-nullable field 'Boundary' must contain a non-null value when exiting constructor. Consider adding the 'required' modifier or declaring the field as nullable. [/Users/admin/Projects/GerberTools/GerberLibrary.Core/GerberLibrary.Core.csproj]
/Users/admin/Projects/GerberTools/GerberLibrary.Core/Core/PolyLineSet.cs(64,25): warning CS8618: Non-nullable field 'ThinLine' must contain a non-null value when exiting constructor. Consider adding the 'required' modifier or declaring the field as nullable. [/Users/admin/Projects/GerberTools/GerberLibrary.Core/GerberLibrary.Core.csproj]
/Users/admin/Projects/GerberTools/GerberLibrary.Core/Core/PackingAlgos/RectanglePacker.cs(108,31): warning CS8625: Cannot convert null literal to non-nullable reference type. [/Users/admin/Projects/GerberTools/GerberLibrary.Core/GerberLibrary.Core.csproj]
/Users/admin/Projects/GerberTools/GerberLibrary.Core/Core/PackingAlgos/RectanglePacker.cs(112,24): warning CS8603: Possible null reference return. [/Users/admin/Projects/GerberTools/GerberLibrary.Core/GerberLibrary.Core.csproj]
/Users/admin/Projects/GerberTools/GerberLibrary.Core/Core/PackingAlgos/RectanglePacker.cs(117,28): warning CS8603: Possible null reference return. [/Users/admin/Projects/GerberTools/GerberLibrary.Core/GerberLibrary.Core.csproj]
/Users/admin/Projects/GerberTools/GerberLibrary.Core/Core/PackingAlgos/RectanglePacker.cs(151,27): warning CS8625: Cannot convert null literal to non-nullable reference type. [/Users/admin/Projects/GerberTools/GerberLibrary.Core/GerberLibrary.Core.csproj]
/Users/admin/Projects/GerberTools/GerberLibrary.Core/Core/PackingAlgos/RectanglePacker.cs(156,20): warning CS8603: Possible null reference return. [/Users/admin/Projects/GerberTools/GerberLibrary.Core/GerberLibrary.Core.csproj]
/Users/admin/Projects/GerberTools/GerberLibrary.Core/Deprecated/OldCNCRelated.cs(209,27): warning CS8618: Non-nullable field 'Name' must contain a non-null value when exiting constructor. Consider adding the 'required' modifier or declaring the field as nullable. [/Users/admin/Projects/GerberTools/GerberLibrary.Core/GerberLibrary.Core.csproj]
/Users/admin/Projects/GerberTools/GerberLibrary.Core/EagleThings/BoardRenderer.cs(22,35): warning CS8618: Non-nullable field 'TheShape' must contain a non-null value when exiting constructor. Consider adding the 'required' modifier or declaring the field as nullable. [/Users/admin/Projects/GerberTools/GerberLibrary.Core/GerberLibrary.Core.csproj]
/Users/admin/Projects/GerberTools/GerberLibrary.Core/EagleThings/BoardRenderer.cs(27,27): warning CS8618: Non-nullable field 'Bounds' must contain a non-null value when exiting constructor. Consider adding the 'required' modifier or declaring the field as nullable. [/Users/admin/Projects/GerberTools/GerberLibrary.Core/GerberLibrary.Core.csproj]
/Users/admin/Projects/GerberTools/GerberLibrary.Core/EagleThings/BoardRenderer.cs(30,48): warning CS8618: Non-nullable field 'Placement' must contain a non-null value when exiting constructor. Consider adding the 'required' modifier or declaring the field as nullable. [/Users/admin/Projects/GerberTools/GerberLibrary.Core/GerberLibrary.Core.csproj]
/Users/admin/Projects/GerberTools/GerberLibrary.Core/Core/GerberPanel.cs(672,31): warning CS8600: Converting null literal or possible null value to non-nullable type. [/Users/admin/Projects/GerberTools/GerberLibrary.Core/GerberLibrary.Core.csproj]
/Users/admin/Projects/GerberTools/GerberLibrary.Core/Core/GerberPanel.cs(673,21): warning CS8602: Dereference of a possibly null reference. [/Users/admin/Projects/GerberTools/GerberLibrary.Core/GerberLibrary.Core.csproj]
/Users/admin/Projects/GerberTools/GerberLibrary.Core/Core/GerberPanel.cs(676,36): warning CS8602: Dereference of a possibly null reference. [/Users/admin/Projects/GerberTools/GerberLibrary.Core/GerberLibrary.Core.csproj]
/Users/admin/Projects/GerberTools/GerberLibrary.Core/Core/GerberPanel.cs(706,37): warning CS8600: Converting null literal or possible null value to non-nullable type. [/Users/admin/Projects/GerberTools/GerberLibrary.Core/GerberLibrary.Core.csproj]
/Users/admin/Projects/GerberTools/GerberLibrary.Core/Core/GerberPanel.cs(707,48): warning CS8602: Dereference of a possibly null reference. [/Users/admin/Projects/GerberTools/GerberLibrary.Core/GerberLibrary.Core.csproj]
/Users/admin/Projects/GerberTools/GerberLibrary.Core/Core/ImageCreator.cs(362,28): warning CS8603: Possible null reference return. [/Users/admin/Projects/GerberTools/GerberLibrary.Core/GerberLibrary.Core.csproj]
/Users/admin/Projects/GerberTools/GerberLibrary.Core/Core/ImageCreator.cs(424,25): warning CS8600: Converting null literal or possible null value to non-nullable type. [/Users/admin/Projects/GerberTools/GerberLibrary.Core/GerberLibrary.Core.csproj]
/Users/admin/Projects/GerberTools/GerberLibrary.Core/Core/ImageCreator.cs(428,20): warning CS8603: Possible null reference return. [/Users/admin/Projects/GerberTools/GerberLibrary.Core/GerberLibrary.Core.csproj]
/Users/admin/Projects/GerberTools/GerberLibrary.Core/Core/PolyLineSet.cs(196,37): warning CS8625: Cannot convert null literal to non-nullable reference type. [/Users/admin/Projects/GerberTools/GerberLibrary.Core/GerberLibrary.Core.csproj]
/Users/admin/Projects/GerberTools/GerberLibrary.Core/Deprecated/OldCNCRelated.cs(164,46): warning CS8625: Cannot convert null literal to non-nullable reference type. [/Users/admin/Projects/GerberTools/GerberLibrary.Core/GerberLibrary.Core.csproj]
/Users/admin/Projects/GerberTools/GerberLibrary.Core/Deprecated/OldCNCRelated.cs(178,44): warning CS8625: Cannot convert null literal to non-nullable reference type. [/Users/admin/Projects/GerberTools/GerberLibrary.Core/GerberLibrary.Core.csproj]
/Users/admin/Projects/GerberTools/GerberLibrary.Core/EagleThings/LibraryLoader.cs(22,27): warning CS8618: Non-nullable field 'NetName' must contain a non-null value when exiting constructor. Consider adding the 'required' modifier or declaring the field as nullable. [/Users/admin/Projects/GerberTools/GerberLibrary.Core/GerberLibrary.Core.csproj]
/Users/admin/Projects/GerberTools/GerberLibrary.Core/EagleThings/LibraryLoader.cs(31,27): warning CS8618: Non-nullable field 'Name' must contain a non-null value when exiting constructor. Consider adding the 'required' modifier or declaring the field as nullable. [/Users/admin/Projects/GerberTools/GerberLibrary.Core/GerberLibrary.Core.csproj]
/Users/admin/Projects/GerberTools/GerberLibrary.Core/EagleThings/LibraryLoader.cs(199,30): warning CS8618: Non-nullable field 'Layer' must contain a non-null value when exiting constructor. Consider adding the 'required' modifier or declaring the field as nullable. [/Users/admin/Projects/GerberTools/GerberLibrary.Core/GerberLibrary.Core.csproj]
/Users/admin/Projects/GerberTools/GerberLibrary.Core/EagleThings/LibraryLoader.cs(202,33): warning CS8618: Non-nullable field 'Net' must contain a non-null value when exiting constructor. Consider adding the 'required' modifier or declaring the field as nullable. [/Users/admin/Projects/GerberTools/GerberLibrary.Core/GerberLibrary.Core.csproj]
/Users/admin/Projects/GerberTools/GerberLibrary.Core/EagleThings/LibraryLoader.cs(79,27): warning CS8618: Non-nullable field 'Name' must contain a non-null value when exiting constructor. Consider adding the 'required' modifier or declaring the field as nullable. [/Users/admin/Projects/GerberTools/GerberLibrary.Core/GerberLibrary.Core.csproj]
/Users/admin/Projects/GerberTools/GerberLibrary.Core/EagleThings/LibraryLoader.cs(89,27): warning CS8618: Non-nullable field 'Name' must contain a non-null value when exiting constructor. Consider adding the 'required' modifier or declaring the field as nullable. [/Users/admin/Projects/GerberTools/GerberLibrary.Core/GerberLibrary.Core.csproj]
/Users/admin/Projects/GerberTools/GerberLibrary.Core/EagleThings/LibraryLoader.cs(95,27): warning CS8618: Non-nullable field 'Text' must contain a non-null value when exiting constructor. Consider adding the 'required' modifier or declaring the field as nullable. [/Users/admin/Projects/GerberTools/GerberLibrary.Core/GerberLibrary.Core.csproj]
/Users/admin/Projects/GerberTools/GerberLibrary.Core/EagleThings/LibraryLoader.cs(115,27): warning CS8618: Non-nullable field 'Name' must contain a non-null value when exiting constructor. Consider adding the 'required' modifier or declaring the field as nullable. [/Users/admin/Projects/GerberTools/GerberLibrary.Core/GerberLibrary.Core.csproj]
/Users/admin/Projects/GerberTools/GerberLibrary.Core/Core/GerberPanel.cs(917,56): warning CS8625: Cannot convert null literal to non-nullable reference type. [/Users/admin/Projects/GerberTools/GerberLibrary.Core/GerberLibrary.Core.csproj]
/Users/admin/Projects/GerberTools/GerberLibrary.Core/Core/BillOfMaterials.cs(38,41): warning CS8600: Converting null literal or possible null value to non-nullable type. [/Users/admin/Projects/GerberTools/GerberLibrary.Core/GerberLibrary.Core.csproj]
/Users/admin/Projects/GerberTools/GerberLibrary.Core/Core/BillOfMaterials.cs(45,40): warning CS8600: Converting null literal or possible null value to non-nullable type. [/Users/admin/Projects/GerberTools/GerberLibrary.Core/GerberLibrary.Core.csproj]
/Users/admin/Projects/GerberTools/GerberLibrary.Core/Core/BillOfMaterials.cs(46,24): warning CS8603: Possible null reference return. [/Users/admin/Projects/GerberTools/GerberLibrary.Core/GerberLibrary.Core.csproj]
/Users/admin/Projects/GerberTools/GerberLibrary.Core/Core/BillOfMaterials.cs(51,24): warning CS8603: Possible null reference return. [/Users/admin/Projects/GerberTools/GerberLibrary.Core/GerberLibrary.Core.csproj]
/Users/admin/Projects/GerberTools/GerberLibrary.Core/Core/BillOfMaterials.cs(61,20): warning CS8603: Possible null reference return. [/Users/admin/Projects/GerberTools/GerberLibrary.Core/GerberLibrary.Core.csproj]
/Users/admin/Projects/GerberTools/GerberLibrary.Core/Core/BillOfMaterials.cs(77,23): warning CS8618: Non-nullable field 'name' must contain a non-null value when exiting constructor. Consider adding the 'required' modifier or declaring the field as nullable. [/Users/admin/Projects/GerberTools/GerberLibrary.Core/GerberLibrary.Core.csproj]
/Users/admin/Projects/GerberTools/GerberLibrary.Core/Core/BillOfMaterials.cs(78,23): warning CS8618: Non-nullable field 'MFGPartname' must contain a non-null value when exiting constructor. Consider adding the 'required' modifier or declaring the field as nullable. [/Users/admin/Projects/GerberTools/GerberLibrary.Core/GerberLibrary.Core.csproj]
/Users/admin/Projects/GerberTools/GerberLibrary.Core/Core/BillOfMaterials.cs(79,23): warning CS8618: Non-nullable field 'MFG' must contain a non-null value when exiting constructor. Consider adding the 'required' modifier or declaring the field as nullable. [/Users/admin/Projects/GerberTools/GerberLibrary.Core/GerberLibrary.Core.csproj]
/Users/admin/Projects/GerberTools/GerberLibrary.Core/Core/BillOfMaterials.cs(80,23): warning CS8618: Non-nullable field 'value' must contain a non-null value when exiting constructor. Consider adding the 'required' modifier or declaring the field as nullable. [/Users/admin/Projects/GerberTools/GerberLibrary.Core/GerberLibrary.Core.csproj]
/Users/admin/Projects/GerberTools/GerberLibrary.Core/Core/BillOfMaterials.cs(82,23): warning CS8618: Non-nullable field 'Stock' must contain a non-null value when exiting constructor. Consider adding the 'required' modifier or declaring the field as nullable. [/Users/admin/Projects/GerberTools/GerberLibrary.Core/GerberLibrary.Core.csproj]
/Users/admin/Projects/GerberTools/GerberLibrary.Core/Core/BillOfMaterials.cs(83,23): warning CS8618: Non-nullable field 'Notes' must contain a non-null value when exiting constructor. Consider adding the 'required' modifier or declaring the field as nullable. [/Users/admin/Projects/GerberTools/GerberLibrary.Core/GerberLibrary.Core.csproj]
/Users/admin/Projects/GerberTools/GerberLibrary.Core/Core/ImageCreator.cs(513,33): warning CS8625: Cannot convert null literal to non-nullable reference type. [/Users/admin/Projects/GerberTools/GerberLibrary.Core/GerberLibrary.Core.csproj]
/Users/admin/Projects/GerberTools/GerberLibrary.Core/Core/BillOfMaterials.cs(192,23): warning CS8618: Non-nullable field 'Name' must contain a non-null value when exiting constructor. Consider adding the 'required' modifier or declaring the field as nullable. [/Users/admin/Projects/GerberTools/GerberLibrary.Core/GerberLibrary.Core.csproj]
/Users/admin/Projects/GerberTools/GerberLibrary.Core/Core/BillOfMaterials.cs(193,23): warning CS8618: Non-nullable field 'Desc' must contain a non-null value when exiting constructor. Consider adding the 'required' modifier or declaring the field as nullable. [/Users/admin/Projects/GerberTools/GerberLibrary.Core/GerberLibrary.Core.csproj]
/Users/admin/Projects/GerberTools/GerberLibrary.Core/Core/BillOfMaterials.cs(194,23): warning CS8618: Non-nullable field 'Value' must contain a non-null value when exiting constructor. Consider adding the 'required' modifier or declaring the field as nullable. [/Users/admin/Projects/GerberTools/GerberLibrary.Core/GerberLibrary.Core.csproj]
/Users/admin/Projects/GerberTools/GerberLibrary.Core/Core/BillOfMaterials.cs(195,23): warning CS8618: Non-nullable field 'Notes' must contain a non-null value when exiting constructor. Consider adding the 'required' modifier or declaring the field as nullable. [/Users/admin/Projects/GerberTools/GerberLibrary.Core/GerberLibrary.Core.csproj]
/Users/admin/Projects/GerberTools/GerberLibrary.Core/Core/BillOfMaterials.cs(196,23): warning CS8618: Non-nullable field 'PackageName' must contain a non-null value when exiting constructor. Consider adding the 'required' modifier or declaring the field as nullable. [/Users/admin/Projects/GerberTools/GerberLibrary.Core/GerberLibrary.Core.csproj]
/Users/admin/Projects/GerberTools/GerberLibrary.Core/Core/BillOfMaterials.cs(197,23): warning CS8618: Non-nullable field 'MfgPartNumber' must contain a non-null value when exiting constructor. Consider adding the 'required' modifier or declaring the field as nullable. [/Users/admin/Projects/GerberTools/GerberLibrary.Core/GerberLibrary.Core.csproj]
/Users/admin/Projects/GerberTools/GerberLibrary.Core/Core/BillOfMaterials.cs(198,23): warning CS8618: Non-nullable field 'Mfg' must contain a non-null value when exiting constructor. Consider adding the 'required' modifier or declaring the field as nullable. [/Users/admin/Projects/GerberTools/GerberLibrary.Core/GerberLibrary.Core.csproj]
/Users/admin/Projects/GerberTools/GerberLibrary.Core/Core/BillOfMaterials.cs(199,23): warning CS8618: Non-nullable field 'CombinedName' must contain a non-null value when exiting constructor. Consider adding the 'required' modifier or declaring the field as nullable. [/Users/admin/Projects/GerberTools/GerberLibrary.Core/GerberLibrary.Core.csproj]
/Users/admin/Projects/GerberTools/GerberLibrary.Core/Core/BillOfMaterials.cs(203,27): warning CS8618: Non-nullable field 'NameOnBoard' must contain a non-null value when exiting constructor. Consider adding the 'required' modifier or declaring the field as nullable. [/Users/admin/Projects/GerberTools/GerberLibrary.Core/GerberLibrary.Core.csproj]
/Users/admin/Projects/GerberTools/GerberLibrary.Core/Core/BillOfMaterials.cs(204,27): warning CS8618: Non-nullable field 'SourceBoard' must contain a non-null value when exiting constructor. Consider adding the 'required' modifier or declaring the field as nullable. [/Users/admin/Projects/GerberTools/GerberLibrary.Core/GerberLibrary.Core.csproj]
/Users/admin/Projects/GerberTools/GerberLibrary.Core/Core/BillOfMaterials.cs(205,27): warning CS8618: Non-nullable field 'OriginalName' must contain a non-null value when exiting constructor. Consider adding the 'required' modifier or declaring the field as nullable. [/Users/admin/Projects/GerberTools/GerberLibrary.Core/GerberLibrary.Core.csproj]
/Users/admin/Projects/GerberTools/GerberLibrary.Core/EagleThings/LibraryLoader.cs(132,27): warning CS8618: Non-nullable field 'name' must contain a non-null value when exiting constructor. Consider adding the 'required' modifier or declaring the field as nullable. [/Users/admin/Projects/GerberTools/GerberLibrary.Core/GerberLibrary.Core.csproj]
/Users/admin/Projects/GerberTools/GerberLibrary.Core/EagleThings/BoardRenderer.cs(282,21): warning CS0162: Unreachable code detected [/Users/admin/Projects/GerberTools/GerberLibrary.Core/GerberLibrary.Core.csproj]
/Users/admin/Projects/GerberTools/GerberLibrary.Core/Core/GraphicsInterface.cs(63,31): warning CS8618: Non-nullable property 'InterpolationMode' must contain a non-null value when exiting constructor. Consider adding the 'required' modifier or declaring the property as nullable. [/Users/admin/Projects/GerberTools/GerberLibrary.Core/GerberLibrary.Core.csproj]
/Users/admin/Projects/GerberTools/GerberLibrary.Core/Core/GraphicsInterface.cs(72,16): warning CS8618: Non-nullable property 'InterpolationMode' must contain a non-null value when exiting constructor. Consider adding the 'required' modifier or declaring the property as nullable. [/Users/admin/Projects/GerberTools/GerberLibrary.Core/GerberLibrary.Core.csproj]
/Users/admin/Projects/GerberTools/GerberLibrary.Core/Core/ImageCreator.cs(566,24): warning CS8603: Possible null reference return. [/Users/admin/Projects/GerberTools/GerberLibrary.Core/GerberLibrary.Core.csproj]
/Users/admin/Projects/GerberTools/GerberLibrary.Core/Core/ImageCreator.cs(590,79): warning CS8604: Possible null reference argument for parameter 'Logger' in 'string GerberImageCreator.DrawToFile(string basefilename, BoardSide CurrentLayer, double dpi = 400, bool showimage = true, ProgressLog Logger = null)'. [/Users/admin/Projects/GerberTools/GerberLibrary.Core/GerberLibrary.Core.csproj]
/Users/admin/Projects/GerberTools/GerberLibrary.Core/Core/ImageCreator.cs(592,82): warning CS8604: Possible null reference argument for parameter 'Logger' in 'string GerberImageCreator.DrawToFile(string basefilename, BoardSide CurrentLayer, double dpi = 400, bool showimage = true, ProgressLog Logger = null)'. [/Users/admin/Projects/GerberTools/GerberLibrary.Core/GerberLibrary.Core.csproj]
/Users/admin/Projects/GerberTools/GerberLibrary.Core/Core/ImageCreator.cs(599,74): warning CS8604: Possible null reference argument for parameter 'Logger' in 'void GerberImageCreator.DrawXRayToFile(string basefilename, double dpi = 400, bool showimage = true, bool bottomside = false, ProgressLog Logger = null)'. [/Users/admin/Projects/GerberTools/GerberLibrary.Core/GerberLibrary.Core.csproj]
/Users/admin/Projects/GerberTools/GerberLibrary.Core/Core/BillOfMaterials.cs(490,25): warning CS8618: Non-nullable property 'Result' must contain a non-null value when exiting constructor. Consider adding the 'required' modifier or declaring the property as nullable. [/Users/admin/Projects/GerberTools/GerberLibrary.Core/GerberLibrary.Core.csproj]
/Users/admin/Projects/GerberTools/GerberLibrary.Core/EagleThings/BoardRenderer.cs(409,52): warning CS8600: Converting null literal or possible null value to non-nullable type. [/Users/admin/Projects/GerberTools/GerberLibrary.Core/GerberLibrary.Core.csproj]
/Users/admin/Projects/GerberTools/GerberLibrary.Core/Core/PolyLineSet.cs(530,40): warning CS8600: Converting null literal or possible null value to non-nullable type. [/Users/admin/Projects/GerberTools/GerberLibrary.Core/GerberLibrary.Core.csproj]
/Users/admin/Projects/GerberTools/GerberLibrary.Core/Core/PolyLineSet.cs(531,41): warning CS8600: Converting null literal or possible null value to non-nullable type. [/Users/admin/Projects/GerberTools/GerberLibrary.Core/GerberLibrary.Core.csproj]
/Users/admin/Projects/GerberTools/GerberLibrary.Core/Core/PolyLineSet.cs(590,44): warning CS8600: Converting null literal or possible null value to non-nullable type. [/Users/admin/Projects/GerberTools/GerberLibrary.Core/GerberLibrary.Core.csproj]
/Users/admin/Projects/GerberTools/GerberLibrary.Core/Core/PolyLineSet.cs(600,37): warning CS8602: Dereference of a possibly null reference. [/Users/admin/Projects/GerberTools/GerberLibrary.Core/GerberLibrary.Core.csproj]
/Users/admin/Projects/GerberTools/GerberLibrary.Core/Core/PolyLineSet.cs(608,45): warning CS8600: Converting null literal or possible null value to non-nullable type. [/Users/admin/Projects/GerberTools/GerberLibrary.Core/GerberLibrary.Core.csproj]
/Users/admin/Projects/GerberTools/GerberLibrary.Core/Core/PolyLineSet.cs(609,44): warning CS8600: Converting null literal or possible null value to non-nullable type. [/Users/admin/Projects/GerberTools/GerberLibrary.Core/GerberLibrary.Core.csproj]
/Users/admin/Projects/GerberTools/GerberLibrary.Core/Core/PolyLineSet.cs(680,17): warning CS8602: Dereference of a possibly null reference. [/Users/admin/Projects/GerberTools/GerberLibrary.Core/GerberLibrary.Core.csproj]
/Users/admin/Projects/GerberTools/GerberLibrary.Core/Core/PolyLineSet.cs(534,18): warning CS0219: The variable 'LastWasStar' is assigned but its value is never used [/Users/admin/Projects/GerberTools/GerberLibrary.Core/GerberLibrary.Core.csproj]
/Users/admin/Projects/GerberTools/GerberLibrary.Core/Core/PolyLineSet.cs(720,40): warning CS8600: Converting null literal or possible null value to non-nullable type. [/Users/admin/Projects/GerberTools/GerberLibrary.Core/GerberLibrary.Core.csproj]
/Users/admin/Projects/GerberTools/GerberLibrary.Core/Core/PolyLineSet.cs(735,44): warning CS8600: Converting null literal or possible null value to non-nullable type. [/Users/admin/Projects/GerberTools/GerberLibrary.Core/GerberLibrary.Core.csproj]
/Users/admin/Projects/GerberTools/GerberLibrary.Core/Core/PolyLineSet.cs(720,25): warning CS0219: The variable 'CurrentBlock' is assigned but its value is never used [/Users/admin/Projects/GerberTools/GerberLibrary.Core/GerberLibrary.Core.csproj]
/Users/admin/Projects/GerberTools/GerberLibrary.Core/Core/Primitives/PointD.cs(129,29): warning CS8600: Converting null literal or possible null value to non-nullable type. [/Users/admin/Projects/GerberTools/GerberLibrary.Core/GerberLibrary.Core.csproj]
/Users/admin/Projects/GerberTools/GerberLibrary.Core/Core/Primitives/PointD.cs(130,21): warning CS8602: Dereference of a possibly null reference. [/Users/admin/Projects/GerberTools/GerberLibrary.Core/GerberLibrary.Core.csproj]
/Users/admin/Projects/GerberTools/GerberLibrary.Core/Core/Primitives/GerberApertureMacro.cs(12,23): warning CS8618: Non-nullable field 'Name' must contain a non-null value when exiting constructor. Consider adding the 'required' modifier or declaring the field as nullable. [/Users/admin/Projects/GerberTools/GerberLibrary.Core/GerberLibrary.Core.csproj]
/Users/admin/Projects/GerberTools/GerberLibrary.Core/Core/Primitives/GerberApertureMacroPart.cs(52,20): warning CS8618: Non-nullable field 'ExpressionSource' must contain a non-null value when exiting constructor. Consider adding the 'required' modifier or declaring the field as nullable. [/Users/admin/Projects/GerberTools/GerberLibrary.Core/GerberLibrary.Core.csproj]
/Users/admin/Projects/GerberTools/GerberLibrary.Core/Core/Primitives/GerberApertureMacroPart.cs(56,20): warning CS8618: Non-nullable field 'ExpressionSource' must contain a non-null value when exiting constructor. Consider adding the 'required' modifier or declaring the field as nullable. [/Users/admin/Projects/GerberTools/GerberLibrary.Core/GerberLibrary.Core.csproj]
/Users/admin/Projects/GerberTools/GerberLibrary.Core/Core/Primitives/GCodeCommand.cs(12,23): warning CS8618: Non-nullable field 'originalline' must contain a non-null value when exiting constructor. Consider adding the 'required' modifier or declaring the field as nullable. [/Users/admin/Projects/GerberTools/GerberLibrary.Core/GerberLibrary.Core.csproj]
/Users/admin/Projects/GerberTools/GerberLibrary.Core/Core/GerberPanel.cs(1436,43): warning CS8600: Converting null literal or possible null value to non-nullable type. [/Users/admin/Projects/GerberTools/GerberLibrary.Core/GerberLibrary.Core.csproj]
/Users/admin/Projects/GerberTools/GerberLibrary.Core/Core/ParsedGerber.cs(230,17): warning CS0162: Unreachable code detected [/Users/admin/Projects/GerberTools/GerberLibrary.Core/GerberLibrary.Core.csproj]
/Users/admin/Projects/GerberTools/GerberLibrary.Core/Core/ParsedGerber.cs(347,50): warning CS8603: Possible null reference return. [/Users/admin/Projects/GerberTools/GerberLibrary.Core/GerberLibrary.Core.csproj]
/Users/admin/Projects/GerberTools/GerberLibrary.Core/Core/Primitives/GerberApertureType.cs(209,16): warning CS8618: Non-nullable field 'SourceLine' must contain a non-null value when exiting constructor. Consider adding the 'required' modifier or declaring the field as nullable. [/Users/admin/Projects/GerberTools/GerberLibrary.Core/GerberLibrary.Core.csproj]
/Users/admin/Projects/GerberTools/GerberLibrary.Core/Core/Primitives/GerberApertureType.cs(209,16): warning CS8618: Non-nullable field 'MacroName' must contain a non-null value when exiting constructor. Consider adding the 'required' modifier or declaring the field as nullable. [/Users/admin/Projects/GerberTools/GerberLibrary.Core/GerberLibrary.Core.csproj]
/Users/admin/Projects/GerberTools/GerberLibrary.Core/Core/Primitives/GerberApertureType.cs(209,16): warning CS8618: Non-nullable field 'MacroParamList' must contain a non-null value when exiting constructor. Consider adding the 'required' modifier or declaring the field as nullable. [/Users/admin/Projects/GerberTools/GerberLibrary.Core/GerberLibrary.Core.csproj]
/Users/admin/Projects/GerberTools/GerberLibrary.Core/Core/Primitives/GerberApertureType.cs(209,16): warning CS8618: Non-nullable field 'GerberLines' must contain a non-null value when exiting constructor. Consider adding the 'required' modifier or declaring the field as nullable. [/Users/admin/Projects/GerberTools/GerberLibrary.Core/GerberLibrary.Core.csproj]
/Users/admin/Projects/GerberTools/GerberLibrary.Core/Core/ImageCreator.cs(1256,20): warning CS8603: Possible null reference return. [/Users/admin/Projects/GerberTools/GerberLibrary.Core/GerberLibrary.Core.csproj]
/Users/admin/Projects/GerberTools/GerberLibrary.Core/Core/Helpers.cs(228,31): warning CS8600: Converting null literal or possible null value to non-nullable type. [/Users/admin/Projects/GerberTools/GerberLibrary.Core/GerberLibrary.Core.csproj]
/Users/admin/Projects/GerberTools/GerberLibrary.Core/Core/ParsedGerber.cs(382,21): warning CS0618: 'Polygon.AddContour(IEnumerable<Vertex>, int, bool, bool)' is obsolete: 'Use polygon.Add(contour) method instead.' [/Users/admin/Projects/GerberTools/GerberLibrary.Core/GerberLibrary.Core.csproj]
/Users/admin/Projects/GerberTools/GerberLibrary.Core/Core/ParsedGerber.cs(26,34): warning CS8618: Non-nullable field 'State' must contain a non-null value when exiting constructor. Consider adding the 'required' modifier or declaring the field as nullable. [/Users/admin/Projects/GerberTools/GerberLibrary.Core/GerberLibrary.Core.csproj]
/Users/admin/Projects/GerberTools/GerberLibrary.Core/Core/ParsedGerber.cs(204,23): warning CS8618: Non-nullable field 'Name' must contain a non-null value when exiting constructor. Consider adding the 'required' modifier or declaring the field as nullable. [/Users/admin/Projects/GerberTools/GerberLibrary.Core/GerberLibrary.Core.csproj]
/Users/admin/Projects/GerberTools/GerberLibrary.Core/Core/ImageCreator.cs(1458,20): warning CS8603: Possible null reference return. [/Users/admin/Projects/GerberTools/GerberLibrary.Core/GerberLibrary.Core.csproj]
/Users/admin/Projects/GerberTools/GerberLibrary.Core/Core/GerberPanel.cs(1943,41): warning CS8604: Possible null reference argument for parameter 'item' in 'bool List<GerberInstance>.Remove(GerberInstance item)'. [/Users/admin/Projects/GerberTools/GerberLibrary.Core/GerberLibrary.Core.csproj]
/Users/admin/Projects/GerberTools/GerberLibrary.Core/Core/GerberPanel.cs(1951,40): warning CS8604: Possible null reference argument for parameter 'item' in 'bool List<BreakTab>.Remove(BreakTab item)'. [/Users/admin/Projects/GerberTools/GerberLibrary.Core/GerberLibrary.Core.csproj]
/Users/admin/Projects/GerberTools/GerberLibrary.Core/Core/BillOfMaterials.cs(634,21): warning CS0219: The variable 'idxcount' is assigned but its value is never used [/Users/admin/Projects/GerberTools/GerberLibrary.Core/GerberLibrary.Core.csproj]
/Users/admin/Projects/GerberTools/GerberLibrary.Core/Core/BillOfMaterials.cs(636,21): warning CS0219: The variable 'idxtype' is assigned but its value is never used [/Users/admin/Projects/GerberTools/GerberLibrary.Core/GerberLibrary.Core.csproj]
/Users/admin/Projects/GerberTools/GerberLibrary.Core/Core/BillOfMaterials.cs(639,21): warning CS0219: The variable 'idxmfg' is assigned but its value is never used [/Users/admin/Projects/GerberTools/GerberLibrary.Core/GerberLibrary.Core.csproj]
/Users/admin/Projects/GerberTools/GerberLibrary.Core/Core/GerberPanel.cs(1982,41): warning CS8600: Converting null literal or possible null value to non-nullable type. [/Users/admin/Projects/GerberTools/GerberLibrary.Core/GerberLibrary.Core.csproj]
/Users/admin/Projects/GerberTools/GerberLibrary.Core/Core/GerberPanel.cs(1988,42): warning CS8600: Converting null literal or possible null value to non-nullable type. [/Users/admin/Projects/GerberTools/GerberLibrary.Core/GerberLibrary.Core.csproj]
/Users/admin/Projects/GerberTools/GerberLibrary.Core/Core/GerberPanel.cs(2034,20): warning CS8603: Possible null reference return. [/Users/admin/Projects/GerberTools/GerberLibrary.Core/GerberLibrary.Core.csproj]
/Users/admin/Projects/GerberTools/GerberLibrary.Core/Core/Helpers.cs(623,33): warning CS8602: Dereference of a possibly null reference. [/Users/admin/Projects/GerberTools/GerberLibrary.Core/GerberLibrary.Core.csproj]
/Users/admin/Projects/GerberTools/GerberLibrary.Core/Core/GerberPanel.cs(2065,34): warning CS8625: Cannot convert null literal to non-nullable reference type. [/Users/admin/Projects/GerberTools/GerberLibrary.Core/GerberLibrary.Core.csproj]
/Users/admin/Projects/GerberTools/GerberLibrary.Core/Core/GerberPanel.cs(2078,38): warning CS8625: Cannot convert null literal to non-nullable reference type. [/Users/admin/Projects/GerberTools/GerberLibrary.Core/GerberLibrary.Core.csproj]
/Users/admin/Projects/GerberTools/GerberLibrary.Core/Core/Primitives/GerberApertureMacroPart.cs(730,25): warning CS0219: The variable 'neg' is assigned but its value is never used [/Users/admin/Projects/GerberTools/GerberLibrary.Core/GerberLibrary.Core.csproj]
/Users/admin/Projects/GerberTools/GerberLibrary.Core/Core/Primitives/GerberApertureMacroPart.cs(746,25): warning CS0219: The variable 'neg' is assigned but its value is never used [/Users/admin/Projects/GerberTools/GerberLibrary.Core/GerberLibrary.Core.csproj]
/Users/admin/Projects/GerberTools/GerberLibrary.Core/Core/Primitives/GerberApertureMacroPart.cs(770,25): warning CS0219: The variable 'neg' is assigned but its value is never used [/Users/admin/Projects/GerberTools/GerberLibrary.Core/GerberLibrary.Core.csproj]
/Users/admin/Projects/GerberTools/GerberLibrary.Core/Core/Primitives/GerberApertureMacroPart.cs(36,23): warning CS8618: Non-nullable field 'Name' must contain a non-null value when exiting constructor. Consider adding the 'required' modifier or declaring the field as nullable. [/Users/admin/Projects/GerberTools/GerberLibrary.Core/GerberLibrary.Core.csproj]
/Users/admin/Projects/GerberTools/GerberLibrary.Core/Core/Primitives/GerberApertureMacroPart.cs(205,23): warning CS8618: Non-nullable field 'EquationTarget' must contain a non-null value when exiting constructor. Consider adding the 'required' modifier or declaring the field as nullable. [/Users/admin/Projects/GerberTools/GerberLibrary.Core/GerberLibrary.Core.csproj]
/Users/admin/Projects/GerberTools/GerberLibrary.Core/Core/Primitives/GerberApertureMacroPart.cs(206,23): warning CS8618: Non-nullable field 'EquationSource' must contain a non-null value when exiting constructor. Consider adding the 'required' modifier or declaring the field as nullable. [/Users/admin/Projects/GerberTools/GerberLibrary.Core/GerberLibrary.Core.csproj]
/Users/admin/Projects/GerberTools/GerberLibrary.Core/Core/Primitives/GerberApertureMacroPart.cs(679,44): warning CS8618: Non-nullable field 'OutlineVertices' must contain a non-null value when exiting constructor. Consider adding the 'required' modifier or declaring the field as nullable. [/Users/admin/Projects/GerberTools/GerberLibrary.Core/GerberLibrary.Core.csproj]
/Users/admin/Projects/GerberTools/GerberLibrary.Core/Core/Primitives/GerberApertureMacroPart.cs(681,29): warning CS8618: Non-nullable field 'OutlineVerticesPostProc' must contain a non-null value when exiting constructor. Consider adding the 'required' modifier or declaring the field as nullable. [/Users/admin/Projects/GerberTools/GerberLibrary.Core/GerberLibrary.Core.csproj]
/Users/admin/Projects/GerberTools/GerberLibrary.Core/Core/Primitives/GerberApertureMacroPart.cs(793,16): warning CS8618: Non-nullable field 'OutlineRotationExpr' must contain a non-null value when exiting constructor. Consider adding the 'required' modifier or declaring the field as nullable. [/Users/admin/Projects/GerberTools/GerberLibrary.Core/GerberLibrary.Core.csproj]
/Users/admin/Projects/GerberTools/GerberLibrary.Core/Core/Primitives/GerberApertureMacroPart.cs(659,27): warning CS8618: Non-nullable field 'yexpr' must contain a non-null value when exiting constructor. Consider adding the 'required' modifier or declaring the field as nullable. [/Users/admin/Projects/GerberTools/GerberLibrary.Core/GerberLibrary.Core.csproj]
/Users/admin/Projects/GerberTools/GerberLibrary.Core/Core/Primitives/GerberApertureMacroPart.cs(660,27): warning CS8618: Non-nullable field 'xexpr' must contain a non-null value when exiting constructor. Consider adding the 'required' modifier or declaring the field as nullable. [/Users/admin/Projects/GerberTools/GerberLibrary.Core/GerberLibrary.Core.csproj]
/Users/admin/Projects/GerberTools/GerberLibrary.Core/Core/Helpers.cs(669,27): warning CS8618: Non-nullable field 'Point' must contain a non-null value when exiting constructor. Consider adding the 'required' modifier or declaring the field as nullable. [/Users/admin/Projects/GerberTools/GerberLibrary.Core/GerberLibrary.Core.csproj]
/Users/admin/Projects/GerberTools/GerberLibrary.Core/Core/Helpers.cs(740,33): warning CS8602: Dereference of a possibly null reference. [/Users/admin/Projects/GerberTools/GerberLibrary.Core/GerberLibrary.Core.csproj]
/Users/admin/Projects/GerberTools/GerberLibrary.Core/Core/Helpers.cs(802,29): warning CS8602: Dereference of a possibly null reference. [/Users/admin/Projects/GerberTools/GerberLibrary.Core/GerberLibrary.Core.csproj]
/Users/admin/Projects/GerberTools/GerberLibrary.Core/Core/ImageCreator.cs(1579,48): warning CS8604: Possible null reference argument for parameter 'Logger' in 'void GerberImageCreator.AddFileToSet(string aname, ProgressLog Logger, double drillscaler = 1, bool forcezerowidth = false)'. [/Users/admin/Projects/GerberTools/GerberLibrary.Core/GerberLibrary.Core.csproj]
/Users/admin/Projects/GerberTools/GerberLibrary.Core/Core/ImageCreator.cs(1614,36): warning CS8600: Converting null literal or possible null value to non-nullable type. [/Users/admin/Projects/GerberTools/GerberLibrary.Core/GerberLibrary.Core.csproj]
/Users/admin/Projects/GerberTools/GerberLibrary.Core/Core/ImageCreator.cs(1615,32): warning CS8600: Converting null literal or possible null value to non-nullable type. [/Users/admin/Projects/GerberTools/GerberLibrary.Core/GerberLibrary.Core.csproj]
/Users/admin/Projects/GerberTools/GerberLibrary.Core/Core/ImageCreator.cs(1636,91): warning CS8602: Dereference of a possibly null reference. [/Users/admin/Projects/GerberTools/GerberLibrary.Core/GerberLibrary.Core.csproj]
/Users/admin/Projects/GerberTools/GerberLibrary.Core/Core/ImageCreator.cs(1639,46): warning CS8604: Possible null reference argument for parameter 'item' in 'bool List<PolyLine>.Remove(PolyLine item)'. [/Users/admin/Projects/GerberTools/GerberLibrary.Core/GerberLibrary.Core.csproj]
/Users/admin/Projects/GerberTools/GerberLibrary.Core/Core/ImageCreator.cs(1649,13): warning CS8602: Dereference of a possibly null reference. [/Users/admin/Projects/GerberTools/GerberLibrary.Core/GerberLibrary.Core.csproj]
/Users/admin/Projects/GerberTools/GerberLibrary.Core/Core/ImageCreator.cs(1664,36): warning CS8600: Converting null literal or possible null value to non-nullable type. [/Users/admin/Projects/GerberTools/GerberLibrary.Core/GerberLibrary.Core.csproj]
/Users/admin/Projects/GerberTools/GerberLibrary.Core/Core/ImageCreator.cs(1665,32): warning CS8600: Converting null literal or possible null value to non-nullable type. [/Users/admin/Projects/GerberTools/GerberLibrary.Core/GerberLibrary.Core.csproj]
/Users/admin/Projects/GerberTools/GerberLibrary.Core/Core/BillOfMaterials.cs(1124,20): warning CS8603: Possible null reference return. [/Users/admin/Projects/GerberTools/GerberLibrary.Core/GerberLibrary.Core.csproj]
/Users/admin/Projects/GerberTools/GerberLibrary.Core/Core/ImageCreator.cs(1723,37): warning CS8603: Possible null reference return. [/Users/admin/Projects/GerberTools/GerberLibrary.Core/GerberLibrary.Core.csproj]
/Users/admin/Projects/GerberTools/GerberLibrary.Core/Core/Helpers.cs(968,29): warning CS8602: Dereference of a possibly null reference. [/Users/admin/Projects/GerberTools/GerberLibrary.Core/GerberLibrary.Core.csproj]
/Users/admin/Projects/GerberTools/GerberLibrary.Core/Core/Helpers.cs(1058,29): warning CS8602: Dereference of a possibly null reference. [/Users/admin/Projects/GerberTools/GerberLibrary.Core/GerberLibrary.Core.csproj]
/Users/admin/Projects/GerberTools/GerberLibrary.Core/Core/Helpers.cs(1159,20): warning CS8603: Possible null reference return. [/Users/admin/Projects/GerberTools/GerberLibrary.Core/GerberLibrary.Core.csproj]
/Users/admin/Projects/GerberTools/GerberLibrary.Core/Core/BillOfMaterials.cs(1206,20): warning CS8603: Possible null reference return. [/Users/admin/Projects/GerberTools/GerberLibrary.Core/GerberLibrary.Core.csproj]
/Users/admin/Projects/GerberTools/GerberLibrary.Core/Core/ImageCreator.cs(1778,37): warning CS8603: Possible null reference return. [/Users/admin/Projects/GerberTools/GerberLibrary.Core/GerberLibrary.Core.csproj]
/Users/admin/Projects/GerberTools/GerberLibrary.Core/Core/PolyLineSet.cs(1186,113): warning CS8601: Possible null reference assignment. [/Users/admin/Projects/GerberTools/GerberLibrary.Core/GerberLibrary.Core.csproj]
/Users/admin/Projects/GerberTools/GerberLibrary.Core/Core/PolyLineSet.cs(1649,91): warning CS8601: Possible null reference assignment. [/Users/admin/Projects/GerberTools/GerberLibrary.Core/GerberLibrary.Core.csproj]
/Users/admin/Projects/GerberTools/GerberLibrary.Core/Core/PolyLineSet.cs(1802,49): warning CS8602: Dereference of a possibly null reference. [/Users/admin/Projects/GerberTools/GerberLibrary.Core/GerberLibrary.Core.csproj]
/Users/admin/Projects/GerberTools/GerberLibrary.Core/Core/PolyLineSet.cs(1886,82): warning CS8625: Cannot convert null literal to non-nullable reference type. [/Users/admin/Projects/GerberTools/GerberLibrary.Core/GerberLibrary.Core.csproj]
/Users/admin/Projects/GerberTools/GerberLibrary.Core/Core/PolyLineSet.cs(1936,34): warning CS8625: Cannot convert null literal to non-nullable reference type. [/Users/admin/Projects/GerberTools/GerberLibrary.Core/GerberLibrary.Core.csproj]
/Users/admin/Projects/GerberTools/GerberLibrary.Core/Core/PolyLineSet.cs(1945,31): warning CS8600: Converting null literal or possible null value to non-nullable type. [/Users/admin/Projects/GerberTools/GerberLibrary.Core/GerberLibrary.Core.csproj]
/Users/admin/Projects/GerberTools/GerberLibrary.Core/Core/PolyLineSet.cs(1946,21): warning CS8602: Dereference of a possibly null reference. [/Users/admin/Projects/GerberTools/GerberLibrary.Core/GerberLibrary.Core.csproj]
/Users/admin/Projects/GerberTools/GerberLibrary.Core/Core/BillOfMaterials.cs(1828,49): warning CS8602: Dereference of a possibly null reference. [/Users/admin/Projects/GerberTools/GerberLibrary.Core/GerberLibrary.Core.csproj]
/Users/admin/Projects/GerberTools/GerberLibrary.Core/Core/BillOfMaterials.cs(1837,81): warning CS8625: Cannot convert null literal to non-nullable reference type. [/Users/admin/Projects/GerberTools/GerberLibrary.Core/GerberLibrary.Core.csproj]
/Users/admin/Projects/GerberTools/GerberLibrary.Core/Core/BillOfMaterials.cs(1749,32): warning CS0219: The variable 'sizeattrib' is assigned but its value is never used [/Users/admin/Projects/GerberTools/GerberLibrary.Core/GerberLibrary.Core.csproj]
/Users/admin/Projects/GerberTools/GerberLibrary.Core/Core/BillOfMaterials.cs(1795,31): warning CS0219: The variable 'orientangle' is assigned but its value is never used [/Users/admin/Projects/GerberTools/GerberLibrary.Core/GerberLibrary.Core.csproj]
/Users/admin/Projects/GerberTools/GerberLibrary.Core/Core/BillOfMaterials.cs(1806,31): warning CS0219: The variable 'pangle' is assigned but its value is never used [/Users/admin/Projects/GerberTools/GerberLibrary.Core/GerberLibrary.Core.csproj]
/Users/admin/Projects/GerberTools/GerberLibrary.Core/Core/BillOfMaterials.cs(1261,27): warning CS8618: Non-nullable field 'Name' must contain a non-null value when exiting constructor. Consider adding the 'required' modifier or declaring the field as nullable. [/Users/admin/Projects/GerberTools/GerberLibrary.Core/GerberLibrary.Core.csproj]
/Users/admin/Projects/GerberTools/GerberLibrary.Core/Core/BillOfMaterials.cs(2098,29): warning CS8600: Converting null literal or possible null value to non-nullable type. [/Users/admin/Projects/GerberTools/GerberLibrary.Core/GerberLibrary.Core.csproj]
/Users/admin/Projects/GerberTools/GerberLibrary.Core/Core/BillOfMaterials.cs(2236,34): warning CS8601: Possible null reference assignment. [/Users/admin/Projects/GerberTools/GerberLibrary.Core/GerberLibrary.Core.csproj]
/Users/admin/Projects/GerberTools/GerberLibrary.Core/Core/BillOfMaterials.cs(2422,20): warning CS8603: Possible null reference return. [/Users/admin/Projects/GerberTools/GerberLibrary.Core/GerberLibrary.Core.csproj]
/Users/admin/Projects/GerberTools/GerberLibrary.Core/Core/BillOfMaterials.cs(2440,20): warning CS8603: Possible null reference return. [/Users/admin/Projects/GerberTools/GerberLibrary.Core/GerberLibrary.Core.csproj]
/Users/admin/Projects/GerberTools/GerberLibrary.Core/Core/BillOfMaterials.cs(3273,29): warning CS8600: Converting null literal or possible null value to non-nullable type. [/Users/admin/Projects/GerberTools/GerberLibrary.Core/GerberLibrary.Core.csproj]
/Users/admin/Projects/GerberTools/GerberLibrary.Core/Core/BillOfMaterials.cs(3373,77): warning CS8625: Cannot convert null literal to non-nullable reference type. [/Users/admin/Projects/GerberTools/GerberLibrary.Core/GerberLibrary.Core.csproj]
/Users/admin/Projects/GerberTools/GerberLibrary.Core/Core/BillOfMaterials.cs(3306,23): warning CS0219: The variable 'originx' is assigned but its value is never used [/Users/admin/Projects/GerberTools/GerberLibrary.Core/GerberLibrary.Core.csproj]
/Users/admin/Projects/GerberTools/GerberLibrary.Core/Core/BillOfMaterials.cs(3306,36): warning CS0219: The variable 'originy' is assigned but its value is never used [/Users/admin/Projects/GerberTools/GerberLibrary.Core/GerberLibrary.Core.csproj]
/Users/admin/Projects/GerberTools/GerberLibrary.Core/Core/BillOfMaterials.cs(3306,48): warning CS0219: The variable 'UnitMult' is assigned but its value is never used [/Users/admin/Projects/GerberTools/GerberLibrary.Core/GerberLibrary.Core.csproj]
/Users/admin/Projects/GerberTools/GerberLibrary.Core/Core/BillOfMaterials.cs(3308,23): warning CS0219: The variable 'AngleMult' is assigned but its value is never used [/Users/admin/Projects/GerberTools/GerberLibrary.Core/GerberLibrary.Core.csproj]
/Users/admin/Projects/GerberTools/GerberLibrary.Core/Artwork Related/GallifreyanFont.cs(180,56): error CS0234: The type or namespace name 'PointF' does not exist in the namespace 'System.Numerics' (are you missing an assembly reference?) [/Users/admin/Projects/GerberTools/GerberLibrary.Core/GerberLibrary.Core.csproj]
/Users/admin/Projects/GerberTools/GerberLibrary.Core/Artwork Related/GallifreyanFont.cs(180,106): error CS0234: The type or namespace name 'PointF' does not exist in the namespace 'System.Numerics' (are you missing an assembly reference?) [/Users/admin/Projects/GerberTools/GerberLibrary.Core/GerberLibrary.Core.csproj]
/Users/admin/Projects/GerberTools/GerberLibrary.Core/Artwork Related/SVGWriter.cs(192,61): error CS1061: 'Color' does not contain a definition for 'R' and no accessible extension method 'R' accepting a first argument of type 'Color' could be found (are you missing a using directive or an assembly reference?) [/Users/admin/Projects/GerberTools/GerberLibrary.Core/GerberLibrary.Core.csproj]
/Users/admin/Projects/GerberTools/GerberLibrary.Core/Artwork Related/SVGWriter.cs(192,66): error CS1061: 'Color' does not contain a definition for 'G' and no accessible extension method 'G' accepting a first argument of type 'Color' could be found (are you missing a using directive or an assembly reference?) [/Users/admin/Projects/GerberTools/GerberLibrary.Core/GerberLibrary.Core.csproj]
/Users/admin/Projects/GerberTools/GerberLibrary.Core/Artwork Related/SVGWriter.cs(192,71): error CS1061: 'Color' does not contain a definition for 'B' and no accessible extension method 'B' accepting a first argument of type 'Color' could be found (are you missing a using directive or an assembly reference?) [/Users/admin/Projects/GerberTools/GerberLibrary.Core/GerberLibrary.Core.csproj]
/Users/admin/Projects/GerberTools/GerberLibrary.Core/Artwork Related/SVGWriter.cs(192,76): error CS1061: 'Color' does not contain a definition for 'A' and no accessible extension method 'A' accepting a first argument of type 'Color' could be found (are you missing a using directive or an assembly reference?) [/Users/admin/Projects/GerberTools/GerberLibrary.Core/GerberLibrary.Core.csproj]
/Users/admin/Projects/GerberTools/GerberLibrary.Core/Core/SickOfBeige.cs(720,38): error CS0144: Cannot create an instance of the abstract type or interface 'Pen' [/Users/admin/Projects/GerberTools/GerberLibrary.Core/GerberLibrary.Core.csproj]
/Users/admin/Projects/GerberTools/GerberLibrary.Core/Core/SickOfBeige.cs(721,38): error CS0144: Cannot create an instance of the abstract type or interface 'Pen' [/Users/admin/Projects/GerberTools/GerberLibrary.Core/GerberLibrary.Core.csproj]
/Users/admin/Projects/GerberTools/GerberLibrary.Core/Core/SickOfBeige.cs(728,46): error CS0103: The name 'pen' does not exist in the current context [/Users/admin/Projects/GerberTools/GerberLibrary.Core/GerberLibrary.Core.csproj]
/Users/admin/Projects/GerberTools/GerberLibrary.Core/Core/Algorithms/QuadTree.cs(98,36): error CS0144: Cannot create an instance of the abstract type or interface 'Pen' [/Users/admin/Projects/GerberTools/GerberLibrary.Core/GerberLibrary.Core.csproj]
/Users/admin/Projects/GerberTools/GerberLibrary.Core/Core/Algorithms/QuadTree.cs(109,40): error CS1503: Argument 1: cannot convert from 'SixLabors.ImageSharp.Drawing.Processing.SolidBrush' to 'GerberLibrary.Core.Primitives.SolidBrush' [/Users/admin/Projects/GerberTools/GerberLibrary.Core/GerberLibrary.Core.csproj]
/Users/admin/Projects/GerberTools/GerberLibrary.Core/Artwork Related/GerberArtWriter.cs(1550,78): error CS1501: No overload for method 'Min' takes 1 arguments [/Users/admin/Projects/GerberTools/GerberLibrary.Core/GerberLibrary.Core.csproj]
/Users/admin/Projects/GerberTools/GerberLibrary.Core/Artwork Related/GerberArtWriter.cs(1550,133): error CS0030: Cannot convert type '(int, int)' to 'byte' [/Users/admin/Projects/GerberTools/GerberLibrary.Core/GerberLibrary.Core.csproj]
/Users/admin/Projects/GerberTools/GerberLibrary.Core/Core/Gerber.cs(143,36): error CS0104: 'Path' is an ambiguous reference between 'SixLabors.ImageSharp.Drawing.Path' and 'System.IO.Path' [/Users/admin/Projects/GerberTools/GerberLibrary.Core/GerberLibrary.Core.csproj]
/Users/admin/Projects/GerberTools/GerberLibrary.Core/Core/Gerber.cs(176,53): error CS0104: 'Path' is an ambiguous reference between 'SixLabors.ImageSharp.Drawing.Path' and 'System.IO.Path' [/Users/admin/Projects/GerberTools/GerberLibrary.Core/GerberLibrary.Core.csproj]
/Users/admin/Projects/GerberTools/GerberLibrary.Core/Core/Gerber.cs(176,99): error CS0104: 'Path' is an ambiguous reference between 'SixLabors.ImageSharp.Drawing.Path' and 'System.IO.Path' [/Users/admin/Projects/GerberTools/GerberLibrary.Core/GerberLibrary.Core.csproj]
/Users/admin/Projects/GerberTools/GerberLibrary.Core/Core/Gerber.cs(196,45): error CS0104: 'Path' is an ambiguous reference between 'SixLabors.ImageSharp.Drawing.Path' and 'System.IO.Path' [/Users/admin/Projects/GerberTools/GerberLibrary.Core/GerberLibrary.Core.csproj]
/Users/admin/Projects/GerberTools/GerberLibrary.Core/Core/Gerber.cs(211,55): error CS0104: 'Path' is an ambiguous reference between 'SixLabors.ImageSharp.Drawing.Path' and 'System.IO.Path' [/Users/admin/Projects/GerberTools/GerberLibrary.Core/GerberLibrary.Core.csproj]
/Users/admin/Projects/GerberTools/GerberLibrary.Core/Artwork Related/GerberArtWriter.cs(1920,78): error CS1501: No overload for method 'Min' takes 1 arguments [/Users/admin/Projects/GerberTools/GerberLibrary.Core/GerberLibrary.Core.csproj]
/Users/admin/Projects/GerberTools/GerberLibrary.Core/Artwork Related/GerberArtWriter.cs(1920,133): error CS0030: Cannot convert type '(int, int)' to 'byte' [/Users/admin/Projects/GerberTools/GerberLibrary.Core/GerberLibrary.Core.csproj]
/Users/admin/Projects/GerberTools/GerberLibrary.Core/Core/Gerber.cs(408,34): error CS0104: 'Path' is an ambiguous reference between 'SixLabors.ImageSharp.Drawing.Path' and 'System.IO.Path' [/Users/admin/Projects/GerberTools/GerberLibrary.Core/GerberLibrary.Core.csproj]
/Users/admin/Projects/GerberTools/GerberLibrary.Core/Core/Gerber.cs(415,33): error CS0104: 'Path' is an ambiguous reference between 'SixLabors.ImageSharp.Drawing.Path' and 'System.IO.Path' [/Users/admin/Projects/GerberTools/GerberLibrary.Core/GerberLibrary.Core.csproj]
/Users/admin/Projects/GerberTools/GerberLibrary.Core/Core/Gerber.cs(417,34): error CS0029: Cannot implicitly convert type 'string' to 'int' [/Users/admin/Projects/GerberTools/GerberLibrary.Core/GerberLibrary.Core.csproj]
/Users/admin/Projects/GerberTools/GerberLibrary.Core/Core/Gerber.cs(418,34): error CS0029: Cannot implicitly convert type 'string' to 'int' [/Users/admin/Projects/GerberTools/GerberLibrary.Core/GerberLibrary.Core.csproj]
/Users/admin/Projects/GerberTools/GerberLibrary.Core/Core/Gerber.cs(419,34): error CS0029: Cannot implicitly convert type 'string' to 'int' [/Users/admin/Projects/GerberTools/GerberLibrary.Core/GerberLibrary.Core.csproj]
/Users/admin/Projects/GerberTools/GerberLibrary.Core/Core/Gerber.cs(420,34): error CS0029: Cannot implicitly convert type 'string' to 'int' [/Users/admin/Projects/GerberTools/GerberLibrary.Core/GerberLibrary.Core.csproj]
/Users/admin/Projects/GerberTools/GerberLibrary.Core/Core/Gerber.cs(421,34): error CS0029: Cannot implicitly convert type 'string' to 'int' [/Users/admin/Projects/GerberTools/GerberLibrary.Core/GerberLibrary.Core.csproj]
/Users/admin/Projects/GerberTools/GerberLibrary.Core/Core/Gerber.cs(422,34): error CS0029: Cannot implicitly convert type 'string' to 'int' [/Users/admin/Projects/GerberTools/GerberLibrary.Core/GerberLibrary.Core.csproj]
/Users/admin/Projects/GerberTools/GerberLibrary.Core/Core/Gerber.cs(423,34): error CS0029: Cannot implicitly convert type 'string' to 'int' [/Users/admin/Projects/GerberTools/GerberLibrary.Core/GerberLibrary.Core.csproj]
/Users/admin/Projects/GerberTools/GerberLibrary.Core/Core/Gerber.cs(424,34): error CS0029: Cannot implicitly convert type 'string' to 'int' [/Users/admin/Projects/GerberTools/GerberLibrary.Core/GerberLibrary.Core.csproj]
/Users/admin/Projects/GerberTools/GerberLibrary.Core/Core/Gerber.cs(426,34): error CS0029: Cannot implicitly convert type 'string' to 'int' [/Users/admin/Projects/GerberTools/GerberLibrary.Core/GerberLibrary.Core.csproj]
/Users/admin/Projects/GerberTools/GerberLibrary.Core/Core/Gerber.cs(459,29): error CS0104: 'Path' is an ambiguous reference between 'SixLabors.ImageSharp.Drawing.Path' and 'System.IO.Path' [/Users/admin/Projects/GerberTools/GerberLibrary.Core/GerberLibrary.Core.csproj]
/Users/admin/Projects/GerberTools/GerberLibrary.Core/Core/Gerber.cs(461,30): error CS0029: Cannot implicitly convert type 'string' to 'int' [/Users/admin/Projects/GerberTools/GerberLibrary.Core/GerberLibrary.Core.csproj]
/Users/admin/Projects/GerberTools/GerberLibrary.Core/Core/Gerber.cs(462,30): error CS0029: Cannot implicitly convert type 'string' to 'int' [/Users/admin/Projects/GerberTools/GerberLibrary.Core/GerberLibrary.Core.csproj]
/Users/admin/Projects/GerberTools/GerberLibrary.Core/Core/Gerber.cs(463,30): error CS0029: Cannot implicitly convert type 'string' to 'int' [/Users/admin/Projects/GerberTools/GerberLibrary.Core/GerberLibrary.Core.csproj]
/Users/admin/Projects/GerberTools/GerberLibrary.Core/Core/Gerber.cs(464,30): error CS0029: Cannot implicitly convert type 'string' to 'int' [/Users/admin/Projects/GerberTools/GerberLibrary.Core/GerberLibrary.Core.csproj]
/Users/admin/Projects/GerberTools/GerberLibrary.Core/Core/Gerber.cs(470,30): error CS0029: Cannot implicitly convert type 'string' to 'int' [/Users/admin/Projects/GerberTools/GerberLibrary.Core/GerberLibrary.Core.csproj]
/Users/admin/Projects/GerberTools/GerberLibrary.Core/Core/Gerber.cs(471,30): error CS0029: Cannot implicitly convert type 'string' to 'int' [/Users/admin/Projects/GerberTools/GerberLibrary.Core/GerberLibrary.Core.csproj]
/Users/admin/Projects/GerberTools/GerberLibrary.Core/Core/Gerber.cs(476,30): error CS0029: Cannot implicitly convert type 'string' to 'int' [/Users/admin/Projects/GerberTools/GerberLibrary.Core/GerberLibrary.Core.csproj]
/Users/admin/Projects/GerberTools/GerberLibrary.Core/Core/Gerber.cs(477,30): error CS0029: Cannot implicitly convert type 'string' to 'int' [/Users/admin/Projects/GerberTools/GerberLibrary.Core/GerberLibrary.Core.csproj]
/Users/admin/Projects/GerberTools/GerberLibrary.Core/Core/Gerber.cs(482,30): error CS0029: Cannot implicitly convert type 'string' to 'int' [/Users/admin/Projects/GerberTools/GerberLibrary.Core/GerberLibrary.Core.csproj]
/Users/admin/Projects/GerberTools/GerberLibrary.Core/Core/Gerber.cs(483,30): error CS0029: Cannot implicitly convert type 'string' to 'int' [/Users/admin/Projects/GerberTools/GerberLibrary.Core/GerberLibrary.Core.csproj]
/Users/admin/Projects/GerberTools/GerberLibrary.Core/Core/Gerber.cs(488,30): error CS0029: Cannot implicitly convert type 'string' to 'int' [/Users/admin/Projects/GerberTools/GerberLibrary.Core/GerberLibrary.Core.csproj]
/Users/admin/Projects/GerberTools/GerberLibrary.Core/Core/Gerber.cs(489,30): error CS0029: Cannot implicitly convert type 'string' to 'int' [/Users/admin/Projects/GerberTools/GerberLibrary.Core/GerberLibrary.Core.csproj]
/Users/admin/Projects/GerberTools/GerberLibrary.Core/Core/Gerber.cs(494,30): error CS0029: Cannot implicitly convert type 'string' to 'int' [/Users/admin/Projects/GerberTools/GerberLibrary.Core/GerberLibrary.Core.csproj]
/Users/admin/Projects/GerberTools/GerberLibrary.Core/Core/Gerber.cs(495,30): error CS0029: Cannot implicitly convert type 'string' to 'int' [/Users/admin/Projects/GerberTools/GerberLibrary.Core/GerberLibrary.Core.csproj]
/Users/admin/Projects/GerberTools/GerberLibrary.Core/Core/Gerber.cs(500,30): error CS0029: Cannot implicitly convert type 'string' to 'int' [/Users/admin/Projects/GerberTools/GerberLibrary.Core/GerberLibrary.Core.csproj]
/Users/admin/Projects/GerberTools/GerberLibrary.Core/EagleThings/LibraryLoader.cs(1058,17): error CS1069: The type name 'StringFormat' could not be found in the namespace 'System.Drawing'. This type has been forwarded to assembly 'System.Drawing.Common, Version=0.0.0.0, Culture=neutral, PublicKeyToken=cc7b13ffcd2ddd51' Consider adding a reference to that assembly. [/Users/admin/Projects/GerberTools/GerberLibrary.Core/GerberLibrary.Core.csproj]
/Users/admin/Projects/GerberTools/GerberLibrary.Core/EagleThings/LibraryLoader.cs(1058,39): error CS1069: The type name 'StringFormat' could not be found in the namespace 'System.Drawing'. This type has been forwarded to assembly 'System.Drawing.Common, Version=0.0.0.0, Culture=neutral, PublicKeyToken=cc7b13ffcd2ddd51' Consider adding a reference to that assembly. [/Users/admin/Projects/GerberTools/GerberLibrary.Core/GerberLibrary.Core.csproj]
/Users/admin/Projects/GerberTools/GerberLibrary.Core/EagleThings/LibraryLoader.cs(1062,59): error CS0103: The name 'StringAlignment' does not exist in the current context [/Users/admin/Projects/GerberTools/GerberLibrary.Core/GerberLibrary.Core.csproj]
/Users/admin/Projects/GerberTools/GerberLibrary.Core/EagleThings/LibraryLoader.cs(1062,102): error CS0103: The name 'StringAlignment' does not exist in the current context [/Users/admin/Projects/GerberTools/GerberLibrary.Core/GerberLibrary.Core.csproj]
/Users/admin/Projects/GerberTools/GerberLibrary.Core/EagleThings/LibraryLoader.cs(1063,63): error CS0103: The name 'StringAlignment' does not exist in the current context [/Users/admin/Projects/GerberTools/GerberLibrary.Core/GerberLibrary.Core.csproj]
/Users/admin/Projects/GerberTools/GerberLibrary.Core/EagleThings/LibraryLoader.cs(1063,104): error CS0103: The name 'StringAlignment' does not exist in the current context [/Users/admin/Projects/GerberTools/GerberLibrary.Core/GerberLibrary.Core.csproj]
/Users/admin/Projects/GerberTools/GerberLibrary.Core/EagleThings/LibraryLoader.cs(1064,64): error CS0103: The name 'StringAlignment' does not exist in the current context [/Users/admin/Projects/GerberTools/GerberLibrary.Core/GerberLibrary.Core.csproj]
/Users/admin/Projects/GerberTools/GerberLibrary.Core/EagleThings/LibraryLoader.cs(1064,104): error CS0103: The name 'StringAlignment' does not exist in the current context [/Users/admin/Projects/GerberTools/GerberLibrary.Core/GerberLibrary.Core.csproj]
/Users/admin/Projects/GerberTools/GerberLibrary.Core/EagleThings/LibraryLoader.cs(1065,62): error CS0103: The name 'StringAlignment' does not exist in the current context [/Users/admin/Projects/GerberTools/GerberLibrary.Core/GerberLibrary.Core.csproj]
/Users/admin/Projects/GerberTools/GerberLibrary.Core/EagleThings/LibraryLoader.cs(1065,105): error CS0103: The name 'StringAlignment' does not exist in the current context [/Users/admin/Projects/GerberTools/GerberLibrary.Core/GerberLibrary.Core.csproj]
/Users/admin/Projects/GerberTools/GerberLibrary.Core/EagleThings/LibraryLoader.cs(1066,60): error CS0103: The name 'StringAlignment' does not exist in the current context [/Users/admin/Projects/GerberTools/GerberLibrary.Core/GerberLibrary.Core.csproj]
/Users/admin/Projects/GerberTools/GerberLibrary.Core/EagleThings/LibraryLoader.cs(1066,101): error CS0103: The name 'StringAlignment' does not exist in the current context [/Users/admin/Projects/GerberTools/GerberLibrary.Core/GerberLibrary.Core.csproj]
/Users/admin/Projects/GerberTools/GerberLibrary.Core/EagleThings/LibraryLoader.cs(1067,61): error CS0103: The name 'StringAlignment' does not exist in the current context [/Users/admin/Projects/GerberTools/GerberLibrary.Core/GerberLibrary.Core.csproj]
/Users/admin/Projects/GerberTools/GerberLibrary.Core/EagleThings/LibraryLoader.cs(1067,101): error CS0103: The name 'StringAlignment' does not exist in the current context [/Users/admin/Projects/GerberTools/GerberLibrary.Core/GerberLibrary.Core.csproj]
/Users/admin/Projects/GerberTools/GerberLibrary.Core/EagleThings/LibraryLoader.cs(1068,65): error CS0103: The name 'StringAlignment' does not exist in the current context [/Users/admin/Projects/GerberTools/GerberLibrary.Core/GerberLibrary.Core.csproj]
/Users/admin/Projects/GerberTools/GerberLibrary.Core/EagleThings/LibraryLoader.cs(1068,108): error CS0103: The name 'StringAlignment' does not exist in the current context [/Users/admin/Projects/GerberTools/GerberLibrary.Core/GerberLibrary.Core.csproj]
/Users/admin/Projects/GerberTools/GerberLibrary.Core/EagleThings/LibraryLoader.cs(1069,63): error CS0103: The name 'StringAlignment' does not exist in the current context [/Users/admin/Projects/GerberTools/GerberLibrary.Core/GerberLibrary.Core.csproj]
/Users/admin/Projects/GerberTools/GerberLibrary.Core/EagleThings/LibraryLoader.cs(1069,104): error CS0103: The name 'StringAlignment' does not exist in the current context [/Users/admin/Projects/GerberTools/GerberLibrary.Core/GerberLibrary.Core.csproj]
/Users/admin/Projects/GerberTools/GerberLibrary.Core/EagleThings/LibraryLoader.cs(1070,64): error CS0103: The name 'StringAlignment' does not exist in the current context [/Users/admin/Projects/GerberTools/GerberLibrary.Core/GerberLibrary.Core.csproj]
/Users/admin/Projects/GerberTools/GerberLibrary.Core/EagleThings/LibraryLoader.cs(1070,104): error CS0103: The name 'StringAlignment' does not exist in the current context [/Users/admin/Projects/GerberTools/GerberLibrary.Core/GerberLibrary.Core.csproj]
/Users/admin/Projects/GerberTools/GerberLibrary.Core/EagleThings/LibraryLoader.cs(1072,17): error CS1069: The type name 'GraphicsPath' could not be found in the namespace 'System.Drawing.Drawing2D'. This type has been forwarded to assembly 'System.Drawing.Common, Version=0.0.0.0, Culture=neutral, PublicKeyToken=cc7b13ffcd2ddd51' Consider adding a reference to that assembly. [/Users/admin/Projects/GerberTools/GerberLibrary.Core/GerberLibrary.Core.csproj]
/Users/admin/Projects/GerberTools/GerberLibrary.Core/EagleThings/LibraryLoader.cs(1072,38): error CS1069: The type name 'GraphicsPath' could not be found in the namespace 'System.Drawing.Drawing2D'. This type has been forwarded to assembly 'System.Drawing.Common, Version=0.0.0.0, Culture=neutral, PublicKeyToken=cc7b13ffcd2ddd51' Consider adding a reference to that assembly. [/Users/admin/Projects/GerberTools/GerberLibrary.Core/GerberLibrary.Core.csproj]
/Users/admin/Projects/GerberTools/GerberLibrary.Core/EagleThings/LibraryLoader.cs(1075,25): error CS0103: The name 'FontFamily' does not exist in the current context [/Users/admin/Projects/GerberTools/GerberLibrary.Core/GerberLibrary.Core.csproj]
/Users/admin/Projects/GerberTools/GerberLibrary.Core/EagleThings/LibraryLoader.cs(1076,30): error CS0103: The name 'FontStyle' does not exist in the current context [/Users/admin/Projects/GerberTools/GerberLibrary.Core/GerberLibrary.Core.csproj]
/Users/admin/Projects/GerberTools/GerberLibrary.Core/Core/Gerber.cs(501,30): error CS0029: Cannot implicitly convert type 'string' to 'int' [/Users/admin/Projects/GerberTools/GerberLibrary.Core/GerberLibrary.Core.csproj]
/Users/admin/Projects/GerberTools/GerberLibrary.Core/Core/Gerber.cs(506,30): error CS0029: Cannot implicitly convert type 'string' to 'int' [/Users/admin/Projects/GerberTools/GerberLibrary.Core/GerberLibrary.Core.csproj]
/Users/admin/Projects/GerberTools/GerberLibrary.Core/Core/Gerber.cs(507,30): error CS0029: Cannot implicitly convert type 'string' to 'int' [/Users/admin/Projects/GerberTools/GerberLibrary.Core/GerberLibrary.Core.csproj]
/Users/admin/Projects/GerberTools/GerberLibrary.Core/Core/Gerber.cs(512,30): error CS0029: Cannot implicitly convert type 'string' to 'int' [/Users/admin/Projects/GerberTools/GerberLibrary.Core/GerberLibrary.Core.csproj]
/Users/admin/Projects/GerberTools/GerberLibrary.Core/Core/Gerber.cs(513,30): error CS0029: Cannot implicitly convert type 'string' to 'int' [/Users/admin/Projects/GerberTools/GerberLibrary.Core/GerberLibrary.Core.csproj]
/Users/admin/Projects/GerberTools/GerberLibrary.Core/Core/Gerber.cs(518,30): error CS0029: Cannot implicitly convert type 'string' to 'int' [/Users/admin/Projects/GerberTools/GerberLibrary.Core/GerberLibrary.Core.csproj]
/Users/admin/Projects/GerberTools/GerberLibrary.Core/Core/Gerber.cs(523,30): error CS0029: Cannot implicitly convert type 'string' to 'int' [/Users/admin/Projects/GerberTools/GerberLibrary.Core/GerberLibrary.Core.csproj]
/Users/admin/Projects/GerberTools/GerberLibrary.Core/Core/GerberPanel.cs(133,39): error CS0104: 'Path' is an ambiguous reference between 'SixLabors.ImageSharp.Drawing.Path' and 'System.IO.Path' [/Users/admin/Projects/GerberTools/GerberLibrary.Core/GerberLibrary.Core.csproj]
/Users/admin/Projects/GerberTools/GerberLibrary.Core/Core/GerberPanel.cs(133,86): error CS0104: 'Path' is an ambiguous reference between 'SixLabors.ImageSharp.Drawing.Path' and 'System.IO.Path' [/Users/admin/Projects/GerberTools/GerberLibrary.Core/GerberLibrary.Core.csproj]
/Users/admin/Projects/GerberTools/GerberLibrary.Core/Core/GerberPanel.cs(141,33): error CS0104: 'Path' is an ambiguous reference between 'SixLabors.ImageSharp.Drawing.Path' and 'System.IO.Path' [/Users/admin/Projects/GerberTools/GerberLibrary.Core/GerberLibrary.Core.csproj]
/Users/admin/Projects/GerberTools/GerberLibrary.Core/Core/GerberPanel.cs(141,62): error CS0104: 'Path' is an ambiguous reference between 'SixLabors.ImageSharp.Drawing.Path' and 'System.IO.Path' [/Users/admin/Projects/GerberTools/GerberLibrary.Core/GerberLibrary.Core.csproj]
/Users/admin/Projects/GerberTools/GerberLibrary.Core/Core/GerberPanel.cs(145,34): error CS0104: 'Path' is an ambiguous reference between 'SixLabors.ImageSharp.Drawing.Path' and 'System.IO.Path' [/Users/admin/Projects/GerberTools/GerberLibrary.Core/GerberLibrary.Core.csproj]
/Users/admin/Projects/GerberTools/GerberLibrary.Core/Core/GerberPanel.cs(237,33): error CS0104: 'Path' is an ambiguous reference between 'SixLabors.ImageSharp.Drawing.Path' and 'System.IO.Path' [/Users/admin/Projects/GerberTools/GerberLibrary.Core/GerberLibrary.Core.csproj]
/Users/admin/Projects/GerberTools/GerberLibrary.Core/Core/GerberPanel.cs(237,62): error CS0104: 'Path' is an ambiguous reference between 'SixLabors.ImageSharp.Drawing.Path' and 'System.IO.Path' [/Users/admin/Projects/GerberTools/GerberLibrary.Core/GerberLibrary.Core.csproj]
/Users/admin/Projects/GerberTools/GerberLibrary.Core/Core/GerberPanel.cs(2408,63): error CS0104: 'Path' is an ambiguous reference between 'SixLabors.ImageSharp.Drawing.Path' and 'System.IO.Path' [/Users/admin/Projects/GerberTools/GerberLibrary.Core/GerberLibrary.Core.csproj]
/Users/admin/Projects/GerberTools/GerberLibrary.Core/Core/GerberPanel.cs(2408,118): error CS0104: 'Path' is an ambiguous reference between 'SixLabors.ImageSharp.Drawing.Path' and 'System.IO.Path' [/Users/admin/Projects/GerberTools/GerberLibrary.Core/GerberLibrary.Core.csproj]
/Users/admin/Projects/GerberTools/GerberLibrary.Core/Core/GerberPanel.cs(2410,52): error CS0104: 'Path' is an ambiguous reference between 'SixLabors.ImageSharp.Drawing.Path' and 'System.IO.Path' [/Users/admin/Projects/GerberTools/GerberLibrary.Core/GerberLibrary.Core.csproj]
/Users/admin/Projects/GerberTools/GerberLibrary.Core/Core/GerberPanel.cs(2421,63): error CS0104: 'Path' is an ambiguous reference between 'SixLabors.ImageSharp.Drawing.Path' and 'System.IO.Path' [/Users/admin/Projects/GerberTools/GerberLibrary.Core/GerberLibrary.Core.csproj]
/Users/admin/Projects/GerberTools/GerberLibrary.Core/Core/GerberPanel.cs(2421,121): error CS0104: 'Path' is an ambiguous reference between 'SixLabors.ImageSharp.Drawing.Path' and 'System.IO.Path' [/Users/admin/Projects/GerberTools/GerberLibrary.Core/GerberLibrary.Core.csproj]
/Users/admin/Projects/GerberTools/GerberLibrary.Core/Core/GerberPanel.cs(2461,34): error CS0104: 'Path' is an ambiguous reference between 'SixLabors.ImageSharp.Drawing.Path' and 'System.IO.Path' [/Users/admin/Projects/GerberTools/GerberLibrary.Core/GerberLibrary.Core.csproj]
/Users/admin/Projects/GerberTools/GerberLibrary.Core/Core/GerberPanel.cs(2462,39): error CS0104: 'Path' is an ambiguous reference between 'SixLabors.ImageSharp.Drawing.Path' and 'System.IO.Path' [/Users/admin/Projects/GerberTools/GerberLibrary.Core/GerberLibrary.Core.csproj]
/Users/admin/Projects/GerberTools/GerberLibrary.Core/Core/GerberPanel.cs(2499,47): error CS0104: 'Path' is an ambiguous reference between 'SixLabors.ImageSharp.Drawing.Path' and 'System.IO.Path' [/Users/admin/Projects/GerberTools/GerberLibrary.Core/GerberLibrary.Core.csproj]
/Users/admin/Projects/GerberTools/GerberLibrary.Core/Core/GerberPanel.cs(2499,93): error CS0104: 'Path' is an ambiguous reference between 'SixLabors.ImageSharp.Drawing.Path' and 'System.IO.Path' [/Users/admin/Projects/GerberTools/GerberLibrary.Core/GerberLibrary.Core.csproj]
/Users/admin/Projects/GerberTools/GerberLibrary.Core/Core/GerberPanel.cs(2516,42): error CS0104: 'Path' is an ambiguous reference between 'SixLabors.ImageSharp.Drawing.Path' and 'System.IO.Path' [/Users/admin/Projects/GerberTools/GerberLibrary.Core/GerberLibrary.Core.csproj]
/Users/admin/Projects/GerberTools/GerberLibrary.Core/Core/GerberPanel.cs(2517,47): error CS0104: 'Path' is an ambiguous reference between 'SixLabors.ImageSharp.Drawing.Path' and 'System.IO.Path' [/Users/admin/Projects/GerberTools/GerberLibrary.Core/GerberLibrary.Core.csproj]
/Users/admin/Projects/GerberTools/GerberLibrary.Core/Core/GerberPanel.cs(2517,93): error CS0104: 'Path' is an ambiguous reference between 'SixLabors.ImageSharp.Drawing.Path' and 'System.IO.Path' [/Users/admin/Projects/GerberTools/GerberLibrary.Core/GerberLibrary.Core.csproj]
/Users/admin/Projects/GerberTools/GerberLibrary.Core/Core/GerberPanel.cs(2535,52): error CS0104: 'Path' is an ambiguous reference between 'SixLabors.ImageSharp.Drawing.Path' and 'System.IO.Path' [/Users/admin/Projects/GerberTools/GerberLibrary.Core/GerberLibrary.Core.csproj]
/Users/admin/Projects/GerberTools/GerberLibrary.Core/Core/GerberPanel.cs(2535,98): error CS0104: 'Path' is an ambiguous reference between 'SixLabors.ImageSharp.Drawing.Path' and 'System.IO.Path' [/Users/admin/Projects/GerberTools/GerberLibrary.Core/GerberLibrary.Core.csproj]
/Users/admin/Projects/GerberTools/GerberLibrary.Core/Core/Gerber.cs(1043,52): error CS1503: Argument 1: cannot convert from 'SixLabors.ImageSharp.Processing.IImageProcessingContext' to 'GerberLibrary.Core.GraphicsInterface' [/Users/admin/Projects/GerberTools/GerberLibrary.Core/GerberLibrary.Core.csproj]
/Users/admin/Projects/GerberTools/GerberLibrary.Core/Core/Gerber.cs(1210,21): error CS0144: Cannot create an instance of the abstract type or interface 'Pen' [/Users/admin/Projects/GerberTools/GerberLibrary.Core/GerberLibrary.Core.csproj]
/Users/admin/Projects/GerberTools/GerberLibrary.Core/Core/Gerber.cs(1211,17): error CS1061: 'IImageProcessingContext' does not contain a definition for 'DrawLines' and no accessible extension method 'DrawLines' accepting a first argument of type 'IImageProcessingContext' could be found (are you missing a using directive or an assembly reference?) [/Users/admin/Projects/GerberTools/GerberLibrary.Core/GerberLibrary.Core.csproj]
/Users/admin/Projects/GerberTools/GerberLibrary.Core/Core/Gerber.cs(1212,17): error CS1061: 'IImageProcessingContext' does not contain a definition for 'DrawLines' and no accessible extension method 'DrawLines' accepting a first argument of type 'IImageProcessingContext' could be found (are you missing a using directive or an assembly reference?) [/Users/admin/Projects/GerberTools/GerberLibrary.Core/GerberLibrary.Core.csproj]
/Users/admin/Projects/GerberTools/GerberLibrary.Core/Core/Gerber.cs(1213,17): error CS1061: 'IImageProcessingContext' does not contain a definition for 'DrawLines' and no accessible extension method 'DrawLines' accepting a first argument of type 'IImageProcessingContext' could be found (are you missing a using directive or an assembly reference?) [/Users/admin/Projects/GerberTools/GerberLibrary.Core/GerberLibrary.Core.csproj]
/Users/admin/Projects/GerberTools/GerberLibrary.Core/Core/Gerber.cs(1214,17): error CS1061: 'IImageProcessingContext' does not contain a definition for 'DrawLines' and no accessible extension method 'DrawLines' accepting a first argument of type 'IImageProcessingContext' could be found (are you missing a using directive or an assembly reference?) [/Users/admin/Projects/GerberTools/GerberLibrary.Core/GerberLibrary.Core.csproj]
/Users/admin/Projects/GerberTools/GerberLibrary.Core/Core/ImageCreator.cs(216,39): error CS0103: The name 'Primitives' does not exist in the current context [/Users/admin/Projects/GerberTools/GerberLibrary.Core/GerberLibrary.Core.csproj]
/Users/admin/Projects/GerberTools/GerberLibrary.Core/Core/ImageCreator.cs(220,39): error CS0103: The name 'Primitives' does not exist in the current context [/Users/admin/Projects/GerberTools/GerberLibrary.Core/GerberLibrary.Core.csproj]
/Users/admin/Projects/GerberTools/GerberLibrary.Core/Core/PolyLineSet.cs(49,73): error CS0234: The type or namespace name 'GerberLibrary' does not exist in the namespace 'GerberLibrary.Core' (are you missing an assembly reference?) [/Users/admin/Projects/GerberTools/GerberLibrary.Core/GerberLibrary.Core.csproj]
/Users/admin/Projects/GerberTools/GerberLibrary.Core/Core/GerberPanel.cs(682,38): error CS1503: Argument 1: cannot convert from 'GerberLibrary.Core.Primitives.PointD' to 'SixLabors.ImageSharp.PointF' [/Users/admin/Projects/GerberTools/GerberLibrary.Core/GerberLibrary.Core.csproj]
/Users/admin/Projects/GerberTools/GerberLibrary.Core/Core/GerberPanel.cs(765,50): error CS0104: 'Path' is an ambiguous reference between 'SixLabors.ImageSharp.Drawing.Path' and 'System.IO.Path' [/Users/admin/Projects/GerberTools/GerberLibrary.Core/GerberLibrary.Core.csproj]
/Users/admin/Projects/GerberTools/GerberLibrary.Core/Core/GerberPanel.cs(765,36): error CS1061: 'GraphicsInterface' does not contain a definition for 'MeasureString' and no accessible extension method 'MeasureString' accepting a first argument of type 'GraphicsInterface' could be found (are you missing a using directive or an assembly reference?) [/Users/admin/Projects/GerberTools/GerberLibrary.Core/GerberLibrary.Core.csproj]
/Users/admin/Projects/GerberTools/GerberLibrary.Core/Core/GerberPanel.cs(772,58): error CS0104: 'Path' is an ambiguous reference between 'SixLabors.ImageSharp.Drawing.Path' and 'System.IO.Path' [/Users/admin/Projects/GerberTools/GerberLibrary.Core/GerberLibrary.Core.csproj]
/Users/admin/Projects/GerberTools/GerberLibrary.Core/Core/GerberPanel.cs(837,33): error CS1503: Argument 1: cannot convert from 'SixLabors.ImageSharp.Color' to 'GerberLibrary.Core.Primitives.SolidBrush' [/Users/admin/Projects/GerberTools/GerberLibrary.Core/GerberLibrary.Core.csproj]
/Users/admin/Projects/GerberTools/GerberLibrary.Core/Core/GerberPanel.cs(853,53): error CS0117: 'InterpolationMode' does not contain a definition for 'High' [/Users/admin/Projects/GerberTools/GerberLibrary.Core/GerberLibrary.Core.csproj]
/Users/admin/Projects/GerberTools/GerberLibrary.Core/Core/ImageCreator.cs(518,17): error CS0246: The type or namespace name 'Primitives' could not be found (are you missing a using directive or an assembly reference?) [/Users/admin/Projects/GerberTools/GerberLibrary.Core/GerberLibrary.Core.csproj]
/Users/admin/Projects/GerberTools/GerberLibrary.Core/Core/ImageCreator.cs(518,40): error CS0246: The type or namespace name 'Primitives' could not be found (are you missing a using directive or an assembly reference?) [/Users/admin/Projects/GerberTools/GerberLibrary.Core/GerberLibrary.Core.csproj]
/Users/admin/Projects/GerberTools/GerberLibrary.Core/EagleThings/BoardRenderer.cs(205,33): error CS0144: Cannot create an instance of the abstract type or interface 'Pen' [/Users/admin/Projects/GerberTools/GerberLibrary.Core/GerberLibrary.Core.csproj]
/Users/admin/Projects/GerberTools/GerberLibrary.Core/EagleThings/BoardRenderer.cs(206,32): error CS0144: Cannot create an instance of the abstract type or interface 'Pen' [/Users/admin/Projects/GerberTools/GerberLibrary.Core/GerberLibrary.Core.csproj]
/Users/admin/Projects/GerberTools/GerberLibrary.Core/EagleThings/BoardRenderer.cs(209,36): error CS1503: Argument 1: cannot convert from 'SixLabors.ImageSharp.Drawing.Processing.Pen' to 'GerberLibrary.Core.Primitives.Pen' [/Users/admin/Projects/GerberTools/GerberLibrary.Core/GerberLibrary.Core.csproj]
/Users/admin/Projects/GerberTools/GerberLibrary.Core/EagleThings/BoardRenderer.cs(213,36): error CS1503: Argument 1: cannot convert from 'SixLabors.ImageSharp.Drawing.Processing.Pen' to 'GerberLibrary.Core.Primitives.Pen' [/Users/admin/Projects/GerberTools/GerberLibrary.Core/GerberLibrary.Core.csproj]
/Users/admin/Projects/GerberTools/GerberLibrary.Core/EagleThings/BoardRenderer.cs(230,46): error CS1061: 'Color' does not contain a definition for 'R' and no accessible extension method 'R' accepting a first argument of type 'Color' could be found (are you missing a using directive or an assembly reference?) [/Users/admin/Projects/GerberTools/GerberLibrary.Core/GerberLibrary.Core.csproj]
/Users/admin/Projects/GerberTools/GerberLibrary.Core/EagleThings/BoardRenderer.cs(230,51): error CS1061: 'Color' does not contain a definition for 'G' and no accessible extension method 'G' accepting a first argument of type 'Color' could be found (are you missing a using directive or an assembly reference?) [/Users/admin/Projects/GerberTools/GerberLibrary.Core/GerberLibrary.Core.csproj]
/Users/admin/Projects/GerberTools/GerberLibrary.Core/EagleThings/BoardRenderer.cs(230,56): error CS1061: 'Color' does not contain a definition for 'B' and no accessible extension method 'B' accepting a first argument of type 'Color' could be found (are you missing a using directive or an assembly reference?) [/Users/admin/Projects/GerberTools/GerberLibrary.Core/GerberLibrary.Core.csproj]
/Users/admin/Projects/GerberTools/GerberLibrary.Core/EagleThings/BoardRenderer.cs(241,40): error CS1061: 'PathBuilder' does not contain a definition for 'AddPolygon' and no accessible extension method 'AddPolygon' accepting a first argument of type 'PathBuilder' could be found (are you missing a using directive or an assembly reference?) [/Users/admin/Projects/GerberTools/GerberLibrary.Core/GerberLibrary.Core.csproj]
/Users/admin/Projects/GerberTools/GerberLibrary.Core/EagleThings/BoardRenderer.cs(243,40): error CS1503: Argument 1: cannot convert from 'SixLabors.ImageSharp.Drawing.Processing.SolidBrush' to 'GerberLibrary.Core.Primitives.SolidBrush' [/Users/admin/Projects/GerberTools/GerberLibrary.Core/GerberLibrary.Core.csproj]
/Users/admin/Projects/GerberTools/GerberLibrary.Core/EagleThings/BoardRenderer.cs(263,60): error CS1503: Argument 3: cannot convert from 'SixLabors.ImageSharp.Drawing.Processing.SolidBrush' to 'GerberLibrary.Core.Primitives.SolidBrush' [/Users/admin/Projects/GerberTools/GerberLibrary.Core/GerberLibrary.Core.csproj]
/Users/admin/Projects/GerberTools/GerberLibrary.Core/EagleThings/BoardRenderer.cs(270,37): error CS0144: Cannot create an instance of the abstract type or interface 'Pen' [/Users/admin/Projects/GerberTools/GerberLibrary.Core/GerberLibrary.Core.csproj]
/Users/admin/Projects/GerberTools/GerberLibrary.Core/EagleThings/BoardRenderer.cs(294,37): error CS0246: The type or namespace name 'GraphicsPath' could not be found (are you missing a using directive or an assembly reference?) [/Users/admin/Projects/GerberTools/GerberLibrary.Core/GerberLibrary.Core.csproj]
/Users/admin/Projects/GerberTools/GerberLibrary.Core/EagleThings/BoardRenderer.cs(294,61): error CS0246: The type or namespace name 'GraphicsPath' could not be found (are you missing a using directive or an assembly reference?) [/Users/admin/Projects/GerberTools/GerberLibrary.Core/GerberLibrary.Core.csproj]
/Users/admin/Projects/GerberTools/GerberLibrary.Core/EagleThings/BoardRenderer.cs(297,52): error CS0117: 'FontFamily' does not contain a definition for 'GenericSansSerif' [/Users/admin/Projects/GerberTools/GerberLibrary.Core/GerberLibrary.Core.csproj]
/Users/admin/Projects/GerberTools/GerberLibrary.Core/EagleThings/BoardRenderer.cs(301,41): error CS0103: The name 'SF' does not exist in the current context [/Users/admin/Projects/GerberTools/GerberLibrary.Core/GerberLibrary.Core.csproj]
/Users/admin/Projects/GerberTools/GerberLibrary.Core/Core/ImageCreator.cs(573,13): error CS0246: The type or namespace name 'Primitives' could not be found (are you missing a using directive or an assembly reference?) [/Users/admin/Projects/GerberTools/GerberLibrary.Core/GerberLibrary.Core.csproj]
/Users/admin/Projects/GerberTools/GerberLibrary.Core/Core/ImageCreator.cs(573,36): error CS0246: The type or namespace name 'Primitives' could not be found (are you missing a using directive or an assembly reference?) [/Users/admin/Projects/GerberTools/GerberLibrary.Core/GerberLibrary.Core.csproj]
/Users/admin/Projects/GerberTools/GerberLibrary.Core/Core/GraphicsInterface.cs(99,90): error CS0234: The type or namespace name 'Pen' does not exist in the namespace 'SixLabors.ImageSharp.Drawing' (are you missing an assembly reference?) [/Users/admin/Projects/GerberTools/GerberLibrary.Core/GerberLibrary.Core.csproj]
/Users/admin/Projects/GerberTools/GerberLibrary.Core/Core/GraphicsInterface.cs(104,91): error CS0234: The type or namespace name 'Pen' does not exist in the namespace 'SixLabors.ImageSharp.Drawing' (are you missing an assembly reference?) [/Users/admin/Projects/GerberTools/GerberLibrary.Core/GerberLibrary.Core.csproj]
/Users/admin/Projects/GerberTools/GerberLibrary.Core/Core/GraphicsInterface.cs(104,34): error CS1061: 'IImageProcessingContext' does not contain a definition for 'DrawLines' and no accessible extension method 'DrawLines' accepting a first argument of type 'IImageProcessingContext' could be found (are you missing a using directive or an assembly reference?) [/Users/admin/Projects/GerberTools/GerberLibrary.Core/GerberLibrary.Core.csproj]
/Users/admin/Projects/GerberTools/GerberLibrary.Core/Core/GraphicsInterface.cs(109,94): error CS0234: The type or namespace name 'Pen' does not exist in the namespace 'SixLabors.ImageSharp.Drawing' (are you missing an assembly reference?) [/Users/admin/Projects/GerberTools/GerberLibrary.Core/GerberLibrary.Core.csproj]
/Users/admin/Projects/GerberTools/GerberLibrary.Core/Core/GraphicsInterface.cs(124,90): error CS0234: The type or namespace name 'Pen' does not exist in the namespace 'SixLabors.ImageSharp.Drawing' (are you missing an assembly reference?) [/Users/admin/Projects/GerberTools/GerberLibrary.Core/GerberLibrary.Core.csproj]
/Users/admin/Projects/GerberTools/GerberLibrary.Core/Core/GraphicsInterface.cs(129,43): error CS1061: 'PathBuilder' does not contain a definition for 'AddEllipse' and no accessible extension method 'AddEllipse' accepting a first argument of type 'PathBuilder' could be found (are you missing a using directive or an assembly reference?) [/Users/admin/Projects/GerberTools/GerberLibrary.Core/GerberLibrary.Core.csproj]
/Users/admin/Projects/GerberTools/GerberLibrary.Core/Core/GraphicsInterface.cs(130,91): error CS0234: The type or namespace name 'Pen' does not exist in the namespace 'SixLabors.ImageSharp.Drawing' (are you missing an assembly reference?) [/Users/admin/Projects/GerberTools/GerberLibrary.Core/GerberLibrary.Core.csproj]
/Users/admin/Projects/GerberTools/GerberLibrary.Core/Core/Helpers.cs(26,28): error CS0104: 'Pen' is an ambiguous reference between 'GerberLibrary.Core.Primitives.Pen' and 'SixLabors.ImageSharp.Drawing.Processing.Pen' [/Users/admin/Projects/GerberTools/GerberLibrary.Core/GerberLibrary.Core.csproj]
/Users/admin/Projects/GerberTools/GerberLibrary.Core/EagleThings/BoardRenderer.cs(430,37): error CS0128: A local variable or function named 'P' is already defined in this scope [/Users/admin/Projects/GerberTools/GerberLibrary.Core/GerberLibrary.Core.csproj]
/Users/admin/Projects/GerberTools/GerberLibrary.Core/EagleThings/BoardRenderer.cs(453,96): error CS1503: Argument 2: cannot convert from 'System.Collections.Generic.List<System.Drawing.PointF>' to 'System.Collections.Generic.List<SixLabors.ImageSharp.PointF>' [/Users/admin/Projects/GerberTools/GerberLibrary.Core/GerberLibrary.Core.csproj]
/Users/admin/Projects/GerberTools/GerberLibrary.Core/EagleThings/BoardRenderer.cs(467,46): error CS1503: Argument 1: cannot convert from 'System.Collections.Generic.List<System.Drawing.PointF>' to 'System.Collections.Generic.IEnumerable<SixLabors.ImageSharp.PointF>' [/Users/admin/Projects/GerberTools/GerberLibrary.Core/GerberLibrary.Core.csproj]
/Users/admin/Projects/GerberTools/GerberLibrary.Core/Core/GraphicsInterface.cs(135,43): error CS1061: 'PathBuilder' does not contain a definition for 'AddEllipse' and no accessible extension method 'AddEllipse' accepting a first argument of type 'PathBuilder' could be found (are you missing a using directive or an assembly reference?) [/Users/admin/Projects/GerberTools/GerberLibrary.Core/GerberLibrary.Core.csproj]
/Users/admin/Projects/GerberTools/GerberLibrary.Core/Core/GraphicsInterface.cs(141,43): error CS1501: No overload for method 'AddArc' takes 3 arguments [/Users/admin/Projects/GerberTools/GerberLibrary.Core/GerberLibrary.Core.csproj]
/Users/admin/Projects/GerberTools/GerberLibrary.Core/Core/GraphicsInterface.cs(142,91): error CS0234: The type or namespace name 'Pen' does not exist in the namespace 'SixLabors.ImageSharp.Drawing' (are you missing an assembly reference?) [/Users/admin/Projects/GerberTools/GerberLibrary.Core/GerberLibrary.Core.csproj]
/Users/admin/Projects/GerberTools/GerberLibrary.Core/Core/ImageCreator.cs(750,36): error CS0246: The type or namespace name 'Primitives' could not be found (are you missing a using directive or an assembly reference?) [/Users/admin/Projects/GerberTools/GerberLibrary.Core/GerberLibrary.Core.csproj]
/Users/admin/Projects/GerberTools/GerberLibrary.Core/Core/ImageCreator.cs(794,34): error CS0246: The type or namespace name 'Primitives' could not be found (are you missing a using directive or an assembly reference?) [/Users/admin/Projects/GerberTools/GerberLibrary.Core/GerberLibrary.Core.csproj]
/Users/admin/Projects/GerberTools/GerberLibrary.Core/Core/ImageCreator.cs(811,34): error CS0246: The type or namespace name 'Primitives' could not be found (are you missing a using directive or an assembly reference?) [/Users/admin/Projects/GerberTools/GerberLibrary.Core/GerberLibrary.Core.csproj]
/Users/admin/Projects/GerberTools/GerberLibrary.Core/Core/Helpers.cs(70,20): error CS1061: 'Color' does not contain a definition for 'ToRgba32' and no accessible extension method 'ToRgba32' accepting a first argument of type 'Color' could be found (are you missing a using directive or an assembly reference?) [/Users/admin/Projects/GerberTools/GerberLibrary.Core/GerberLibrary.Core.csproj]
/Users/admin/Projects/GerberTools/GerberLibrary.Core/Core/GraphicsInterface.cs(156,40): error CS1503: Argument 3: cannot convert from 'SixLabors.ImageSharp.Point' to 'SixLabors.ImageSharp.Rectangle' [/Users/admin/Projects/GerberTools/GerberLibrary.Core/GerberLibrary.Core.csproj]
/Users/admin/Projects/GerberTools/GerberLibrary.Core/Core/GraphicsInterface.cs(156,67): error CS1503: Argument 4: cannot convert from 'SixLabors.ImageSharp.Drawing.Processing.DrawingOptions' to 'float' [/Users/admin/Projects/GerberTools/GerberLibrary.Core/GerberLibrary.Core.csproj]
/Users/admin/Projects/GerberTools/GerberLibrary.Core/Core/GraphicsInterface.cs(181,91): error CS0234: The type or namespace name 'Pen' does not exist in the namespace 'SixLabors.ImageSharp.Drawing' (are you missing an assembly reference?) [/Users/admin/Projects/GerberTools/GerberLibrary.Core/GerberLibrary.Core.csproj]
/Users/admin/Projects/GerberTools/GerberLibrary.Core/Core/GraphicsInterface.cs(192,62): error CS1503: Argument 3: cannot convert from 'SixLabors.Fonts.TextOptions' to 'string' [/Users/admin/Projects/GerberTools/GerberLibrary.Core/GerberLibrary.Core.csproj]
/Users/admin/Projects/GerberTools/GerberLibrary.Core/Core/GraphicsInterface.cs(192,71): error CS1503: Argument 4: cannot convert from 'string' to 'SixLabors.Fonts.Font' [/Users/admin/Projects/GerberTools/GerberLibrary.Core/GerberLibrary.Core.csproj]
/Users/admin/Projects/GerberTools/GerberLibrary.Core/Core/GraphicsInterface.cs(192,77): error CS1503: Argument 5: cannot convert from 'SixLabors.ImageSharp.Drawing.Processing.SolidBrush' to 'SixLabors.ImageSharp.Color' [/Users/admin/Projects/GerberTools/GerberLibrary.Core/GerberLibrary.Core.csproj]
/Users/admin/Projects/GerberTools/GerberLibrary.Core/Core/GraphicsInterface.cs(192,146): error CS1503: Argument 6: cannot convert from '<null>' to 'SixLabors.ImageSharp.PointF' [/Users/admin/Projects/GerberTools/GerberLibrary.Core/GerberLibrary.Core.csproj]
/Users/admin/Projects/GerberTools/GerberLibrary.Core/Core/ParsedGerber.cs(273,30): error CS0103: The name 'Color' does not exist in the current context [/Users/admin/Projects/GerberTools/GerberLibrary.Core/GerberLibrary.Core.csproj]
/Users/admin/Projects/GerberTools/GerberLibrary.Core/Core/GerberPanel.cs(1673,32): error CS0104: 'Path' is an ambiguous reference between 'SixLabors.ImageSharp.Drawing.Path' and 'System.IO.Path' [/Users/admin/Projects/GerberTools/GerberLibrary.Core/GerberLibrary.Core.csproj]
/Users/admin/Projects/GerberTools/GerberLibrary.Core/Core/GerberPanel.cs(1674,34): error CS0104: 'Path' is an ambiguous reference between 'SixLabors.ImageSharp.Drawing.Path' and 'System.IO.Path' [/Users/admin/Projects/GerberTools/GerberLibrary.Core/GerberLibrary.Core.csproj]
/Users/admin/Projects/GerberTools/GerberLibrary.Core/Core/GerberPanel.cs(1688,66): error CS0104: 'Path' is an ambiguous reference between 'SixLabors.ImageSharp.Drawing.Path' and 'System.IO.Path' [/Users/admin/Projects/GerberTools/GerberLibrary.Core/GerberLibrary.Core.csproj]
/Users/admin/Projects/GerberTools/GerberLibrary.Core/Core/ImageCreator.cs(1391,21): error CS0103: The name 'ForceWhite' does not exist in the current context [/Users/admin/Projects/GerberTools/GerberLibrary.Core/GerberLibrary.Core.csproj]
/Users/admin/Projects/GerberTools/GerberLibrary.Core/Core/GerberPanel.cs(1735,32): error CS0104: 'Path' is an ambiguous reference between 'SixLabors.ImageSharp.Drawing.Path' and 'System.IO.Path' [/Users/admin/Projects/GerberTools/GerberLibrary.Core/GerberLibrary.Core.csproj]
/Users/admin/Projects/GerberTools/GerberLibrary.Core/Core/GerberPanel.cs(1754,30): error CS0104: 'Path' is an ambiguous reference between 'SixLabors.ImageSharp.Drawing.Path' and 'System.IO.Path' [/Users/admin/Projects/GerberTools/GerberLibrary.Core/GerberLibrary.Core.csproj]
/Users/admin/Projects/GerberTools/GerberLibrary.Core/Core/GerberPanel.cs(1807,47): error CS0104: 'Path' is an ambiguous reference between 'SixLabors.ImageSharp.Drawing.Path' and 'System.IO.Path' [/Users/admin/Projects/GerberTools/GerberLibrary.Core/GerberLibrary.Core.csproj]
/Users/admin/Projects/GerberTools/GerberLibrary.Core/Core/GerberPanel.cs(1819,51): error CS0104: 'Path' is an ambiguous reference between 'SixLabors.ImageSharp.Drawing.Path' and 'System.IO.Path' [/Users/admin/Projects/GerberTools/GerberLibrary.Core/GerberLibrary.Core.csproj]
/Users/admin/Projects/GerberTools/GerberLibrary.Core/Core/GerberPanel.cs(1843,38): error CS0104: 'Path' is an ambiguous reference between 'SixLabors.ImageSharp.Drawing.Path' and 'System.IO.Path' [/Users/admin/Projects/GerberTools/GerberLibrary.Core/GerberLibrary.Core.csproj]
/Users/admin/Projects/GerberTools/GerberLibrary.Core/Core/GerberPanel.cs(1866,111): error CS0104: 'Path' is an ambiguous reference between 'SixLabors.ImageSharp.Drawing.Path' and 'System.IO.Path' [/Users/admin/Projects/GerberTools/GerberLibrary.Core/GerberLibrary.Core.csproj]
/Users/admin/Projects/GerberTools/GerberLibrary.Core/Core/GerberPanel.cs(1905,41): error CS0104: 'Path' is an ambiguous reference between 'SixLabors.ImageSharp.Drawing.Path' and 'System.IO.Path' [/Users/admin/Projects/GerberTools/GerberLibrary.Core/GerberLibrary.Core.csproj]
/Users/admin/Projects/GerberTools/GerberLibrary.Core/Core/ImageCreator.cs(1512,27): error CS1061: 'GraphicsInterface' does not contain a definition for 'CompositingMode' and no accessible extension method 'CompositingMode' accepting a first argument of type 'GraphicsInterface' could be found (are you missing a using directive or an assembly reference?) [/Users/admin/Projects/GerberTools/GerberLibrary.Core/GerberLibrary.Core.csproj]
/Users/admin/Projects/GerberTools/GerberLibrary.Core/Core/ImageCreator.cs(1512,45): error CS1069: The type name 'CompositingMode' could not be found in the namespace 'System.Drawing.Drawing2D'. This type has been forwarded to assembly 'System.Drawing.Common, Version=0.0.0.0, Culture=neutral, PublicKeyToken=cc7b13ffcd2ddd51' Consider adding a reference to that assembly. [/Users/admin/Projects/GerberTools/GerberLibrary.Core/GerberLibrary.Core.csproj]
/Users/admin/Projects/GerberTools/GerberLibrary.Core/Core/ImageCreator.cs(1514,27): error CS1061: 'GraphicsInterface' does not contain a definition for 'CompositingMode' and no accessible extension method 'CompositingMode' accepting a first argument of type 'GraphicsInterface' could be found (are you missing a using directive or an assembly reference?) [/Users/admin/Projects/GerberTools/GerberLibrary.Core/GerberLibrary.Core.csproj]
/Users/admin/Projects/GerberTools/GerberLibrary.Core/Core/ImageCreator.cs(1514,45): error CS1069: The type name 'CompositingMode' could not be found in the namespace 'System.Drawing.Drawing2D'. This type has been forwarded to assembly 'System.Drawing.Common, Version=0.0.0.0, Culture=neutral, PublicKeyToken=cc7b13ffcd2ddd51' Consider adding a reference to that assembly. [/Users/admin/Projects/GerberTools/GerberLibrary.Core/GerberLibrary.Core.csproj]
/Users/admin/Projects/GerberTools/GerberLibrary.Core/Core/Helpers.cs(1409,13): error CS0104: 'Pen' is an ambiguous reference between 'GerberLibrary.Core.Primitives.Pen' and 'SixLabors.ImageSharp.Drawing.Processing.Pen' [/Users/admin/Projects/GerberTools/GerberLibrary.Core/GerberLibrary.Core.csproj]
/Users/admin/Projects/GerberTools/GerberLibrary.Core/Core/Helpers.cs(1409,25): error CS0104: 'Pen' is an ambiguous reference between 'GerberLibrary.Core.Primitives.Pen' and 'SixLabors.ImageSharp.Drawing.Processing.Pen' [/Users/admin/Projects/GerberTools/GerberLibrary.Core/GerberLibrary.Core.csproj]
/Users/admin/Projects/GerberTools/GerberLibrary.Core/Core/Helpers.cs(1419,21): error CS0104: 'Pen' is an ambiguous reference between 'GerberLibrary.Core.Primitives.Pen' and 'SixLabors.ImageSharp.Drawing.Processing.Pen' [/Users/admin/Projects/GerberTools/GerberLibrary.Core/GerberLibrary.Core.csproj]
/Users/admin/Projects/GerberTools/GerberLibrary.Core/Core/BillOfMaterials.cs(2736,50): error CS0117: 'Color' does not contain a definition for 'FromArgb' [/Users/admin/Projects/GerberTools/GerberLibrary.Core/GerberLibrary.Core.csproj]
/Users/admin/Projects/GerberTools/GerberLibrary.Core/Core/BillOfMaterials.cs(2916,48): error CS0117: 'Color' does not contain a definition for 'FromArgb' [/Users/admin/Projects/GerberTools/GerberLibrary.Core/GerberLibrary.Core.csproj]
/Users/admin/Projects/GerberTools/GerberLibrary.Core/Core/BillOfMaterials.cs(3060,75): error CS0117: 'Color' does not contain a definition for 'FromArgb' [/Users/admin/Projects/GerberTools/GerberLibrary.Core/GerberLibrary.Core.csproj]
/Users/admin/Projects/GerberTools/GerberLibrary.Core/Core/BillOfMaterials.cs(3060,103): error CS0117: 'Color' does not contain a definition for 'FromArgb' [/Users/admin/Projects/GerberTools/GerberLibrary.Core/GerberLibrary.Core.csproj]
/Users/admin/Projects/GerberTools/GerberLibrary.Core/Core/BillOfMaterials.cs(3068,50): error CS0117: 'Color' does not contain a definition for 'FromArgb' [/Users/admin/Projects/GerberTools/GerberLibrary.Core/GerberLibrary.Core.csproj]
    587 Warning(s)
    182 Error(s)

Time Elapsed 00:00:00.98
